Archive member included to satisfy reference by file (symbol)

.\CortexM3\ARM_GCC_541\Debug\day2_seven.a(CyLib.o)
                              .\CortexM3\ARM_GCC_541\Debug\Cm3Start.o (CyHalt)
.\CortexM3\ARM_GCC_541\Debug\day2_seven.a(cyPm.o)
                              .\CortexM3\ARM_GCC_541\Debug\day2_seven.a(CyLib.o) (CyPmReadStatus)
.\CortexM3\ARM_GCC_541\Debug\day2_seven.a(Pin_LedRed.o)
                              .\CortexM3\ARM_GCC_541\Debug\led.o (Pin_LedRed_Write)
.\CortexM3\ARM_GCC_541\Debug\day2_seven.a(Pin_LedGreen.o)
                              .\CortexM3\ARM_GCC_541\Debug\led.o (Pin_LedGreen_Write)
.\CortexM3\ARM_GCC_541\Debug\day2_seven.a(Pin_LedYellow.o)
                              .\CortexM3\ARM_GCC_541\Debug\led.o (Pin_LedYellow_Write)
.\CortexM3\ARM_GCC_541\Debug\day2_seven.a(ISR_Button1.o)
                              .\CortexM3\ARM_GCC_541\Debug\main.o (ISR_Button1_Start)
.\CortexM3\ARM_GCC_541\Debug\day2_seven.a(ISR_Button2.o)
                              .\CortexM3\ARM_GCC_541\Debug\main.o (ISR_Button2_Start)
.\CortexM3\ARM_GCC_541\Debug\day2_seven.a(ISR_Button3.o)
                              .\CortexM3\ARM_GCC_541\Debug\main.o (ISR_Button3_Start)
.\CortexM3\ARM_GCC_541\Debug\day2_seven.a(ISR_Button4.o)
                              .\CortexM3\ARM_GCC_541\Debug\main.o (ISR_Button4_Start)
.\CortexM3\ARM_GCC_541\Debug\day2_seven.a(Pin_Seg1_A.o)
                              .\CortexM3\ARM_GCC_541\Debug\seven.o (Pin_Seg1_A_Write)
.\CortexM3\ARM_GCC_541\Debug\day2_seven.a(Pin_Seg1_B.o)
                              .\CortexM3\ARM_GCC_541\Debug\seven.o (Pin_Seg1_B_Write)
.\CortexM3\ARM_GCC_541\Debug\day2_seven.a(Pin_Seg1_C.o)
                              .\CortexM3\ARM_GCC_541\Debug\seven.o (Pin_Seg1_C_Write)
.\CortexM3\ARM_GCC_541\Debug\day2_seven.a(Pin_Seg1_D.o)
                              .\CortexM3\ARM_GCC_541\Debug\seven.o (Pin_Seg1_D_Write)
.\CortexM3\ARM_GCC_541\Debug\day2_seven.a(Pin_Seg1_E.o)
                              .\CortexM3\ARM_GCC_541\Debug\seven.o (Pin_Seg1_E_Write)
.\CortexM3\ARM_GCC_541\Debug\day2_seven.a(Pin_Seg1_F.o)
                              .\CortexM3\ARM_GCC_541\Debug\seven.o (Pin_Seg1_F_Write)
.\CortexM3\ARM_GCC_541\Debug\day2_seven.a(Pin_Seg1_G.o)
                              .\CortexM3\ARM_GCC_541\Debug\seven.o (Pin_Seg1_G_Write)
.\CortexM3\ARM_GCC_541\Debug\day2_seven.a(Pin_Select.o)
                              .\CortexM3\ARM_GCC_541\Debug\seven.o (Pin_Select_Write)
.\CortexM3\ARM_GCC_541\Debug\day2_seven.a(Pin_Display.o)
                              .\CortexM3\ARM_GCC_541\Debug\seven.o (Pin_Display_Write)
.\CortexM3\ARM_GCC_541\Debug\day2_seven.a(UART_1.o)
                              .\CortexM3\ARM_GCC_541\Debug\main.o (UART_1_Start)
.\CortexM3\ARM_GCC_541\Debug\day2_seven.a(UART_1_IntClock.o)
                              .\CortexM3\ARM_GCC_541\Debug\day2_seven.a(UART_1.o) (UART_1_IntClock_Start)
.\CortexM3\ARM_GCC_541\Debug\day2_seven.a(CyBootAsmGnu.o)
                              .\CortexM3\ARM_GCC_541\Debug\cyfitter_cfg.o (CyDelayCycles)
.\CortexM3\ARM_GCC_541\Debug\day2_seven.a(CyFlash.o)
                              .\CortexM3\ARM_GCC_541\Debug\day2_seven.a(cyPm.o) (CyFlash_SetWaitCycles)
.\CortexM3\ARM_GCC_541\Debug\day2_seven.a(CySpc.o)
                              .\CortexM3\ARM_GCC_541\Debug\day2_seven.a(CyFlash.o) (CySpcStart)
c:/program files (x86)/cypress/psoc creator/4.2/psoc creator/import/gnu/arm/5.4.1/bin/../lib/gcc/arm-none-eabi/5.4.1/../../../../arm-none-eabi/lib/armv7-m\libg_nano.a(lib_a-errno.o)
                              .\CortexM3\ARM_GCC_541\Debug\Cm3Start.o (__errno)
c:/program files (x86)/cypress/psoc creator/4.2/psoc creator/import/gnu/arm/5.4.1/bin/../lib/gcc/arm-none-eabi/5.4.1/../../../../arm-none-eabi/lib/armv7-m\libg_nano.a(lib_a-exit.o)
                              c:/program files (x86)/cypress/psoc creator/4.2/psoc creator/import/gnu/arm/5.4.1/bin/../lib/gcc/arm-none-eabi/5.4.1/../../../../arm-none-eabi/lib/armv7-m/crt0.o (exit)
c:/program files (x86)/cypress/psoc creator/4.2/psoc creator/import/gnu/arm/5.4.1/bin/../lib/gcc/arm-none-eabi/5.4.1/../../../../arm-none-eabi/lib/armv7-m\libg_nano.a(lib_a-impure.o)
                              c:/program files (x86)/cypress/psoc creator/4.2/psoc creator/import/gnu/arm/5.4.1/bin/../lib/gcc/arm-none-eabi/5.4.1/../../../../arm-none-eabi/lib/armv7-m\libg_nano.a(lib_a-exit.o) (_global_impure_ptr)
c:/program files (x86)/cypress/psoc creator/4.2/psoc creator/import/gnu/arm/5.4.1/bin/../lib/gcc/arm-none-eabi/5.4.1/../../../../arm-none-eabi/lib/armv7-m\libg_nano.a(lib_a-init.o)
                              c:/program files (x86)/cypress/psoc creator/4.2/psoc creator/import/gnu/arm/5.4.1/bin/../lib/gcc/arm-none-eabi/5.4.1/../../../../arm-none-eabi/lib/armv7-m/crt0.o (__libc_init_array)
[...]
Memory Configuration

Name             Origin             Length             Attributes
rom              0x00000000         0x00040000         xr
ram              0x1fff8000         0x00010000         xrw
*default*        0x00000000         0xffffffff

Linker script and memory map

LOAD c:/program files (x86)/cypress/psoc creator/4.2/psoc creator/import/gnu/arm/5.4.1/bin/../lib/gcc/arm-none-eabi/5.4.1/armv7-m/crti.o
LOAD c:/program files (x86)/cypress/psoc creator/4.2/psoc creator/import/gnu/arm/5.4.1/bin/../lib/gcc/arm-none-eabi/5.4.1/armv7-m/crtbegin.o
LOAD c:/program files (x86)/cypress/psoc creator/4.2/psoc creator/import/gnu/arm/5.4.1/bin/../lib/gcc/arm-none-eabi/5.4.1/../../../../arm-none-eabi/lib/armv7-m/crt0.o
START GROUP
LOAD .\CortexM3\ARM_GCC_541\Debug\main.o
LOAD .\CortexM3\ARM_GCC_541\Debug\led.o
LOAD .\CortexM3\ARM_GCC_541\Debug\seven.o
LOAD .\CortexM3\ARM_GCC_541\Debug\uart.o
LOAD .\CortexM3\ARM_GCC_541\Debug\Button.o
LOAD .\CortexM3\ARM_GCC_541\Debug\cyfitter_cfg.o
LOAD .\CortexM3\ARM_GCC_541\Debug\cymetadata.o
LOAD .\CortexM3\ARM_GCC_541\Debug\Cm3Start.o
LOAD .\CortexM3\ARM_GCC_541\Debug\day2_seven.a
LOAD C:\Program Files (x86)\Cypress\PSoC Creator\4.2\PSoC Creator\psoc\content\cycomponentlibrary\CyComponentLibrary.cylib\CortexM3\ARM_GCC_541\Debug\CyComponentLibrary.a
END GROUP
START GROUP
LOAD c:/program files (x86)/cypress/psoc creator/4.2/psoc creator/import/gnu/arm/5.4.1/bin/../lib/gcc/arm-none-eabi/5.4.1/armv7-m\libgcc.a
LOAD c:/program files (x86)/cypress/psoc creator/4.2/psoc creator/import/gnu/arm/5.4.1/bin/../lib/gcc/arm-none-eabi/5.4.1/../../../../arm-none-eabi/lib/armv7-m\libg_nano.a
LOAD c:/program files (x86)/cypress/psoc creator/4.2/psoc creator/import/gnu/arm/5.4.1/bin/../lib/gcc/arm-none-eabi/5.4.1/../../../../arm-none-eabi/lib/armv7-m\libc_nano.a
END GROUP
START GROUP
LOAD c:/program files (x86)/cypress/psoc creator/4.2/psoc creator/import/gnu/arm/5.4.1/bin/../lib/gcc/arm-none-eabi/5.4.1/armv7-m\libgcc.a
LOAD c:/program files (x86)/cypress/psoc creator/4.2/psoc creator/import/gnu/arm/5.4.1/bin/../lib/gcc/arm-none-eabi/5.4.1/../../../../arm-none-eabi/lib/armv7-m\libc_nano.a
END GROUP
LOAD c:/program files (x86)/cypress/psoc creator/4.2/psoc creator/import/gnu/arm/5.4.1/bin/../lib/gcc/arm-none-eabi/5.4.1/armv7-m/crtend.o
LOAD c:/program files (x86)/cypress/psoc creator/4.2/psoc creator/import/gnu/arm/5.4.1/bin/../lib/gcc/arm-none-eabi/5.4.1/armv7-m/crtn.o
START GROUP
LOAD c:/program files (x86)/cypress/psoc creator/4.2/psoc creator/import/gnu/arm/5.4.1/bin/../lib/gcc/arm-none-eabi/5.4.1/armv7-m\libgcc.a
LOAD c:/program files (x86)/cypress/psoc creator/4.2/psoc creator/import/gnu/arm/5.4.1/bin/../lib/gcc/arm-none-eabi/5.4.1/../../../../arm-none-eabi/lib/armv7-m\libc.a
LOAD c:/program files (x86)/cypress/psoc creator/4.2/psoc creator/import/gnu/arm/5.4.1/bin/../lib/gcc/arm-none-eabi/5.4.1/../../../../arm-none-eabi/lib/armv7-m\libnosys.a
END GROUP
                0x00000000                CY_APPL_ORIGIN = 0x0
                0x00000100                CY_FLASH_ROW_SIZE = 0x100
                0x00000020                CY_ECC_ROW_SIZE = 0x20
                0x00000000                CY_EE_IN_BTLDR = 0x0
                0x00000000                CY_APPL_LOADABLE = 0x0
                0x00000800                CY_EE_SIZE = 0x800
                0x00000001                CY_APPL_NUM = 0x1
                0x00000001                CY_APPL_MAX = 0x1
                0x00000040                CY_METADATA_SIZE = 0x40
                0x00000000                CY_APPL_LOADABLE = 0x0
                0x00000000                CY_CHECKSUM_EXCLUDE_SIZE = ALIGN (0x0, CY_FLASH_ROW_SIZE)
                [!provide]                PROVIDE (__cy_heap_start, _end)
                0x00000001                PROVIDE (__cy_region_num, ((__cy_regions_end - __cy_regions) / 0x10))
                0x20008000                PROVIDE (__cy_stack, (ORIGIN (ram) + LENGTH (ram)))
                [!provide]                PROVIDE (__cy_heap_end, (__cy_stack - 0x800))

.cybootloader   0x00000000        0x0
 *(.cybootloader)
                0x00000000                appl1_start = CY_APPL_ORIGIN?CY_APPL_ORIGIN:ALIGN (CY_FLASH_ROW_SIZE)
                0x0001ff00                appl2_start = (appl1_start + ALIGN ((((LENGTH (rom) - appl1_start) - (0x2 * CY_FLASH_ROW_SIZE)) / 0x2), CY_FLASH_ROW_SIZE))
                0x00000000                appl_start = (CY_APPL_NUM == 0x1)?appl1_start:appl2_start
                0x00000000                ecc_offset = ((appl_start / CY_FLASH_ROW_SIZE) * CY_ECC_ROW_SIZE)
                0x00000000                ee_offset = (CY_APPL_LOADABLE && ! (CY_EE_IN_BTLDR))?((CY_EE_SIZE / CY_APPL_MAX) * (CY_APPL_NUM - 0x1)):0x0
                0x00000800                ee_size = (CY_APPL_LOADABLE && ! (CY_EE_IN_BTLDR))?(CY_EE_SIZE / CY_APPL_MAX):CY_EE_SIZE
                [!provide]                PROVIDE (CY_ECC_OFFSET, ecc_offset)

.text           0x00000000      0x8de
 CREATE_OBJECT_SYMBOLS
                0x00000000                PROVIDE (__cy_interrupt_vector, RomVectors)
 *(.romvectors)
 .romvectors    0x00000000       0x10 .\CortexM3\ARM_GCC_541\Debug\Cm3Start.o
                0x00000000                RomVectors
                0x00000001                ASSERT ((. != __cy_interrupt_vector), No interrupt vector)
                0x00000001                ASSERT (CY_APPL_ORIGIN?(SIZEOF (.cybootloader) <= CY_APPL_ORIGIN):0x1, Wrong image location)
                0x00000010                PROVIDE (__cy_reset, Reset)
 *(.text.Reset)
 .text.Reset    0x00000010       0x18 .\CortexM3\ARM_GCC_541\Debug\Cm3Start.o
                0x00000010                Reset
                0x00000001                ASSERT ((. != __cy_reset), No reset code)
 *(.dma_init)
                0x00000001                ASSERT ((((appl_start + .) <= 0x10000) || 0x1), DMA Init must be within the first 64k of flash)
 *(.text .text.* .gnu.linkonce.t.*)
 .text          0x00000028       0x5c c:/program files (x86)/cypress/psoc creator/4.2/psoc creator/import/gnu/arm/5.4.1/bin/../lib/gcc/arm-none-eabi/5.4.1/armv7-m/crtbegin.o
 .text.main     0x00000084       0x30 .\CortexM3\ARM_GCC_541\Debug\main.o
                0x00000084                main
 .text.LEDStateChange
                0x000000b4       0x40 .\CortexM3\ARM_GCC_541\Debug\led.o
                0x000000b4                LEDStateChange
 .text.SEVEN_Set
                0x000000f4       0x38 .\CortexM3\ARM_GCC_541\Debug\seven.o
 .text.SEVEN_Write
                0x0000012c       0x1c .\CortexM3\ARM_GCC_541\Debug\seven.o
                0x0000012c                SEVEN_Write
 .text.SEVEN_init
                0x00000148       0x24 .\CortexM3\ARM_GCC_541\Debug\seven.o
                0x00000148                SEVEN_init
 .text.ISR_Button1_Callback
                0x0000016c        0xc .\CortexM3\ARM_GCC_541\Debug\Button.o
                0x0000016c                ISR_Button1_Callback
 .text.ISR_Button2_Callback
                0x00000178        0xc .\CortexM3\ARM_GCC_541\Debug\Button.o
                0x00000178                ISR_Button2_Callback
 .text.ISR_Button3_Callback
                0x00000184       0x2c .\CortexM3\ARM_GCC_541\Debug\Button.o
                0x00000184                ISR_Button3_Callback
 .text.ISR_Button4_Callback
                0x000001b0       0x38 .\CortexM3\ARM_GCC_541\Debug\Button.o
                0x000001b0                ISR_Button4_Callback
 .text.CyClockStartupError
                0x000001e8        0x4 .\CortexM3\ARM_GCC_541\Debug\cyfitter_cfg.o
 .text.cfg_write_bytes32
                0x000001ec       0x34 .\CortexM3\ARM_GCC_541\Debug\cyfitter_cfg.o
 .text.AnalogSetDefault
                0x00000220       0x28 .\CortexM3\ARM_GCC_541\Debug\cyfitter_cfg.o
 .text.CYMEMZERO
                0x00000248        0xc .\CortexM3\ARM_GCC_541\Debug\cyfitter_cfg.o
 .text.ClockSetup
                0x00000254       0xb4 .\CortexM3\ARM_GCC_541\Debug\cyfitter_cfg.o
 .text.CYCONFIGCPY
                0x00000308        0x8 .\CortexM3\ARM_GCC_541\Debug\cyfitter_cfg.o
 .text.cyfitter_cfg
                0x00000310      0x124 .\CortexM3\ARM_GCC_541\Debug\cyfitter_cfg.o
                0x00000310                cyfitter_cfg
 .text.IntDefaultHandler
                0x00000434       0x10 .\CortexM3\ARM_GCC_541\Debug\Cm3Start.o
                0x00000434                IntDefaultHandler
 .text.Start_c  0x00000444       0x4c .\CortexM3\ARM_GCC_541\Debug\Cm3Start.o
                0x00000444                Start_c
 .text.initialize_psoc
                0x00000490       0x68 .\CortexM3\ARM_GCC_541\Debug\Cm3Start.o
                0x00000490                initialize_psoc
 .text.Pin_LedRed_Write
                0x000004f8       0x18 .\CortexM3\ARM_GCC_541\Debug\day2_seven.a(Pin_LedRed.o)
                0x000004f8                Pin_LedRed_Write
 .text.Pin_LedGreen_Write
                0x00000510       0x18 .\CortexM3\ARM_GCC_541\Debug\day2_seven.a(Pin_LedGreen.o)
                0x00000510                Pin_LedGreen_Write
 .text.Pin_LedYellow_Write
                0x00000528       0x18 .\CortexM3\ARM_GCC_541\Debug\day2_seven.a(Pin_LedYellow.o)
                0x00000528                Pin_LedYellow_Write
 .text.ISR_Button1_Interrupt
                0x00000540        0x8 .\CortexM3\ARM_GCC_541\Debug\day2_seven.a(ISR_Button1.o)
                0x00000540                ISR_Button1_Interrupt
 .text.ISR_Button1_SetVector
                0x00000548        0xc .\CortexM3\ARM_GCC_541\Debug\day2_seven.a(ISR_Button1.o)
                0x00000548                ISR_Button1_SetVector
 .text.ISR_Button1_SetPriority
                0x00000554       0x10 .\CortexM3\ARM_GCC_541\Debug\day2_seven.a(ISR_Button1.o)
                0x00000554                ISR_Button1_SetPriority
 .text.ISR_Button1_Enable
                0x00000564        0xc .\CortexM3\ARM_GCC_541\Debug\day2_seven.a(ISR_Button1.o)
                0x00000564                ISR_Button1_Enable
 .text.ISR_Button1_Disable
                0x00000570        0xc .\CortexM3\ARM_GCC_541\Debug\day2_seven.a(ISR_Button1.o)
                0x00000570                ISR_Button1_Disable
 .text.ISR_Button1_Start
                0x0000057c       0x1c .\CortexM3\ARM_GCC_541\Debug\day2_seven.a(ISR_Button1.o)
                0x0000057c                ISR_Button1_Start
 .text.ISR_Button2_Interrupt
                0x00000598        0x8 .\CortexM3\ARM_GCC_541\Debug\day2_seven.a(ISR_Button2.o)
                0x00000598                ISR_Button2_Interrupt
 .text.ISR_Button2_SetVector
                0x000005a0        0xc .\CortexM3\ARM_GCC_541\Debug\day2_seven.a(ISR_Button2.o)
                0x000005a0                ISR_Button2_SetVector
 .text.ISR_Button2_SetPriority
                0x000005ac       0x10 .\CortexM3\ARM_GCC_541\Debug\day2_seven.a(ISR_Button2.o)
                0x000005ac                ISR_Button2_SetPriority
 .text.ISR_Button2_Enable
                0x000005bc        0xc .\CortexM3\ARM_GCC_541\Debug\day2_seven.a(ISR_Button2.o)
                0x000005bc                ISR_Button2_Enable
 .text.ISR_Button2_Disable
                0x000005c8        0xc .\CortexM3\ARM_GCC_541\Debug\day2_seven.a(ISR_Button2.o)
                0x000005c8                ISR_Button2_Disable
 .text.ISR_Button2_Start
                0x000005d4       0x1c .\CortexM3\ARM_GCC_541\Debug\day2_seven.a(ISR_Button2.o)
                0x000005d4                ISR_Button2_Start
 .text.ISR_Button3_Interrupt
                0x000005f0        0x8 .\CortexM3\ARM_GCC_541\Debug\day2_seven.a(ISR_Button3.o)
                0x000005f0                ISR_Button3_Interrupt
 .text.ISR_Button3_SetVector
                0x000005f8        0xc .\CortexM3\ARM_GCC_541\Debug\day2_seven.a(ISR_Button3.o)
                0x000005f8                ISR_Button3_SetVector
 .text.ISR_Button3_SetPriority
                0x00000604       0x10 .\CortexM3\ARM_GCC_541\Debug\day2_seven.a(ISR_Button3.o)
                0x00000604                ISR_Button3_SetPriority
 .text.ISR_Button3_Enable
                0x00000614        0xc .\CortexM3\ARM_GCC_541\Debug\day2_seven.a(ISR_Button3.o)
                0x00000614                ISR_Button3_Enable
 .text.ISR_Button3_Disable
                0x00000620        0xc .\CortexM3\ARM_GCC_541\Debug\day2_seven.a(ISR_Button3.o)
                0x00000620                ISR_Button3_Disable
 .text.ISR_Button3_Start
                0x0000062c       0x1c .\CortexM3\ARM_GCC_541\Debug\day2_seven.a(ISR_Button3.o)
                0x0000062c                ISR_Button3_Start
 .text.ISR_Button4_Interrupt
                0x00000648        0x8 .\CortexM3\ARM_GCC_541\Debug\day2_seven.a(ISR_Button4.o)
                0x00000648                ISR_Button4_Interrupt
 .text.ISR_Button4_SetVector
                0x00000650        0xc .\CortexM3\ARM_GCC_541\Debug\day2_seven.a(ISR_Button4.o)
                0x00000650                ISR_Button4_SetVector
 .text.ISR_Button4_SetPriority
                0x0000065c       0x10 .\CortexM3\ARM_GCC_541\Debug\day2_seven.a(ISR_Button4.o)
                0x0000065c                ISR_Button4_SetPriority
 .text.ISR_Button4_Enable
                0x0000066c        0xc .\CortexM3\ARM_GCC_541\Debug\day2_seven.a(ISR_Button4.o)
                0x0000066c                ISR_Button4_Enable
 .text.ISR_Button4_Disable
                0x00000678        0xc .\CortexM3\ARM_GCC_541\Debug\day2_seven.a(ISR_Button4.o)
                0x00000678                ISR_Button4_Disable
 .text.ISR_Button4_Start
                0x00000684       0x1c .\CortexM3\ARM_GCC_541\Debug\day2_seven.a(ISR_Button4.o)
                0x00000684                ISR_Button4_Start
 .text.Pin_Seg1_A_Write
                0x000006a0       0x18 .\CortexM3\ARM_GCC_541\Debug\day2_seven.a(Pin_Seg1_A.o)
                0x000006a0                Pin_Seg1_A_Write
 .text.Pin_Seg1_B_Write
                0x000006b8       0x18 .\CortexM3\ARM_GCC_541\Debug\day2_seven.a(Pin_Seg1_B.o)
                0x000006b8                Pin_Seg1_B_Write
 .text.Pin_Seg1_C_Write
                0x000006d0       0x18 .\CortexM3\ARM_GCC_541\Debug\day2_seven.a(Pin_Seg1_C.o)
                0x000006d0                Pin_Seg1_C_Write
 .text.Pin_Seg1_D_Write
                0x000006e8       0x18 .\CortexM3\ARM_GCC_541\Debug\day2_seven.a(Pin_Seg1_D.o)
                0x000006e8                Pin_Seg1_D_Write
 .text.Pin_Seg1_E_Write
                0x00000700       0x18 .\CortexM3\ARM_GCC_541\Debug\day2_seven.a(Pin_Seg1_E.o)
                0x00000700                Pin_Seg1_E_Write
 .text.Pin_Seg1_F_Write
                0x00000718       0x18 .\CortexM3\ARM_GCC_541\Debug\day2_seven.a(Pin_Seg1_F.o)
                0x00000718                Pin_Seg1_F_Write
 .text.Pin_Seg1_G_Write
                0x00000730       0x18 .\CortexM3\ARM_GCC_541\Debug\day2_seven.a(Pin_Seg1_G.o)
                0x00000730                Pin_Seg1_G_Write
 .text.Pin_Select_Write
                0x00000748       0x18 .\CortexM3\ARM_GCC_541\Debug\day2_seven.a(Pin_Select.o)
                0x00000748                Pin_Select_Write
 .text.Pin_Display_Write
                0x00000760       0x18 .\CortexM3\ARM_GCC_541\Debug\day2_seven.a(Pin_Display.o)
                0x00000760                Pin_Display_Write
 .text.UART_1_Init
                0x00000778       0x28 .\CortexM3\ARM_GCC_541\Debug\day2_seven.a(UART_1.o)
                0x00000778                UART_1_Init
 .text.UART_1_Enable
                0x000007a0       0x38 .\CortexM3\ARM_GCC_541\Debug\day2_seven.a(UART_1.o)
                0x000007a0                UART_1_Enable
 .text.UART_1_Start
                0x000007d8       0x1c .\CortexM3\ARM_GCC_541\Debug\day2_seven.a(UART_1.o)
                0x000007d8                UART_1_Start
 .text.UART_1_ReadRxData
                0x000007f4        0xc .\CortexM3\ARM_GCC_541\Debug\day2_seven.a(UART_1.o)
                0x000007f4                UART_1_ReadRxData
 .text.UART_1_ReadRxStatus
                0x00000800       0x10 .\CortexM3\ARM_GCC_541\Debug\day2_seven.a(UART_1.o)
                0x00000800                UART_1_ReadRxStatus
 .text.UART_1_WriteTxData
                0x00000810       0x14 .\CortexM3\ARM_GCC_541\Debug\day2_seven.a(UART_1.o)
                0x00000810                UART_1_WriteTxData
 .text.UART_1_IntClock_Start
                0x00000824       0x1c .\CortexM3\ARM_GCC_541\Debug\day2_seven.a(UART_1_IntClock.o)
                0x00000824                UART_1_IntClock_Start
 .text          0x00000840       0x20 .\CortexM3\ARM_GCC_541\Debug\day2_seven.a(CyBootAsmGnu.o)
                0x00000840                CyDelayCycles
                0x00000850                CyEnterCriticalSection
                0x00000858                CyExitCriticalSection
 .text.__errno  0x00000860        0xc c:/program files (x86)/cypress/psoc creator/4.2/psoc creator/import/gnu/arm/5.4.1/bin/../lib/gcc/arm-none-eabi/5.4.1/../../../../arm-none-eabi/lib/armv7-m\libg_nano.a(lib_a-errno.o)
                0x00000860                __errno
 .text.__libc_init_array
                0x0000086c       0x4c c:/program files (x86)/cypress/psoc creator/4.2/psoc creator/import/gnu/arm/5.4.1/bin/../lib/gcc/arm-none-eabi/5.4.1/../../../../arm-none-eabi/lib/armv7-m\libg_nano.a(lib_a-init.o)
                0x0000086c                __libc_init_array
 .text.memcpy   0x000008b8       0x16 c:/program files (x86)/cypress/psoc creator/4.2/psoc creator/import/gnu/arm/5.4.1/bin/../lib/gcc/arm-none-eabi/5.4.1/../../../../arm-none-eabi/lib/armv7-m\libg_nano.a(lib_a-memcpy-stub.o)
                0x000008b8                memcpy
 .text.memset   0x000008ce       0x10 c:/program files (x86)/cypress/psoc creator/4.2/psoc creator/import/gnu/arm/5.4.1/bin/../lib/gcc/arm-none-eabi/5.4.1/../../../../arm-none-eabi/lib/armv7-m\libg_nano.a(lib_a-memset.o)
                0x000008ce                memset
 *(.plt)
 *(.gnu.warning)
 *(.glue_7t)
 .glue_7t       0x000008de        0x0 linker stubs
 *(.glue_7)
 .glue_7        0x000008de        0x0 linker stubs
 *(.vfp11_veneer)
 .vfp11_veneer  0x000008de        0x0 linker stubs
 *(.bootloader)
 *(.ARM.extab* .gnu.linkonce.armextab.*)
 *(.gcc_except_table)

.v4_bx          0x000008e0        0x0
 .v4_bx         0x000008e0        0x0 linker stubs

.iplt           0x000008e0        0x0
 .iplt          0x000008e0        0x0 c:/program files (x86)/cypress/psoc creator/4.2/psoc creator/import/gnu/arm/5.4.1/bin/../lib/gcc/arm-none-eabi/5.4.1/armv7-m/crtbegin.o

.eh_frame_hdr
 *(.eh_frame_hdr)

.eh_frame       0x000008e0        0x4
 *(.eh_frame)
 .eh_frame      0x000008e0        0x0 c:/program files (x86)/cypress/psoc creator/4.2/psoc creator/import/gnu/arm/5.4.1/bin/../lib/gcc/arm-none-eabi/5.4.1/armv7-m/crtbegin.o
 .eh_frame      0x000008e0        0x4 c:/program files (x86)/cypress/psoc creator/4.2/psoc creator/import/gnu/arm/5.4.1/bin/../lib/gcc/arm-none-eabi/5.4.1/armv7-m/crtend.o
                [!provide]                PROVIDE (__exidx_start, .)

.ARM.exidx
 *(.ARM.exidx* .gnu.linkonce.armexidx.*)
                0x000008e4                __exidx_end = .

.rodata         0x000008e4       0x9c
 *(.rodata .rodata.* .gnu.linkonce.r.*)
 .rodata        0x000008e4       0x2c .\CortexM3\ARM_GCC_541\Debug\seven.o
 .rodata        0x00000910       0x36 .\CortexM3\ARM_GCC_541\Debug\cyfitter_cfg.o
 .rodata.str1.1
                0x00000946        0x2 c:/program files (x86)/cypress/psoc creator/4.2/psoc creator/import/gnu/arm/5.4.1/bin/../lib/gcc/arm-none-eabi/5.4.1/../../../../arm-none-eabi/lib/armv7-m\libg_nano.a(lib_a-impure.o)
                0x00000948                . = ALIGN (0x4)
 *(.init)
 .init          0x00000948        0x4 c:/program files (x86)/cypress/psoc creator/4.2/psoc creator/import/gnu/arm/5.4.1/bin/../lib/gcc/arm-none-eabi/5.4.1/armv7-m/crti.o
                0x00000948                _init
 .init          0x0000094c        0x8 c:/program files (x86)/cypress/psoc creator/4.2/psoc creator/import/gnu/arm/5.4.1/bin/../lib/gcc/arm-none-eabi/5.4.1/armv7-m/crtn.o
                0x00000954                . = ALIGN (0x4)
                0x00000954                __preinit_array_start = .
 *(.preinit_array)
                0x00000954                __preinit_array_end = .
                0x00000954                . = ALIGN (0x4)
                0x00000954                __init_array_start = .
 *(SORT(.init_array.*))
 *(.init_array)
 .init_array    0x00000954        0x4 c:/program files (x86)/cypress/psoc creator/4.2/psoc creator/import/gnu/arm/5.4.1/bin/../lib/gcc/arm-none-eabi/5.4.1/armv7-m/crtbegin.o
 .init_array    0x00000958        0x4 .\CortexM3\ARM_GCC_541\Debug\Cm3Start.o
                0x0000095c                __init_array_end = .
                0x0000095c                . = ALIGN (0x4)
 *(.fini)
 .fini          0x0000095c        0x4 c:/program files (x86)/cypress/psoc creator/4.2/psoc creator/import/gnu/arm/5.4.1/bin/../lib/gcc/arm-none-eabi/5.4.1/armv7-m/crti.o
                0x0000095c                _fini
 .fini          0x00000960        0x8 c:/program files (x86)/cypress/psoc creator/4.2/psoc creator/import/gnu/arm/5.4.1/bin/../lib/gcc/arm-none-eabi/5.4.1/armv7-m/crtn.o
                0x00000968                . = ALIGN (0x4)
                0x00000968                __fini_array_start = .
 *(.fini_array)
 .fini_array    0x00000968        0x4 c:/program files (x86)/cypress/psoc creator/4.2/psoc creator/import/gnu/arm/5.4.1/bin/../lib/gcc/arm-none-eabi/5.4.1/armv7-m/crtbegin.o
 *(SORT(.fini_array.*))
                0x0000096c                __fini_array_end = .
                0x0000096c                . = ALIGN (0x4)
 *crtbegin.o(.ctors)
 *(EXCLUDE_FILE(*crtend.o) .ctors)
 *(SORT(.ctors.*))
 *crtend.o(.ctors)
                0x0000096c                . = ALIGN (0x4)
 *crtbegin.o(.dtors)
 *(EXCLUDE_FILE(*crtend.o) .dtors)
 *(SORT(.dtors.*))
 *crtend.o(.dtors)
                0x0000096c                . = ALIGN (0x4)
                0x0000096c                __cy_regions = .
                0x0000096c        0x4 LONG 0x980 __cy_region_init_ram
                0x00000970        0x4 LONG 0x1fff80c8 __cy_region_start_data
                0x00000974        0x4 LONG 0x68 __cy_region_init_size_ram
                0x00000978        0x4 LONG 0x20 __cy_region_zero_size_ram
                0x0000097c                __cy_regions_end = .
                0x00000980                . = ALIGN (0x8)
 *fill*         0x0000097c        0x4 
                0x00000980                _etext = .

.cy_checksum_exclude
                0x00000980        0x0
 *(.cy_checksum_exclude)

.ramvectors     0x1fff8000       0xc0
                0x1fff8000                __cy_region_start_ram = .
 *(.ramvectors)
 .ramvectors    0x1fff8000       0xc0 .\CortexM3\ARM_GCC_541\Debug\Cm3Start.o
                0x1fff8000                CyRamVectors

.noinit         0x1fff80c0        0x1
 *(.noinit)
 .noinit        0x1fff80c0        0x1 .\CortexM3\ARM_GCC_541\Debug\day2_seven.a(CyLib.o)
                0x1fff80c0                CyResetStatus

.data           0x1fff80c8       0x68 load address 0x00000980
                0x1fff80c8                __cy_region_start_data = .
 *(.jcr)
 .jcr           0x1fff80c8        0x0 c:/program files (x86)/cypress/psoc creator/4.2/psoc creator/import/gnu/arm/5.4.1/bin/../lib/gcc/arm-none-eabi/5.4.1/armv7-m/crtbegin.o
 .jcr           0x1fff80c8        0x4 c:/program files (x86)/cypress/psoc creator/4.2/psoc creator/import/gnu/arm/5.4.1/bin/../lib/gcc/arm-none-eabi/5.4.1/armv7-m/crtend.o
 *(.got.plt)
 *(.got)
 *(.shdata)
 *(.data .data.* .gnu.linkonce.d.*)
 .data.impure_data
                0x1fff80cc       0x60 c:/program files (x86)/cypress/psoc creator/4.2/psoc creator/import/gnu/arm/5.4.1/bin/../lib/gcc/arm-none-eabi/5.4.1/../../../../arm-none-eabi/lib/armv7-m\libg_nano.a(lib_a-impure.o)
 .data._impure_ptr
                0x1fff812c        0x4 c:/program files (x86)/cypress/psoc creator/4.2/psoc creator/import/gnu/arm/5.4.1/bin/../lib/gcc/arm-none-eabi/5.4.1/../../../../arm-none-eabi/lib/armv7-m\libg_nano.a(lib_a-impure.o)
                0x1fff812c                _impure_ptr
                0x1fff8130                . = ALIGN (0x8)
 *(.ram)
                0x1fff8130                _edata = .

.igot.plt       0x1fff8130        0x0 load address 0x000009e8
 .igot.plt      0x1fff8130        0x0 c:/program files (x86)/cypress/psoc creator/4.2/psoc creator/import/gnu/arm/5.4.1/bin/../lib/gcc/arm-none-eabi/5.4.1/armv7-m/crtbegin.o

.bss            0x1fff8130       0x20 load address 0x000009e8
                0x1fff8130                PROVIDE (__bss_start__, .)
 *(.shbss)
 *(.bss .bss.* .gnu.linkonce.b.*)
 .bss           0x1fff8130       0x1c c:/program files (x86)/cypress/psoc creator/4.2/psoc creator/import/gnu/arm/5.4.1/bin/../lib/gcc/arm-none-eabi/5.4.1/armv7-m/crtbegin.o
 .bss           0x1fff814c        0x1 .\CortexM3\ARM_GCC_541\Debug\Button.o
 .bss           0x1fff814d        0x2 .\CortexM3\ARM_GCC_541\Debug\day2_seven.a(UART_1.o)
                0x1fff814d                UART_1_initVar
 *(COMMON)
                0x1fff8150                . = ALIGN (0x8)
 *fill*         0x1fff814f        0x1 
 *(.ram.b)
                0x1fff8150                _end = .
                0x1fff8150                __end = .
                0x1fff8150                PROVIDE (end, .)
                0x1fff8150                PROVIDE (__bss_end__, .)
                0x00000980                __cy_region_init_ram = LOADADDR (.data)
                0x00000068                __cy_region_init_size_ram = (_edata - ADDR (.data))
                0x00000020                __cy_region_zero_size_ram = (_end - _edata)

.heap           0x1fff8150       0x80 load address 0x000009e8
                0x1fff8150                . = _end
                0x1fff81d0                . = (. + 0x80)
 *fill*         0x1fff8150       0x80 
                0x1fff81d0                __cy_heap_limit = .

.stack          0x20007800      0x800
                0x20007800                __cy_stack_limit = .
                0x20008000                . = (. + 0x800)
 *fill*         0x20007800      0x800 
                0x00000001                ASSERT ((__cy_stack_limit >= __cy_heap_limit), region RAM overflowed with stack)
                0x00000000                cy_checksum_exclude_size = (CY_APPL_LOADABLE == 0x1)?SIZEOF (.cy_checksum_exclude):0x0
                0x00000001                ASSERT ((cy_checksum_exclude_size <= CY_CHECKSUM_EXCLUDE_SIZE), CY_BOOT: Section .cy_checksum_exclude size exceedes specified limit.)

.cyloadermeta
 *(.cyloadermeta)

.cyloadablemeta
 *(.cyloadablemeta)

.cyconfigecc    0x80000000      0x3e4
 *(.cyconfigecc)
 .cyconfigecc   0x80000000      0x3e4 .\CortexM3\ARM_GCC_541\Debug\cymetadata.o
                0x80000000                cy_meta_configecc

.cycustnvl      0x90000000        0x4
 *(.cycustnvl)
 .cycustnvl     0x90000000        0x4 .\CortexM3\ARM_GCC_541\Debug\cymetadata.o
                0x90000000                cy_meta_custnvl

.cywolatch      0x90100000        0x4
 *(.cywolatch)
 .cywolatch     0x90100000        0x4 .\CortexM3\ARM_GCC_541\Debug\cymetadata.o
                0x90100000                cy_meta_wonvl

.cyeeprom       0x90200000        0x0
 *(.cyeeprom)
                0x00000001                ASSERT ((. <= ((0x90200000 + ee_offset) + ee_size)), .cyeeprom data will not fit in EEPROM)

.cyflashprotect
                0x90400000      0x100
 *(.cyflashprotect)
 .cyflashprotect
                0x90400000      0x100 .\CortexM3\ARM_GCC_541\Debug\cymetadata.o
                0x90400000                cy_meta_flashprotect

.cymeta         0x90500000        0xc
 *(.cymeta)
 .cymeta        0x90500000        0xc .\CortexM3\ARM_GCC_541\Debug\cymetadata.o
                0x90500000                cy_metadata

.rel.dyn        0x000009e8        0x0 load address 0x9050000c
 .rel.iplt      0x000009e8        0x0 c:/program files (x86)/cypress/psoc creator/4.2/psoc creator/import/gnu/arm/5.4.1/bin/../lib/gcc/arm-none-eabi/5.4.1/armv7-m/crtbegin.o

.stab
 *(.stab)

.stabstr
 *(.stabstr)

.debug
 *(.debug)

.line
 *(.line)

.debug_srcinfo
 *(.debug_srcinfo)

.debug_sfnames
 *(.debug_sfnames)

.debug_aranges  0x00000000      0xbc8
 *(.debug_aranges)
 .debug_aranges
                0x00000000       0x20 .\CortexM3\ARM_GCC_541\Debug\main.o
 .debug_aranges
                0x00000020       0x20 .\CortexM3\ARM_GCC_541\Debug\led.o
 .debug_aranges
                0x00000040       0x38 .\CortexM3\ARM_GCC_541\Debug\seven.o
 .debug_aranges
                0x00000078       0x38 .\CortexM3\ARM_GCC_541\Debug\Button.o
 .debug_aranges
                0x000000b0       0x58 .\CortexM3\ARM_GCC_541\Debug\cyfitter_cfg.o
 .debug_aranges
                0x00000108       0x18 .\CortexM3\ARM_GCC_541\Debug\cymetadata.o
 .debug_aranges
                0x00000120       0x48 .\CortexM3\ARM_GCC_541\Debug\Cm3Start.o
 .debug_aranges
                0x00000168      0x2a0 .\CortexM3\ARM_GCC_541\Debug\day2_seven.a(CyLib.o)
 .debug_aranges
                0x00000408       0x98 .\CortexM3\ARM_GCC_541\Debug\day2_seven.a(cyPm.o)
 .debug_aranges
                0x000004a0       0x38 .\CortexM3\ARM_GCC_541\Debug\day2_seven.a(Pin_LedRed.o)
 .debug_aranges
                0x000004d8       0x38 .\CortexM3\ARM_GCC_541\Debug\day2_seven.a(Pin_LedGreen.o)
 .debug_aranges
                0x00000510       0x38 .\CortexM3\ARM_GCC_541\Debug\day2_seven.a(Pin_LedYellow.o)
 .debug_aranges
                0x00000548       0x80 .\CortexM3\ARM_GCC_541\Debug\day2_seven.a(ISR_Button1.o)
 .debug_aranges
                0x000005c8       0x80 .\CortexM3\ARM_GCC_541\Debug\day2_seven.a(ISR_Button2.o)
 .debug_aranges
                0x00000648       0x80 .\CortexM3\ARM_GCC_541\Debug\day2_seven.a(ISR_Button3.o)
 .debug_aranges
                0x000006c8       0x80 .\CortexM3\ARM_GCC_541\Debug\day2_seven.a(ISR_Button4.o)
 .debug_aranges
                0x00000748       0x38 .\CortexM3\ARM_GCC_541\Debug\day2_seven.a(Pin_Seg1_A.o)
 .debug_aranges
                0x00000780       0x38 .\CortexM3\ARM_GCC_541\Debug\day2_seven.a(Pin_Seg1_B.o)
 .debug_aranges
                0x000007b8       0x38 .\CortexM3\ARM_GCC_541\Debug\day2_seven.a(Pin_Seg1_C.o)
 .debug_aranges
                0x000007f0       0x38 .\CortexM3\ARM_GCC_541\Debug\day2_seven.a(Pin_Seg1_D.o)
 .debug_aranges
                0x00000828       0x38 .\CortexM3\ARM_GCC_541\Debug\day2_seven.a(Pin_Seg1_E.o)
 .debug_aranges
                0x00000860       0x38 .\CortexM3\ARM_GCC_541\Debug\day2_seven.a(Pin_Seg1_F.o)
 .debug_aranges
                0x00000898       0x38 .\CortexM3\ARM_GCC_541\Debug\day2_seven.a(Pin_Seg1_G.o)
 .debug_aranges
                0x000008d0       0x38 .\CortexM3\ARM_GCC_541\Debug\day2_seven.a(Pin_Select.o)
 .debug_aranges
                0x00000908       0x38 .\CortexM3\ARM_GCC_541\Debug\day2_seven.a(Pin_Display.o)
 .debug_aranges
                0x00000940       0xf0 .\CortexM3\ARM_GCC_541\Debug\day2_seven.a(UART_1.o)
 .debug_aranges
                0x00000a30       0x70 .\CortexM3\ARM_GCC_541\Debug\day2_seven.a(UART_1_IntClock.o)
 .debug_aranges
                0x00000aa0       0x20 .\CortexM3\ARM_GCC_541\Debug\day2_seven.a(CyBootAsmGnu.o)
 .debug_aranges
                0x00000ac0       0x88 .\CortexM3\ARM_GCC_541\Debug\day2_seven.a(CyFlash.o)
 .debug_aranges
                0x00000b48       0x80 .\CortexM3\ARM_GCC_541\Debug\day2_seven.a(CySpc.o)

.debug_pubnames
 *(.debug_pubnames)

.debug_info     0x00000000     0x5fde
 *(.debug_info .gnu.linkonce.wi.*)
 .debug_info    0x00000000      0x1ad .\CortexM3\ARM_GCC_541\Debug\main.o
 .debug_info    0x000001ad      0x1bf .\CortexM3\ARM_GCC_541\Debug\led.o
 .debug_info    0x0000036c      0x3b0 .\CortexM3\ARM_GCC_541\Debug\seven.o
 .debug_info    0x0000071c      0x221 .\CortexM3\ARM_GCC_541\Debug\Button.o
 .debug_info    0x0000093d      0x5de .\CortexM3\ARM_GCC_541\Debug\cyfitter_cfg.o
 .debug_info    0x00000f1b      0x135 .\CortexM3\ARM_GCC_541\Debug\cymetadata.o
 .debug_info    0x00001050      0x3bb .\CortexM3\ARM_GCC_541\Debug\Cm3Start.o
 .debug_info    0x0000140b     0x1374 .\CortexM3\ARM_GCC_541\Debug\day2_seven.a(CyLib.o)
 .debug_info    0x0000277f      0xa2a .\CortexM3\ARM_GCC_541\Debug\day2_seven.a(cyPm.o)
 .debug_info    0x000031a9      0x11f .\CortexM3\ARM_GCC_541\Debug\day2_seven.a(Pin_LedRed.o)
 .debug_info    0x000032c8      0x11f .\CortexM3\ARM_GCC_541\Debug\day2_seven.a(Pin_LedGreen.o)
 .debug_info    0x000033e7      0x11f .\CortexM3\ARM_GCC_541\Debug\day2_seven.a(Pin_LedYellow.o)
 .debug_info    0x00003506      0x2fc .\CortexM3\ARM_GCC_541\Debug\day2_seven.a(ISR_Button1.o)
 .debug_info    0x00003802      0x2fc .\CortexM3\ARM_GCC_541\Debug\day2_seven.a(ISR_Button2.o)
 .debug_info    0x00003afe      0x2fc .\CortexM3\ARM_GCC_541\Debug\day2_seven.a(ISR_Button3.o)
 .debug_info    0x00003dfa      0x2fc .\CortexM3\ARM_GCC_541\Debug\day2_seven.a(ISR_Button4.o)
 .debug_info    0x000040f6      0x11f .\CortexM3\ARM_GCC_541\Debug\day2_seven.a(Pin_Seg1_A.o)
 .debug_info    0x00004215      0x11f .\CortexM3\ARM_GCC_541\Debug\day2_seven.a(Pin_Seg1_B.o)
 .debug_info    0x00004334      0x11f .\CortexM3\ARM_GCC_541\Debug\day2_seven.a(Pin_Seg1_C.o)
 .debug_info    0x00004453      0x11f .\CortexM3\ARM_GCC_541\Debug\day2_seven.a(Pin_Seg1_D.o)
 .debug_info    0x00004572      0x11f .\CortexM3\ARM_GCC_541\Debug\day2_seven.a(Pin_Seg1_E.o)
 .debug_info    0x00004691      0x11f .\CortexM3\ARM_GCC_541\Debug\day2_seven.a(Pin_Seg1_F.o)
 .debug_info    0x000047b0      0x11f .\CortexM3\ARM_GCC_541\Debug\day2_seven.a(Pin_Seg1_G.o)
 .debug_info    0x000048cf      0x11f .\CortexM3\ARM_GCC_541\Debug\day2_seven.a(Pin_Select.o)
 .debug_info    0x000049ee      0x11f .\CortexM3\ARM_GCC_541\Debug\day2_seven.a(Pin_Display.o)
 .debug_info    0x00004b0d      0x60c .\CortexM3\ARM_GCC_541\Debug\day2_seven.a(UART_1.o)
 .debug_info    0x00005119      0x283 .\CortexM3\ARM_GCC_541\Debug\day2_seven.a(UART_1_IntClock.o)
 .debug_info    0x0000539c       0xa5 .\CortexM3\ARM_GCC_541\Debug\day2_seven.a(CyBootAsmGnu.o)
 .debug_info    0x00005441      0x64d .\CortexM3\ARM_GCC_541\Debug\day2_seven.a(CyFlash.o)
 .debug_info    0x00005a8e      0x550 .\CortexM3\ARM_GCC_541\Debug\day2_seven.a(CySpc.o)

.debug_abbrev   0x00000000     0x1f0b
 *(.debug_abbrev)
 .debug_abbrev  0x00000000       0xb1 .\CortexM3\ARM_GCC_541\Debug\main.o
 .debug_abbrev  0x000000b1       0xe3 .\CortexM3\ARM_GCC_541\Debug\led.o
 .debug_abbrev  0x00000194      0x171 .\CortexM3\ARM_GCC_541\Debug\seven.o
 .debug_abbrev  0x00000305       0xdf .\CortexM3\ARM_GCC_541\Debug\Button.o
 .debug_abbrev  0x000003e4      0x20d .\CortexM3\ARM_GCC_541\Debug\cyfitter_cfg.o
 .debug_abbrev  0x000005f1       0x66 .\CortexM3\ARM_GCC_541\Debug\cymetadata.o
 .debug_abbrev  0x00000657      0x1e8 .\CortexM3\ARM_GCC_541\Debug\Cm3Start.o
 .debug_abbrev  0x0000083f      0x254 .\CortexM3\ARM_GCC_541\Debug\day2_seven.a(CyLib.o)
 .debug_abbrev  0x00000a93      0x1ab .\CortexM3\ARM_GCC_541\Debug\day2_seven.a(cyPm.o)
 .debug_abbrev  0x00000c3e       0x90 .\CortexM3\ARM_GCC_541\Debug\day2_seven.a(Pin_LedRed.o)
 .debug_abbrev  0x00000cce       0x90 .\CortexM3\ARM_GCC_541\Debug\day2_seven.a(Pin_LedGreen.o)
 .debug_abbrev  0x00000d5e       0x90 .\CortexM3\ARM_GCC_541\Debug\day2_seven.a(Pin_LedYellow.o)
 .debug_abbrev  0x00000dee      0x184 .\CortexM3\ARM_GCC_541\Debug\day2_seven.a(ISR_Button1.o)
 .debug_abbrev  0x00000f72      0x184 .\CortexM3\ARM_GCC_541\Debug\day2_seven.a(ISR_Button2.o)
 .debug_abbrev  0x000010f6      0x184 .\CortexM3\ARM_GCC_541\Debug\day2_seven.a(ISR_Button3.o)
 .debug_abbrev  0x0000127a      0x184 .\CortexM3\ARM_GCC_541\Debug\day2_seven.a(ISR_Button4.o)
 .debug_abbrev  0x000013fe       0x90 .\CortexM3\ARM_GCC_541\Debug\day2_seven.a(Pin_Seg1_A.o)
 .debug_abbrev  0x0000148e       0x90 .\CortexM3\ARM_GCC_541\Debug\day2_seven.a(Pin_Seg1_B.o)
 .debug_abbrev  0x0000151e       0x90 .\CortexM3\ARM_GCC_541\Debug\day2_seven.a(Pin_Seg1_C.o)
 .debug_abbrev  0x000015ae       0x90 .\CortexM3\ARM_GCC_541\Debug\day2_seven.a(Pin_Seg1_D.o)
 .debug_abbrev  0x0000163e       0x90 .\CortexM3\ARM_GCC_541\Debug\day2_seven.a(Pin_Seg1_E.o)
 .debug_abbrev  0x000016ce       0x90 .\CortexM3\ARM_GCC_541\Debug\day2_seven.a(Pin_Seg1_F.o)
 .debug_abbrev  0x0000175e       0x90 .\CortexM3\ARM_GCC_541\Debug\day2_seven.a(Pin_Seg1_G.o)
 .debug_abbrev  0x000017ee       0x90 .\CortexM3\ARM_GCC_541\Debug\day2_seven.a(Pin_Select.o)
 .debug_abbrev  0x0000187e       0x90 .\CortexM3\ARM_GCC_541\Debug\day2_seven.a(Pin_Display.o)
 .debug_abbrev  0x0000190e      0x175 .\CortexM3\ARM_GCC_541\Debug\day2_seven.a(UART_1.o)
 .debug_abbrev  0x00001a83      0x139 .\CortexM3\ARM_GCC_541\Debug\day2_seven.a(UART_1_IntClock.o)
 .debug_abbrev  0x00001bbc       0x14 .\CortexM3\ARM_GCC_541\Debug\day2_seven.a(CyBootAsmGnu.o)
 .debug_abbrev  0x00001bd0      0x1a7 .\CortexM3\ARM_GCC_541\Debug\day2_seven.a(CyFlash.o)
 .debug_abbrev  0x00001d77      0x194 .\CortexM3\ARM_GCC_541\Debug\day2_seven.a(CySpc.o)

.debug_line     0x00000000     0x2d58
 *(.debug_line)
 .debug_line    0x00000000      0x1e2 .\CortexM3\ARM_GCC_541\Debug\main.o
 .debug_line    0x000001e2      0x1b8 .\CortexM3\ARM_GCC_541\Debug\led.o
 .debug_line    0x0000039a      0x1fa .\CortexM3\ARM_GCC_541\Debug\seven.o
 .debug_line    0x00000594        0x0 .\CortexM3\ARM_GCC_541\Debug\uart.o
 .debug_line    0x00000594      0x1c2 .\CortexM3\ARM_GCC_541\Debug\Button.o
 .debug_line    0x00000756      0x1f4 .\CortexM3\ARM_GCC_541\Debug\cyfitter_cfg.o
 .debug_line    0x0000094a      0x141 .\CortexM3\ARM_GCC_541\Debug\cymetadata.o
 .debug_line    0x00000a8b      0x234 .\CortexM3\ARM_GCC_541\Debug\Cm3Start.o
 .debug_line    0x00000cbf      0x816 .\CortexM3\ARM_GCC_541\Debug\day2_seven.a(CyLib.o)
 .debug_line    0x000014d5      0x367 .\CortexM3\ARM_GCC_541\Debug\day2_seven.a(cyPm.o)
 .debug_line    0x0000183c       0x97 .\CortexM3\ARM_GCC_541\Debug\day2_seven.a(Pin_LedRed.o)
 .debug_line    0x000018d3       0x99 .\CortexM3\ARM_GCC_541\Debug\day2_seven.a(Pin_LedGreen.o)
 .debug_line    0x0000196c       0x9a .\CortexM3\ARM_GCC_541\Debug\day2_seven.a(Pin_LedYellow.o)
 .debug_line    0x00001a06      0x139 .\CortexM3\ARM_GCC_541\Debug\day2_seven.a(ISR_Button1.o)
 .debug_line    0x00001b3f      0x139 .\CortexM3\ARM_GCC_541\Debug\day2_seven.a(ISR_Button2.o)
 .debug_line    0x00001c78      0x139 .\CortexM3\ARM_GCC_541\Debug\day2_seven.a(ISR_Button3.o)
 .debug_line    0x00001db1      0x139 .\CortexM3\ARM_GCC_541\Debug\day2_seven.a(ISR_Button4.o)
 .debug_line    0x00001eea       0x97 .\CortexM3\ARM_GCC_541\Debug\day2_seven.a(Pin_Seg1_A.o)
 .debug_line    0x00001f81       0x97 .\CortexM3\ARM_GCC_541\Debug\day2_seven.a(Pin_Seg1_B.o)
 .debug_line    0x00002018       0x97 .\CortexM3\ARM_GCC_541\Debug\day2_seven.a(Pin_Seg1_C.o)
 .debug_line    0x000020af       0x97 .\CortexM3\ARM_GCC_541\Debug\day2_seven.a(Pin_Seg1_D.o)
 .debug_line    0x00002146       0x97 .\CortexM3\ARM_GCC_541\Debug\day2_seven.a(Pin_Seg1_E.o)
 .debug_line    0x000021dd       0x97 .\CortexM3\ARM_GCC_541\Debug\day2_seven.a(Pin_Seg1_F.o)
 .debug_line    0x00002274       0x97 .\CortexM3\ARM_GCC_541\Debug\day2_seven.a(Pin_Seg1_G.o)
 .debug_line    0x0000230b       0x97 .\CortexM3\ARM_GCC_541\Debug\day2_seven.a(Pin_Select.o)
 .debug_line    0x000023a2       0x98 .\CortexM3\ARM_GCC_541\Debug\day2_seven.a(Pin_Display.o)
 .debug_line    0x0000243a      0x2c0 .\CortexM3\ARM_GCC_541\Debug\day2_seven.a(UART_1.o)
 .debug_line    0x000026fa      0x17e .\CortexM3\ARM_GCC_541\Debug\day2_seven.a(UART_1_IntClock.o)
 .debug_line    0x00002878       0x66 .\CortexM3\ARM_GCC_541\Debug\day2_seven.a(CyBootAsmGnu.o)
 .debug_line    0x000028de      0x21a .\CortexM3\ARM_GCC_541\Debug\day2_seven.a(CyFlash.o)
 .debug_line    0x00002af8      0x260 .\CortexM3\ARM_GCC_541\Debug\day2_seven.a(CySpc.o)

.debug_frame    0x00000000     0x1b28
 *(.debug_frame)
 .debug_frame   0x00000000       0x2c .\CortexM3\ARM_GCC_541\Debug\main.o
 .debug_frame   0x0000002c       0x2c .\CortexM3\ARM_GCC_541\Debug\led.o
 .debug_frame   0x00000058       0x84 .\CortexM3\ARM_GCC_541\Debug\seven.o
 .debug_frame   0x000000dc       0x80 .\CortexM3\ARM_GCC_541\Debug\Button.o
 .debug_frame   0x0000015c       0xe4 .\CortexM3\ARM_GCC_541\Debug\cyfitter_cfg.o
 .debug_frame   0x00000240       0xb8 .\CortexM3\ARM_GCC_541\Debug\Cm3Start.o
 .debug_frame   0x000002f8      0x738 .\CortexM3\ARM_GCC_541\Debug\day2_seven.a(CyLib.o)
 .debug_frame   0x00000a30      0x1f8 .\CortexM3\ARM_GCC_541\Debug\day2_seven.a(cyPm.o)
 .debug_frame   0x00000c28       0x50 .\CortexM3\ARM_GCC_541\Debug\day2_seven.a(Pin_LedRed.o)
 .debug_frame   0x00000c78       0x50 .\CortexM3\ARM_GCC_541\Debug\day2_seven.a(Pin_LedGreen.o)
 .debug_frame   0x00000cc8       0x50 .\CortexM3\ARM_GCC_541\Debug\day2_seven.a(Pin_LedYellow.o)
 .debug_frame   0x00000d18      0x110 .\CortexM3\ARM_GCC_541\Debug\day2_seven.a(ISR_Button1.o)
 .debug_frame   0x00000e28      0x110 .\CortexM3\ARM_GCC_541\Debug\day2_seven.a(ISR_Button2.o)
 .debug_frame   0x00000f38      0x110 .\CortexM3\ARM_GCC_541\Debug\day2_seven.a(ISR_Button3.o)
 .debug_frame   0x00001048      0x110 .\CortexM3\ARM_GCC_541\Debug\day2_seven.a(ISR_Button4.o)
 .debug_frame   0x00001158       0x50 .\CortexM3\ARM_GCC_541\Debug\day2_seven.a(Pin_Seg1_A.o)
 .debug_frame   0x000011a8       0x50 .\CortexM3\ARM_GCC_541\Debug\day2_seven.a(Pin_Seg1_B.o)
 .debug_frame   0x000011f8       0x50 .\CortexM3\ARM_GCC_541\Debug\day2_seven.a(Pin_Seg1_C.o)
 .debug_frame   0x00001248       0x50 .\CortexM3\ARM_GCC_541\Debug\day2_seven.a(Pin_Seg1_D.o)
 .debug_frame   0x00001298       0x50 .\CortexM3\ARM_GCC_541\Debug\day2_seven.a(Pin_Seg1_E.o)
 .debug_frame   0x000012e8       0x50 .\CortexM3\ARM_GCC_541\Debug\day2_seven.a(Pin_Seg1_F.o)
 .debug_frame   0x00001338       0x50 .\CortexM3\ARM_GCC_541\Debug\day2_seven.a(Pin_Seg1_G.o)
 .debug_frame   0x00001388       0x50 .\CortexM3\ARM_GCC_541\Debug\day2_seven.a(Pin_Select.o)
 .debug_frame   0x000013d8       0x50 .\CortexM3\ARM_GCC_541\Debug\day2_seven.a(Pin_Display.o)
 .debug_frame   0x00001428      0x250 .\CortexM3\ARM_GCC_541\Debug\day2_seven.a(UART_1.o)
 .debug_frame   0x00001678       0xe0 .\CortexM3\ARM_GCC_541\Debug\day2_seven.a(UART_1_IntClock.o)
 .debug_frame   0x00001758      0x194 .\CortexM3\ARM_GCC_541\Debug\day2_seven.a(CyFlash.o)
 .debug_frame   0x000018ec      0x180 .\CortexM3\ARM_GCC_541\Debug\day2_seven.a(CySpc.o)
 .debug_frame   0x00001a6c       0x20 c:/program files (x86)/cypress/psoc creator/4.2/psoc creator/import/gnu/arm/5.4.1/bin/../lib/gcc/arm-none-eabi/5.4.1/../../../../arm-none-eabi/lib/armv7-m\libg_nano.a(lib_a-errno.o)
 .debug_frame   0x00001a8c       0x28 c:/program files (x86)/cypress/psoc creator/4.2/psoc creator/import/gnu/arm/5.4.1/bin/../lib/gcc/arm-none-eabi/5.4.1/../../../../arm-none-eabi/lib/armv7-m\libg_nano.a(lib_a-exit.o)
 .debug_frame   0x00001ab4       0x2c c:/program files (x86)/cypress/psoc creator/4.2/psoc creator/import/gnu/arm/5.4.1/bin/../lib/gcc/arm-none-eabi/5.4.1/../../../../arm-none-eabi/lib/armv7-m\libg_nano.a(lib_a-init.o)
 .debug_frame   0x00001ae0       0x28 c:/program files (x86)/cypress/psoc creator/4.2/psoc creator/import/gnu/arm/5.4.1/bin/../lib/gcc/arm-none-eabi/5.4.1/../../../../arm-none-eabi/lib/armv7-m\libg_nano.a(lib_a-memcpy-stub.o)
 .debug_frame   0x00001b08       0x20 c:/program files (x86)/cypress/psoc creator/4.2/psoc creator/import/gnu/arm/5.4.1/bin/../lib/gcc/arm-none-eabi/5.4.1/../../../../arm-none-eabi/lib/armv7-m\libg_nano.a(lib_a-memset.o)

.debug_str      0x00000000     0x25b7
 *(.debug_str)
 .debug_str     0x00000000      0x21d .\CortexM3\ARM_GCC_541\Debug\main.o
                                0x26a (size before relaxing)
 .debug_str     0x0000021d       0x93 .\CortexM3\ARM_GCC_541\Debug\led.o
                                0x24e (size before relaxing)
 .debug_str     0x000002b0      0x2b8 .\CortexM3\ARM_GCC_541\Debug\seven.o
                                0x47e (size before relaxing)
 .debug_str     0x00000568       0x12 .\CortexM3\ARM_GCC_541\Debug\uart.o
                                 0xf7 (size before relaxing)
 .debug_str     0x0000057a       0x95 .\CortexM3\ARM_GCC_541\Debug\Button.o
                                0x294 (size before relaxing)
 .debug_str     0x0000060f      0x1b6 .\CortexM3\ARM_GCC_541\Debug\cyfitter_cfg.o
                                0x359 (size before relaxing)
 .debug_str     0x000007c5       0x7f .\CortexM3\ARM_GCC_541\Debug\cymetadata.o
                                0x1f9 (size before relaxing)
 .debug_str     0x00000844      0x13f .\CortexM3\ARM_GCC_541\Debug\Cm3Start.o
                                0x31f (size before relaxing)
 .debug_str     0x00000983      0x854 .\CortexM3\ARM_GCC_541\Debug\day2_seven.a(CyLib.o)
                                0xa5c (size before relaxing)
 .debug_str     0x000011d7      0x365 .\CortexM3\ARM_GCC_541\Debug\day2_seven.a(cyPm.o)
                                0x748 (size before relaxing)
 .debug_str     0x0000153c       0x6e .\CortexM3\ARM_GCC_541\Debug\day2_seven.a(Pin_LedRed.o)
                                0x210 (size before relaxing)
 .debug_str     0x000015aa       0x6b .\CortexM3\ARM_GCC_541\Debug\day2_seven.a(Pin_LedGreen.o)
                                0x21a (size before relaxing)
 .debug_str     0x00001615       0x6f .\CortexM3\ARM_GCC_541\Debug\day2_seven.a(Pin_LedYellow.o)
                                0x21f (size before relaxing)
 .debug_str     0x00001684      0x128 .\CortexM3\ARM_GCC_541\Debug\day2_seven.a(ISR_Button1.o)
                                0x324 (size before relaxing)
 .debug_str     0x000017ac      0x128 .\CortexM3\ARM_GCC_541\Debug\day2_seven.a(ISR_Button2.o)
                                0x324 (size before relaxing)
 .debug_str     0x000018d4      0x128 .\CortexM3\ARM_GCC_541\Debug\day2_seven.a(ISR_Button3.o)
                                0x324 (size before relaxing)
 .debug_str     0x000019fc      0x128 .\CortexM3\ARM_GCC_541\Debug\day2_seven.a(ISR_Button4.o)
                                0x324 (size before relaxing)
 .debug_str     0x00001b24       0x74 .\CortexM3\ARM_GCC_541\Debug\day2_seven.a(Pin_Seg1_A.o)
                                0x210 (size before relaxing)
 .debug_str     0x00001b98       0x74 .\CortexM3\ARM_GCC_541\Debug\day2_seven.a(Pin_Seg1_B.o)
                                0x210 (size before relaxing)
 .debug_str     0x00001c0c       0x74 .\CortexM3\ARM_GCC_541\Debug\day2_seven.a(Pin_Seg1_C.o)
                                0x210 (size before relaxing)
 .debug_str     0x00001c80       0x74 .\CortexM3\ARM_GCC_541\Debug\day2_seven.a(Pin_Seg1_D.o)
                                0x210 (size before relaxing)
 .debug_str     0x00001cf4       0x74 .\CortexM3\ARM_GCC_541\Debug\day2_seven.a(Pin_Seg1_E.o)
                                0x210 (size before relaxing)
 .debug_str     0x00001d68       0x74 .\CortexM3\ARM_GCC_541\Debug\day2_seven.a(Pin_Seg1_F.o)
                                0x210 (size before relaxing)
 .debug_str     0x00001ddc       0x74 .\CortexM3\ARM_GCC_541\Debug\day2_seven.a(Pin_Seg1_G.o)
                                0x210 (size before relaxing)
 .debug_str     0x00001e50       0x63 .\CortexM3\ARM_GCC_541\Debug\day2_seven.a(Pin_Select.o)
                                0x210 (size before relaxing)
 .debug_str     0x00001eb3       0x67 .\CortexM3\ARM_GCC_541\Debug\day2_seven.a(Pin_Display.o)
                                0x215 (size before relaxing)
 .debug_str     0x00001f1a      0x29f .\CortexM3\ARM_GCC_541\Debug\day2_seven.a(UART_1.o)
                                0x4c8 (size before relaxing)
 .debug_str     0x000021b9      0x197 .\CortexM3\ARM_GCC_541\Debug\day2_seven.a(UART_1_IntClock.o)
                                0x363 (size before relaxing)
 .debug_str     0x00002350      0x1bb .\CortexM3\ARM_GCC_541\Debug\day2_seven.a(CyFlash.o)
                                0x3d5 (size before relaxing)
 .debug_str     0x0000250b       0xac .\CortexM3\ARM_GCC_541\Debug\day2_seven.a(CySpc.o)
                                0x34d (size before relaxing)

.debug_loc      0x00000000     0x2392
 *(.debug_loc)
 .debug_loc     0x00000000       0x1f .\CortexM3\ARM_GCC_541\Debug\main.o
 .debug_loc     0x0000001f       0x8a .\CortexM3\ARM_GCC_541\Debug\led.o
 .debug_loc     0x000000a9       0xac .\CortexM3\ARM_GCC_541\Debug\seven.o
 .debug_loc     0x00000155      0x259 .\CortexM3\ARM_GCC_541\Debug\cyfitter_cfg.o
 .debug_loc     0x000003ae      0x144 .\CortexM3\ARM_GCC_541\Debug\Cm3Start.o
 .debug_loc     0x000004f2      0xa11 .\CortexM3\ARM_GCC_541\Debug\day2_seven.a(CyLib.o)
 .debug_loc     0x00000f03      0x1e4 .\CortexM3\ARM_GCC_541\Debug\day2_seven.a(cyPm.o)
 .debug_loc     0x000010e7       0x42 .\CortexM3\ARM_GCC_541\Debug\day2_seven.a(Pin_LedRed.o)
 .debug_loc     0x00001129       0x42 .\CortexM3\ARM_GCC_541\Debug\day2_seven.a(Pin_LedGreen.o)
 .debug_loc     0x0000116b       0x42 .\CortexM3\ARM_GCC_541\Debug\day2_seven.a(Pin_LedYellow.o)
 .debug_loc     0x000011ad       0x56 .\CortexM3\ARM_GCC_541\Debug\day2_seven.a(ISR_Button1.o)
 .debug_loc     0x00001203       0x56 .\CortexM3\ARM_GCC_541\Debug\day2_seven.a(ISR_Button2.o)
 .debug_loc     0x00001259       0x56 .\CortexM3\ARM_GCC_541\Debug\day2_seven.a(ISR_Button3.o)
 .debug_loc     0x000012af       0x56 .\CortexM3\ARM_GCC_541\Debug\day2_seven.a(ISR_Button4.o)
 .debug_loc     0x00001305       0x42 .\CortexM3\ARM_GCC_541\Debug\day2_seven.a(Pin_Seg1_A.o)
 .debug_loc     0x00001347       0x42 .\CortexM3\ARM_GCC_541\Debug\day2_seven.a(Pin_Seg1_B.o)
 .debug_loc     0x00001389       0x42 .\CortexM3\ARM_GCC_541\Debug\day2_seven.a(Pin_Seg1_C.o)
 .debug_loc     0x000013cb       0x42 .\CortexM3\ARM_GCC_541\Debug\day2_seven.a(Pin_Seg1_D.o)
 .debug_loc     0x0000140d       0x42 .\CortexM3\ARM_GCC_541\Debug\day2_seven.a(Pin_Seg1_E.o)
 .debug_loc     0x0000144f       0x42 .\CortexM3\ARM_GCC_541\Debug\day2_seven.a(Pin_Seg1_F.o)
 .debug_loc     0x00001491       0x42 .\CortexM3\ARM_GCC_541\Debug\day2_seven.a(Pin_Seg1_G.o)
 .debug_loc     0x000014d3       0x42 .\CortexM3\ARM_GCC_541\Debug\day2_seven.a(Pin_Select.o)
 .debug_loc     0x00001515       0x42 .\CortexM3\ARM_GCC_541\Debug\day2_seven.a(Pin_Display.o)
 .debug_loc     0x00001557      0x258 .\CortexM3\ARM_GCC_541\Debug\day2_seven.a(UART_1.o)
 .debug_loc     0x000017af      0x12c .\CortexM3\ARM_GCC_541\Debug\day2_seven.a(UART_1_IntClock.o)
 .debug_loc     0x000018db      0x3b2 .\CortexM3\ARM_GCC_541\Debug\day2_seven.a(CyFlash.o)
 .debug_loc     0x00001c8d      0x705 .\CortexM3\ARM_GCC_541\Debug\day2_seven.a(CySpc.o)

.debug_macinfo
 *(.debug_macinfo)

.debug_ranges   0x00000000      0x9d0
 *(.debug_ranges)
 .debug_ranges  0x00000000       0x10 .\CortexM3\ARM_GCC_541\Debug\main.o
 .debug_ranges  0x00000010       0x10 .\CortexM3\ARM_GCC_541\Debug\led.o
 .debug_ranges  0x00000020       0x28 .\CortexM3\ARM_GCC_541\Debug\seven.o
 .debug_ranges  0x00000048       0x28 .\CortexM3\ARM_GCC_541\Debug\Button.o
 .debug_ranges  0x00000070       0x48 .\CortexM3\ARM_GCC_541\Debug\cyfitter_cfg.o
 .debug_ranges  0x000000b8       0x38 .\CortexM3\ARM_GCC_541\Debug\Cm3Start.o
 .debug_ranges  0x000000f0      0x290 .\CortexM3\ARM_GCC_541\Debug\day2_seven.a(CyLib.o)
 .debug_ranges  0x00000380       0x88 .\CortexM3\ARM_GCC_541\Debug\day2_seven.a(cyPm.o)
 .debug_ranges  0x00000408       0x28 .\CortexM3\ARM_GCC_541\Debug\day2_seven.a(Pin_LedRed.o)
 .debug_ranges  0x00000430       0x28 .\CortexM3\ARM_GCC_541\Debug\day2_seven.a(Pin_LedGreen.o)
 .debug_ranges  0x00000458       0x28 .\CortexM3\ARM_GCC_541\Debug\day2_seven.a(Pin_LedYellow.o)
 .debug_ranges  0x00000480       0x70 .\CortexM3\ARM_GCC_541\Debug\day2_seven.a(ISR_Button1.o)
 .debug_ranges  0x000004f0       0x70 .\CortexM3\ARM_GCC_541\Debug\day2_seven.a(ISR_Button2.o)
 .debug_ranges  0x00000560       0x70 .\CortexM3\ARM_GCC_541\Debug\day2_seven.a(ISR_Button3.o)
 .debug_ranges  0x000005d0       0x70 .\CortexM3\ARM_GCC_541\Debug\day2_seven.a(ISR_Button4.o)
 .debug_ranges  0x00000640       0x28 .\CortexM3\ARM_GCC_541\Debug\day2_seven.a(Pin_Seg1_A.o)
 .debug_ranges  0x00000668       0x28 .\CortexM3\ARM_GCC_541\Debug\day2_seven.a(Pin_Seg1_B.o)
 .debug_ranges  0x00000690       0x28 .\CortexM3\ARM_GCC_541\Debug\day2_seven.a(Pin_Seg1_C.o)
 .debug_ranges  0x000006b8       0x28 .\CortexM3\ARM_GCC_541\Debug\day2_seven.a(Pin_Seg1_D.o)
 .debug_ranges  0x000006e0       0x28 .\CortexM3\ARM_GCC_541\Debug\day2_seven.a(Pin_Seg1_E.o)
 .debug_ranges  0x00000708       0x28 .\CortexM3\ARM_GCC_541\Debug\day2_seven.a(Pin_Seg1_F.o)
 .debug_ranges  0x00000730       0x28 .\CortexM3\ARM_GCC_541\Debug\day2_seven.a(Pin_Seg1_G.o)
 .debug_ranges  0x00000758       0x28 .\CortexM3\ARM_GCC_541\Debug\day2_seven.a(Pin_Select.o)
 .debug_ranges  0x00000780       0x28 .\CortexM3\ARM_GCC_541\Debug\day2_seven.a(Pin_Display.o)
 .debug_ranges  0x000007a8       0xe0 .\CortexM3\ARM_GCC_541\Debug\day2_seven.a(UART_1.o)
 .debug_ranges  0x00000888       0x60 .\CortexM3\ARM_GCC_541\Debug\day2_seven.a(UART_1_IntClock.o)
 .debug_ranges  0x000008e8       0x78 .\CortexM3\ARM_GCC_541\Debug\day2_seven.a(CyFlash.o)
 .debug_ranges  0x00000960       0x70 .\CortexM3\ARM_GCC_541\Debug\day2_seven.a(CySpc.o)

.comment        0x00000000       0x6e
 .comment       0x00000000       0x6e .\CortexM3\ARM_GCC_541\Debug\main.o
                                 0x6f (size before relaxing)
 .comment       0x0000006e       0x6f .\CortexM3\ARM_GCC_541\Debug\led.o
 .comment       0x0000006e       0x6f .\CortexM3\ARM_GCC_541\Debug\seven.o
 .comment       0x0000006e       0x6f .\CortexM3\ARM_GCC_541\Debug\uart.o
 .comment       0x0000006e       0x6f .\CortexM3\ARM_GCC_541\Debug\Button.o
 .comment       0x0000006e       0x6f .\CortexM3\ARM_GCC_541\Debug\cyfitter_cfg.o
 .comment       0x0000006e       0x6f .\CortexM3\ARM_GCC_541\Debug\cymetadata.o
 .comment       0x0000006e       0x6f .\CortexM3\ARM_GCC_541\Debug\Cm3Start.o
 .comment       0x0000006e       0x6f .\CortexM3\ARM_GCC_541\Debug\day2_seven.a(CyLib.o)
 .comment       0x0000006e       0x6f .\CortexM3\ARM_GCC_541\Debug\day2_seven.a(cyPm.o)
 .comment       0x0000006e       0x6f .\CortexM3\ARM_GCC_541\Debug\day2_seven.a(Pin_LedRed.o)
 .comment       0x0000006e       0x6f .\CortexM3\ARM_GCC_541\Debug\day2_seven.a(Pin_LedGreen.o)
 .comment       0x0000006e       0x6f .\CortexM3\ARM_GCC_541\Debug\day2_seven.a(Pin_LedYellow.o)
 .comment       0x0000006e       0x6f .\CortexM3\ARM_GCC_541\Debug\day2_seven.a(ISR_Button1.o)
 .comment       0x0000006e       0x6f .\CortexM3\ARM_GCC_541\Debug\day2_seven.a(ISR_Button2.o)
 .comment       0x0000006e       0x6f .\CortexM3\ARM_GCC_541\Debug\day2_seven.a(ISR_Button3.o)
 .comment       0x0000006e       0x6f .\CortexM3\ARM_GCC_541\Debug\day2_seven.a(ISR_Button4.o)
 .comment       0x0000006e       0x6f .\CortexM3\ARM_GCC_541\Debug\day2_seven.a(Pin_Seg1_A.o)
 .comment       0x0000006e       0x6f .\CortexM3\ARM_GCC_541\Debug\day2_seven.a(Pin_Seg1_B.o)
 .comment       0x0000006e       0x6f .\CortexM3\ARM_GCC_541\Debug\day2_seven.a(Pin_Seg1_C.o)
 .comment       0x0000006e       0x6f .\CortexM3\ARM_GCC_541\Debug\day2_seven.a(Pin_Seg1_D.o)
 .comment       0x0000006e       0x6f .\CortexM3\ARM_GCC_541\Debug\day2_seven.a(Pin_Seg1_E.o)
 .comment       0x0000006e       0x6f .\CortexM3\ARM_GCC_541\Debug\day2_seven.a(Pin_Seg1_F.o)
 .comment       0x0000006e       0x6f .\CortexM3\ARM_GCC_541\Debug\day2_seven.a(Pin_Seg1_G.o)
 .comment       0x0000006e       0x6f .\CortexM3\ARM_GCC_541\Debug\day2_seven.a(Pin_Select.o)
 .comment       0x0000006e       0x6f .\CortexM3\ARM_GCC_541\Debug\day2_seven.a(Pin_Display.o)
 .comment       0x0000006e       0x6f .\CortexM3\ARM_GCC_541\Debug\day2_seven.a(UART_1.o)
 .comment       0x0000006e       0x6f .\CortexM3\ARM_GCC_541\Debug\day2_seven.a(UART_1_IntClock.o)
 .comment       0x0000006e       0x6f .\CortexM3\ARM_GCC_541\Debug\day2_seven.a(CyFlash.o)
 .comment       0x0000006e       0x6f .\CortexM3\ARM_GCC_541\Debug\day2_seven.a(CySpc.o)

.debug_weaknames
 *(.debug_weaknames)

.debug_funcnames
 *(.debug_funcnames)

.debug_typenames
 *(.debug_typenames)

.debug_varnames
 *(.debug_varnames)

.note.gnu.arm.ident
 *(.note.gnu.arm.ident)

.ARM.attributes
                0x00000000       0x29
 *(.ARM.attributes)
 .ARM.attributes
                0x00000000       0x1d c:/program files (x86)/cypress/psoc creator/4.2/psoc creator/import/gnu/arm/5.4.1/bin/../lib/gcc/arm-none-eabi/5.4.1/armv7-m/crti.o
 .ARM.attributes
                0x0000001d       0x2d c:/program files (x86)/cypress/psoc creator/4.2/psoc creator/import/gnu/arm/5.4.1/bin/../lib/gcc/arm-none-eabi/5.4.1/armv7-m/crtbegin.o
 .ARM.attributes
                0x0000004a       0x1b c:/program files (x86)/cypress/psoc creator/4.2/psoc creator/import/gnu/arm/5.4.1/bin/../lib/gcc/arm-none-eabi/5.4.1/../../../../arm-none-eabi/lib/armv7-m/crt0.o
 .ARM.attributes
                0x00000065       0x33 .\CortexM3\ARM_GCC_541\Debug\main.o
 .ARM.attributes
                0x00000098       0x33 .\CortexM3\ARM_GCC_541\Debug\led.o
 .ARM.attributes
                0x000000cb       0x33 .\CortexM3\ARM_GCC_541\Debug\seven.o
 .ARM.attributes
                0x000000fe       0x33 .\CortexM3\ARM_GCC_541\Debug\uart.o
 .ARM.attributes
                0x00000131       0x33 .\CortexM3\ARM_GCC_541\Debug\Button.o
 .ARM.attributes
                0x00000164       0x33 .\CortexM3\ARM_GCC_541\Debug\cyfitter_cfg.o
 .ARM.attributes
                0x00000197       0x33 .\CortexM3\ARM_GCC_541\Debug\cymetadata.o
 .ARM.attributes
                0x000001ca       0x33 .\CortexM3\ARM_GCC_541\Debug\Cm3Start.o
 .ARM.attributes
                0x000001fd       0x33 .\CortexM3\ARM_GCC_541\Debug\day2_seven.a(CyLib.o)
 .ARM.attributes
                0x00000230       0x33 .\CortexM3\ARM_GCC_541\Debug\day2_seven.a(cyPm.o)
 .ARM.attributes
                0x00000263       0x33 .\CortexM3\ARM_GCC_541\Debug\day2_seven.a(Pin_LedRed.o)
 .ARM.attributes
                0x00000296       0x33 .\CortexM3\ARM_GCC_541\Debug\day2_seven.a(Pin_LedGreen.o)
 .ARM.attributes
                0x000002c9       0x33 .\CortexM3\ARM_GCC_541\Debug\day2_seven.a(Pin_LedYellow.o)
 .ARM.attributes
                0x000002fc       0x33 .\CortexM3\ARM_GCC_541\Debug\day2_seven.a(ISR_Button1.o)
 .ARM.attributes
                0x0000032f       0x33 .\CortexM3\ARM_GCC_541\Debug\day2_seven.a(ISR_Button2.o)
 .ARM.attributes
                0x00000362       0x33 .\CortexM3\ARM_GCC_541\Debug\day2_seven.a(ISR_Button3.o)
 .ARM.attributes
                0x00000395       0x33 .\CortexM3\ARM_GCC_541\Debug\day2_seven.a(ISR_Button4.o)
 .ARM.attributes
                0x000003c8       0x33 .\CortexM3\ARM_GCC_541\Debug\day2_seven.a(Pin_Seg1_A.o)
 .ARM.attributes
                0x000003fb       0x33 .\CortexM3\ARM_GCC_541\Debug\day2_seven.a(Pin_Seg1_B.o)
 .ARM.attributes
                0x0000042e       0x33 .\CortexM3\ARM_GCC_541\Debug\day2_seven.a(Pin_Seg1_C.o)
 .ARM.attributes
                0x00000461       0x33 .\CortexM3\ARM_GCC_541\Debug\day2_seven.a(Pin_Seg1_D.o)
 .ARM.attributes
                0x00000494       0x33 .\CortexM3\ARM_GCC_541\Debug\day2_seven.a(Pin_Seg1_E.o)
 .ARM.attributes
                0x000004c7       0x33 .\CortexM3\ARM_GCC_541\Debug\day2_seven.a(Pin_Seg1_F.o)
 .ARM.attributes
                0x000004fa       0x33 .\CortexM3\ARM_GCC_541\Debug\day2_seven.a(Pin_Seg1_G.o)
 .ARM.attributes
                0x0000052d       0x33 .\CortexM3\ARM_GCC_541\Debug\day2_seven.a(Pin_Select.o)
 .ARM.attributes
                0x00000560       0x33 .\CortexM3\ARM_GCC_541\Debug\day2_seven.a(Pin_Display.o)
 .ARM.attributes
                0x00000593       0x33 .\CortexM3\ARM_GCC_541\Debug\day2_seven.a(UART_1.o)
 .ARM.attributes
                0x000005c6       0x33 .\CortexM3\ARM_GCC_541\Debug\day2_seven.a(UART_1_IntClock.o)
 .ARM.attributes
                0x000005f9       0x21 .\CortexM3\ARM_GCC_541\Debug\day2_seven.a(CyBootAsmGnu.o)
 .ARM.attributes
                0x0000061a       0x33 .\CortexM3\ARM_GCC_541\Debug\day2_seven.a(CyFlash.o)
 .ARM.attributes
                0x0000064d       0x33 .\CortexM3\ARM_GCC_541\Debug\day2_seven.a(CySpc.o)
 .ARM.attributes
                0x00000680       0x2d c:/program files (x86)/cypress/psoc creator/4.2/psoc creator/import/gnu/arm/5.4.1/bin/../lib/gcc/arm-none-eabi/5.4.1/../../../../arm-none-eabi/lib/armv7-m\libg_nano.a(lib_a-errno.o)
 .ARM.attributes
                0x000006ad       0x2d c:/program files (x86)/cypress/psoc creator/4.2/psoc creator/import/gnu/arm/5.4.1/bin/../lib/gcc/arm-none-eabi/5.4.1/../../../../arm-none-eabi/lib/armv7-m\libg_nano.a(lib_a-exit.o)
 .ARM.attributes
                0x000006da       0x2d c:/program files (x86)/cypress/psoc creator/4.2/psoc creator/import/gnu/arm/5.4.1/bin/../lib/gcc/arm-none-eabi/5.4.1/../../../../arm-none-eabi/lib/armv7-m\libg_nano.a(lib_a-impure.o)
 .ARM.attributes
                0x00000707       0x2d c:/program files (x86)/cypress/psoc creator/4.2/psoc creator/import/gnu/arm/5.4.1/bin/../lib/gcc/arm-none-eabi/5.4.1/../../../../arm-none-eabi/lib/armv7-m\libg_nano.a(lib_a-init.o)
 .ARM.attributes
                0x00000734       0x2d c:/program files (x86)/cypress/psoc creator/4.2/psoc creator/import/gnu/arm/5.4.1/bin/../lib/gcc/arm-none-eabi/5.4.1/../../../../arm-none-eabi/lib/armv7-m\libg_nano.a(lib_a-memcpy-stub.o)
 .ARM.attributes
                0x00000761       0x2d c:/program files (x86)/cypress/psoc creator/4.2/psoc creator/import/gnu/arm/5.4.1/bin/../lib/gcc/arm-none-eabi/5.4.1/../../../../arm-none-eabi/lib/armv7-m\libg_nano.a(lib_a-memset.o)
 .ARM.attributes
                0x0000078e       0x2d c:/program files (x86)/cypress/psoc creator/4.2/psoc creator/import/gnu/arm/5.4.1/bin/../lib/gcc/arm-none-eabi/5.4.1/armv7-m/crtend.o
 .ARM.attributes
                0x000007bb       0x1d c:/program files (x86)/cypress/psoc creator/4.2/psoc creator/import/gnu/arm/5.4.1/bin/../lib/gcc/arm-none-eabi/5.4.1/armv7-m/crtn.o

/DISCARD/
 *(.note.GNU-stack)
OUTPUT(D:\HDA\Pre-Semester\2_Microcontroller\LabWorkspace\LabMicrocontroller\day2_seven.cydsn\CortexM3\ARM_GCC_541\Debug\day2_seven.elf elf32-littlearm)
