Archive member included to satisfy reference by file (symbol)

.\CortexM3\ARM_GCC_541\Debug\ReactionGame.a(Pin_LedRed.o)
                              .\CortexM3\ARM_GCC_541\Debug\led.o (Pin_LedRed_Write)
.\CortexM3\ARM_GCC_541\Debug\ReactionGame.a(Pin_LedGreen.o)
                              .\CortexM3\ARM_GCC_541\Debug\led.o (Pin_LedGreen_Write)
.\CortexM3\ARM_GCC_541\Debug\ReactionGame.a(Pin_LedYellow.o)
                              .\CortexM3\ARM_GCC_541\Debug\led.o (Pin_LedYellow_Write)
.\CortexM3\ARM_GCC_541\Debug\ReactionGame.a(ISR_Button1.o)
                              .\CortexM3\ARM_GCC_541\Debug\main.o (ISR_Button1_Start)
.\CortexM3\ARM_GCC_541\Debug\ReactionGame.a(ISR_Button2.o)
                              .\CortexM3\ARM_GCC_541\Debug\main.o (ISR_Button2_Start)
.\CortexM3\ARM_GCC_541\Debug\ReactionGame.a(ISR_Button3.o)
                              .\CortexM3\ARM_GCC_541\Debug\ReactionGame.o (ISR_Button3_Enable)
.\CortexM3\ARM_GCC_541\Debug\ReactionGame.a(ISR_Button4.o)
                              .\CortexM3\ARM_GCC_541\Debug\ReactionGame.o (ISR_Button4_Enable)
.\CortexM3\ARM_GCC_541\Debug\ReactionGame.a(Pin_Select.o)
                              .\CortexM3\ARM_GCC_541\Debug\seven.o (Pin_Select_Write)
.\CortexM3\ARM_GCC_541\Debug\ReactionGame.a(Pin_Display.o)
                              .\CortexM3\ARM_GCC_541\Debug\seven.o (Pin_Display_Write)
.\CortexM3\ARM_GCC_541\Debug\ReactionGame.a(UART_1.o)
                              .\CortexM3\ARM_GCC_541\Debug\main.o (UART_1_Start)
.\CortexM3\ARM_GCC_541\Debug\ReactionGame.a(UART_1_INT.o)
                              .\CortexM3\ARM_GCC_541\Debug\ReactionGame.a(UART_1.o) (UART_1_TXISR)
.\CortexM3\ARM_GCC_541\Debug\ReactionGame.a(UART_1_IntClock.o)
                              .\CortexM3\ARM_GCC_541\Debug\ReactionGame.a(UART_1.o) (UART_1_IntClock_Start)
.\CortexM3\ARM_GCC_541\Debug\ReactionGame.a(CyLib.o)
                              .\CortexM3\ARM_GCC_541\Debug\Cm3Start.o (CyHalt)
.\CortexM3\ARM_GCC_541\Debug\ReactionGame.a(cyPm.o)
                              .\CortexM3\ARM_GCC_541\Debug\ReactionGame.a(CyLib.o) (CyPmReadStatus)
.\CortexM3\ARM_GCC_541\Debug\ReactionGame.a(Control_Reg_SevenSegmentLED.o)
                              .\CortexM3\ARM_GCC_541\Debug\seven.o (Control_Reg_SevenSegmentLED_Write)
.\CortexM3\ARM_GCC_541\Debug\ReactionGame.a(SYStick.o)
                              .\CortexM3\ARM_GCC_541\Debug\main.o (SYStick_Start)
.\CortexM3\ARM_GCC_541\Debug\ReactionGame.a(ISR_SYStick.o)
                              .\CortexM3\ARM_GCC_541\Debug\main.o (ISR_SYStick_Start)
.\CortexM3\ARM_GCC_541\Debug\ReactionGame.a(CyBootAsmGnu.o)
                              .\CortexM3\ARM_GCC_541\Debug\cyfitter_cfg.o (CyDelayCycles)
.\CortexM3\ARM_GCC_541\Debug\ReactionGame.a(CyFlash.o)
                              .\CortexM3\ARM_GCC_541\Debug\ReactionGame.a(cyPm.o) (CyFlash_SetWaitCycles)
.\CortexM3\ARM_GCC_541\Debug\ReactionGame.a(CySpc.o)
                              .\CortexM3\ARM_GCC_541\Debug\ReactionGame.a(CyFlash.o) (CySpcStart)
c:/program files (x86)/cypress/psoc creator/4.2/psoc creator/import/gnu/arm/5.4.1/bin/../lib/gcc/arm-none-eabi/5.4.1/../../../../arm-none-eabi/lib/armv7-m\libg_nano.a(lib_a-errno.o)
                              .\CortexM3\ARM_GCC_541\Debug\Cm3Start.o (__errno)
c:/program files (x86)/cypress/psoc creator/4.2/psoc creator/import/gnu/arm/5.4.1/bin/../lib/gcc/arm-none-eabi/5.4.1/../../../../arm-none-eabi/lib/armv7-m\libg_nano.a(lib_a-exit.o)
                              c:/program files (x86)/cypress/psoc creator/4.2/psoc creator/import/gnu/arm/5.4.1/bin/../lib/gcc/arm-none-eabi/5.4.1/../../../../arm-none-eabi/lib/armv7-m/crt0.o (exit)
c:/program files (x86)/cypress/psoc creator/4.2/psoc creator/import/gnu/arm/5.4.1/bin/../lib/gcc/arm-none-eabi/5.4.1/../../../../arm-none-eabi/lib/armv7-m\libg_nano.a(lib_a-impure.o)
                              c:/program files (x86)/cypress/psoc creator/4.2/psoc creator/import/gnu/arm/5.4.1/bin/../lib/gcc/arm-none-eabi/5.4.1/../../../../arm-none-eabi/lib/armv7-m\libg_nano.a(lib_a-exit.o) (_global_impure_ptr)
c:/program files (x86)/cypress/psoc creator/4.2/psoc creator/import/gnu/arm/5.4.1/bin/../lib/gcc/arm-none-eabi/5.4.1/../../../../arm-none-eabi/lib/armv7-m\libg_nano.a(lib_a-init.o)
                              c:/program files (x86)/cypress/psoc creator/4.2/psoc creator/import/gnu/arm/5.4.1/bin/../lib/gcc/arm-none-eabi/5.4.1/../../../../arm-none-eabi/lib/armv7-m/crt0.o (__libc_init_array)
c:/program files (x86)/cypress/psoc creator/4.2/psoc creator/import/gnu/arm/5.4.1/bin/../lib/gcc/arm-none-eabi/5.4.1/../../../../arm-none-eabi/lib/armv7-m\libg_nano.a(lib_a-memcpy-stub.o)
                              .\CortexM3\ARM_GCC_541\Debug\cyfitter_cfg.o (memcpy)
c:/program files (x86)/cypress/psoc creator/4.2/psoc creator/import/gnu/arm/5.4.1/bin/../lib/gcc/arm-none-eabi/5.4.1/../../../../arm-none-eabi/lib/armv7-m\libg_nano.a(lib_a-memset.o)
[...]
Memory Configuration

Name             Origin             Length             Attributes
rom              0x00000000         0x00040000         xr
ram              0x1fff8000         0x00010000         xrw
*default*        0x00000000         0xffffffff

Linker script and memory map

LOAD c:/program files (x86)/cypress/psoc creator/4.2/psoc creator/import/gnu/arm/5.4.1/bin/../lib/gcc/arm-none-eabi/5.4.1/armv7-m/crti.o
LOAD c:/program files (x86)/cypress/psoc creator/4.2/psoc creator/import/gnu/arm/5.4.1/bin/../lib/gcc/arm-none-eabi/5.4.1/armv7-m/crtbegin.o
LOAD c:/program files (x86)/cypress/psoc creator/4.2/psoc creator/import/gnu/arm/5.4.1/bin/../lib/gcc/arm-none-eabi/5.4.1/../../../../arm-none-eabi/lib/armv7-m/crt0.o
START GROUP
LOAD .\CortexM3\ARM_GCC_541\Debug\main.o
LOAD .\CortexM3\ARM_GCC_541\Debug\ReactionGame.o
LOAD .\CortexM3\ARM_GCC_541\Debug\Button.o
LOAD .\CortexM3\ARM_GCC_541\Debug\led.o
LOAD .\CortexM3\ARM_GCC_541\Debug\seven.o
LOAD .\CortexM3\ARM_GCC_541\Debug\console.o
LOAD .\CortexM3\ARM_GCC_541\Debug\Timer.o
LOAD .\CortexM3\ARM_GCC_541\Debug\cyfitter_cfg.o
LOAD .\CortexM3\ARM_GCC_541\Debug\cymetadata.o
LOAD .\CortexM3\ARM_GCC_541\Debug\Cm3Start.o
LOAD .\CortexM3\ARM_GCC_541\Debug\ReactionGame.a
LOAD C:\Program Files (x86)\Cypress\PSoC Creator\4.2\PSoC Creator\psoc\content\cycomponentlibrary\CyComponentLibrary.cylib\CortexM3\ARM_GCC_541\Debug\CyComponentLibrary.a
END GROUP
START GROUP
LOAD c:/program files (x86)/cypress/psoc creator/4.2/psoc creator/import/gnu/arm/5.4.1/bin/../lib/gcc/arm-none-eabi/5.4.1/armv7-m\libgcc.a
LOAD c:/program files (x86)/cypress/psoc creator/4.2/psoc creator/import/gnu/arm/5.4.1/bin/../lib/gcc/arm-none-eabi/5.4.1/../../../../arm-none-eabi/lib/armv7-m\libg_nano.a
LOAD c:/program files (x86)/cypress/psoc creator/4.2/psoc creator/import/gnu/arm/5.4.1/bin/../lib/gcc/arm-none-eabi/5.4.1/../../../../arm-none-eabi/lib/armv7-m\libc_nano.a
END GROUP
START GROUP
LOAD c:/program files (x86)/cypress/psoc creator/4.2/psoc creator/import/gnu/arm/5.4.1/bin/../lib/gcc/arm-none-eabi/5.4.1/armv7-m\libgcc.a
LOAD c:/program files (x86)/cypress/psoc creator/4.2/psoc creator/import/gnu/arm/5.4.1/bin/../lib/gcc/arm-none-eabi/5.4.1/../../../../arm-none-eabi/lib/armv7-m\libc_nano.a
END GROUP
LOAD c:/program files (x86)/cypress/psoc creator/4.2/psoc creator/import/gnu/arm/5.4.1/bin/../lib/gcc/arm-none-eabi/5.4.1/armv7-m/crtend.o
LOAD c:/program files (x86)/cypress/psoc creator/4.2/psoc creator/import/gnu/arm/5.4.1/bin/../lib/gcc/arm-none-eabi/5.4.1/armv7-m/crtn.o
START GROUP
LOAD c:/program files (x86)/cypress/psoc creator/4.2/psoc creator/import/gnu/arm/5.4.1/bin/../lib/gcc/arm-none-eabi/5.4.1/armv7-m\libgcc.a
LOAD c:/program files (x86)/cypress/psoc creator/4.2/psoc creator/import/gnu/arm/5.4.1/bin/../lib/gcc/arm-none-eabi/5.4.1/../../../../arm-none-eabi/lib/armv7-m\libc.a
LOAD c:/program files (x86)/cypress/psoc creator/4.2/psoc creator/import/gnu/arm/5.4.1/bin/../lib/gcc/arm-none-eabi/5.4.1/../../../../arm-none-eabi/lib/armv7-m\libnosys.a
END GROUP
                0x00000000                CY_APPL_ORIGIN = 0x0
                0x00000100                CY_FLASH_ROW_SIZE = 0x100
                0x00000020                CY_ECC_ROW_SIZE = 0x20
                0x00000000                CY_EE_IN_BTLDR = 0x0
                0x00000000                CY_APPL_LOADABLE = 0x0
                0x00000800                CY_EE_SIZE = 0x800
                0x00000001                CY_APPL_NUM = 0x1
                0x00000001                CY_APPL_MAX = 0x1
                0x00000040                CY_METADATA_SIZE = 0x40
                0x00000000                CY_APPL_LOADABLE = 0x0
                0x00000000                CY_CHECKSUM_EXCLUDE_SIZE = ALIGN (0x0, CY_FLASH_ROW_SIZE)
                [!provide]                PROVIDE (__cy_heap_start, _end)
                0x00000001                PROVIDE (__cy_region_num, ((__cy_regions_end - __cy_regions) / 0x10))
                0x20008000                PROVIDE (__cy_stack, (ORIGIN (ram) + LENGTH (ram)))
                [!provide]                PROVIDE (__cy_heap_end, (__cy_stack - 0x800))

.cybootloader   0x00000000        0x0
 *(.cybootloader)
                0x00000000                appl1_start = CY_APPL_ORIGIN?CY_APPL_ORIGIN:ALIGN (CY_FLASH_ROW_SIZE)
                0x0001ff00                appl2_start = (appl1_start + ALIGN ((((LENGTH (rom) - appl1_start) - (0x2 * CY_FLASH_ROW_SIZE)) / 0x2), CY_FLASH_ROW_SIZE))
                0x00000000                appl_start = (CY_APPL_NUM == 0x1)?appl1_start:appl2_start
                0x00000000                ecc_offset = ((appl_start / CY_FLASH_ROW_SIZE) * CY_ECC_ROW_SIZE)
                0x00000000                ee_offset = (CY_APPL_LOADABLE && ! (CY_EE_IN_BTLDR))?((CY_EE_SIZE / CY_APPL_MAX) * (CY_APPL_NUM - 0x1)):0x0
                0x00000800                ee_size = (CY_APPL_LOADABLE && ! (CY_EE_IN_BTLDR))?(CY_EE_SIZE / CY_APPL_MAX):CY_EE_SIZE
                [!provide]                PROVIDE (CY_ECC_OFFSET, ecc_offset)

.text           0x00000000     0x14f6
 CREATE_OBJECT_SYMBOLS
                0x00000000                PROVIDE (__cy_interrupt_vector, RomVectors)
 *(.romvectors)
 .romvectors    0x00000000       0x10 .\CortexM3\ARM_GCC_541\Debug\Cm3Start.o
                0x00000000                RomVectors
                0x00000001                ASSERT ((. != __cy_interrupt_vector), No interrupt vector)
                0x00000001                ASSERT (CY_APPL_ORIGIN?(SIZEOF (.cybootloader) <= CY_APPL_ORIGIN):0x1, Wrong image location)
                0x00000010                PROVIDE (__cy_reset, Reset)
 *(.text.Reset)
 .text.Reset    0x00000010       0x18 .\CortexM3\ARM_GCC_541\Debug\Cm3Start.o
                0x00000010                Reset
                0x00000001                ASSERT ((. != __cy_reset), No reset code)
 *(.dma_init)
                0x00000001                ASSERT ((((appl_start + .) <= 0x10000) || 0x1), DMA Init must be within the first 64k of flash)
 *(.text .text.* .gnu.linkonce.t.*)
 .text          0x00000028       0x5c c:/program files (x86)/cypress/psoc creator/4.2/psoc creator/import/gnu/arm/5.4.1/bin/../lib/gcc/arm-none-eabi/5.4.1/armv7-m/crtbegin.o
 .text.main     0x00000084       0x2c .\CortexM3\ARM_GCC_541\Debug\main.o
                0x00000084                main
 .text.DisplayReactionResults
                0x000000b0       0x34 .\CortexM3\ARM_GCC_541\Debug\ReactionGame.o
 .text.CheckButtonPressMatch
                0x000000e4       0x38 .\CortexM3\ARM_GCC_541\Debug\ReactionGame.o
 .text.GetRandomNumber
                0x0000011c        0xc .\CortexM3\ARM_GCC_541\Debug\ReactionGame.o
 .text.StartReactionMeasurement
                0x00000128       0x10 .\CortexM3\ARM_GCC_541\Debug\ReactionGame.o
 .text.GetReactionMeasurement
                0x00000138       0x14 .\CortexM3\ARM_GCC_541\Debug\ReactionGame.o
 .text.ReactionGameRun
                0x0000014c       0xc0 .\CortexM3\ARM_GCC_541\Debug\ReactionGame.o
                0x0000014c                ReactionGameRun
 .text.ISR_Button1_Callback
                0x0000020c       0x18 .\CortexM3\ARM_GCC_541\Debug\Button.o
                0x0000020c                ISR_Button1_Callback
 .text.ISR_Button2_Callback
                0x00000224       0x18 .\CortexM3\ARM_GCC_541\Debug\Button.o
                0x00000224                ISR_Button2_Callback
 .text.ISR_Button3_Callback
                0x0000023c        0x4 .\CortexM3\ARM_GCC_541\Debug\Button.o
                0x0000023c                ISR_Button3_Callback
 .text.ISR_Button4_Callback
                0x00000240        0x4 .\CortexM3\ARM_GCC_541\Debug\Button.o
                0x00000240                ISR_Button4_Callback
 .text.UpdateButtonPressed
                0x00000244        0xc .\CortexM3\ARM_GCC_541\Debug\Button.o
                0x00000244                UpdateButtonPressed
 .text.ReadCurrentButtonPressed
                0x00000250        0xc .\CortexM3\ARM_GCC_541\Debug\Button.o
                0x00000250                ReadCurrentButtonPressed
 .text.SEVEN_Set
                0x0000025c       0x1c .\CortexM3\ARM_GCC_541\Debug\seven.o
 .text.SEVEN_init
                0x00000278       0x24 .\CortexM3\ARM_GCC_541\Debug\seven.o
                0x00000278                SEVEN_init
 .text.SEVEN_clear
                0x0000029c        0x8 .\CortexM3\ARM_GCC_541\Debug\seven.o
                0x0000029c                SEVEN_clear
 .text.SEVEN_Write
                0x000002a4       0x1c .\CortexM3\ARM_GCC_541\Debug\seven.o
                0x000002a4                SEVEN_Write
 .text.ConsoleWrite
                0x000002c0        0x8 .\CortexM3\ARM_GCC_541\Debug\console.o
 .text.PrintOnConsole
                0x000002c8       0x34 .\CortexM3\ARM_GCC_541\Debug\console.o
                0x000002c8                PrintOnConsole
 .text.BSW_TimeCallBack
                0x000002fc       0x2c .\CortexM3\ARM_GCC_541\Debug\Timer.o
                0x000002fc                BSW_TimeCallBack
 .text.DelayGenerator
                0x00000328       0x14 .\CortexM3\ARM_GCC_541\Debug\Timer.o
                0x00000328                DelayGenerator
 .text.StartTimerMeasurement
                0x0000033c       0x10 .\CortexM3\ARM_GCC_541\Debug\Timer.o
                0x0000033c                StartTimerMeasurement
 .text.StopTimerMeasurement
                0x0000034c        0xc .\CortexM3\ARM_GCC_541\Debug\Timer.o
                0x0000034c                StopTimerMeasurement
 .text.GetTimerMeasurement
                0x00000358        0xc .\CortexM3\ARM_GCC_541\Debug\Timer.o
                0x00000358                GetTimerMeasurement
 .text.CyClockStartupError
                0x00000364        0x4 .\CortexM3\ARM_GCC_541\Debug\cyfitter_cfg.o
 .text.cfg_write_bytes32
                0x00000368       0x34 .\CortexM3\ARM_GCC_541\Debug\cyfitter_cfg.o
 .text.AnalogSetDefault
                0x0000039c       0x28 .\CortexM3\ARM_GCC_541\Debug\cyfitter_cfg.o
 .text.CYMEMZERO
                0x000003c4        0xc .\CortexM3\ARM_GCC_541\Debug\cyfitter_cfg.o
 .text.ClockSetup
                0x000003d0       0xc4 .\CortexM3\ARM_GCC_541\Debug\cyfitter_cfg.o
 .text.CYCONFIGCPY
                0x00000494        0x8 .\CortexM3\ARM_GCC_541\Debug\cyfitter_cfg.o
 .text.cyfitter_cfg
                0x0000049c      0x124 .\CortexM3\ARM_GCC_541\Debug\cyfitter_cfg.o
                0x0000049c                cyfitter_cfg
 .text.IntDefaultHandler
                0x000005c0       0x10 .\CortexM3\ARM_GCC_541\Debug\Cm3Start.o
                0x000005c0                IntDefaultHandler
 .text._sbrk    0x000005d0       0x30 .\CortexM3\ARM_GCC_541\Debug\Cm3Start.o
                0x000005d0                _sbrk
 .text.Start_c  0x00000600       0x4c .\CortexM3\ARM_GCC_541\Debug\Cm3Start.o
                0x00000600                Start_c
 .text.initialize_psoc
                0x0000064c       0x68 .\CortexM3\ARM_GCC_541\Debug\Cm3Start.o
                0x0000064c                initialize_psoc
 .text.ISR_Button1_Interrupt
                0x000006b4        0x8 .\CortexM3\ARM_GCC_541\Debug\ReactionGame.a(ISR_Button1.o)
                0x000006b4                ISR_Button1_Interrupt
 .text.ISR_Button1_SetVector
                0x000006bc        0xc .\CortexM3\ARM_GCC_541\Debug\ReactionGame.a(ISR_Button1.o)
                0x000006bc                ISR_Button1_SetVector
 .text.ISR_Button1_SetPriority
                0x000006c8       0x10 .\CortexM3\ARM_GCC_541\Debug\ReactionGame.a(ISR_Button1.o)
                0x000006c8                ISR_Button1_SetPriority
 .text.ISR_Button1_Enable
                0x000006d8        0xc .\CortexM3\ARM_GCC_541\Debug\ReactionGame.a(ISR_Button1.o)
                0x000006d8                ISR_Button1_Enable
 .text.ISR_Button1_Disable
                0x000006e4        0xc .\CortexM3\ARM_GCC_541\Debug\ReactionGame.a(ISR_Button1.o)
                0x000006e4                ISR_Button1_Disable
 .text.ISR_Button1_Start
                0x000006f0       0x1c .\CortexM3\ARM_GCC_541\Debug\ReactionGame.a(ISR_Button1.o)
                0x000006f0                ISR_Button1_Start
 .text.ISR_Button2_Interrupt
                0x0000070c        0x8 .\CortexM3\ARM_GCC_541\Debug\ReactionGame.a(ISR_Button2.o)
                0x0000070c                ISR_Button2_Interrupt
 .text.ISR_Button2_SetVector
                0x00000714        0xc .\CortexM3\ARM_GCC_541\Debug\ReactionGame.a(ISR_Button2.o)
                0x00000714                ISR_Button2_SetVector
 .text.ISR_Button2_SetPriority
                0x00000720       0x10 .\CortexM3\ARM_GCC_541\Debug\ReactionGame.a(ISR_Button2.o)
                0x00000720                ISR_Button2_SetPriority
 .text.ISR_Button2_Enable
                0x00000730        0xc .\CortexM3\ARM_GCC_541\Debug\ReactionGame.a(ISR_Button2.o)
                0x00000730                ISR_Button2_Enable
 .text.ISR_Button2_Disable
                0x0000073c        0xc .\CortexM3\ARM_GCC_541\Debug\ReactionGame.a(ISR_Button2.o)
                0x0000073c                ISR_Button2_Disable
 .text.ISR_Button2_Start
                0x00000748       0x1c .\CortexM3\ARM_GCC_541\Debug\ReactionGame.a(ISR_Button2.o)
                0x00000748                ISR_Button2_Start
 .text.ISR_Button3_Interrupt
                0x00000764        0x8 .\CortexM3\ARM_GCC_541\Debug\ReactionGame.a(ISR_Button3.o)
                0x00000764                ISR_Button3_Interrupt
 .text.ISR_Button3_SetVector
                0x0000076c        0xc .\CortexM3\ARM_GCC_541\Debug\ReactionGame.a(ISR_Button3.o)
                0x0000076c                ISR_Button3_SetVector
 .text.ISR_Button3_SetPriority
                0x00000778       0x10 .\CortexM3\ARM_GCC_541\Debug\ReactionGame.a(ISR_Button3.o)
                0x00000778                ISR_Button3_SetPriority
 .text.ISR_Button3_Enable
                0x00000788        0xc .\CortexM3\ARM_GCC_541\Debug\ReactionGame.a(ISR_Button3.o)
                0x00000788                ISR_Button3_Enable
 .text.ISR_Button3_Disable
                0x00000794        0xc .\CortexM3\ARM_GCC_541\Debug\ReactionGame.a(ISR_Button3.o)
                0x00000794                ISR_Button3_Disable
 .text.ISR_Button3_Start
                0x000007a0       0x1c .\CortexM3\ARM_GCC_541\Debug\ReactionGame.a(ISR_Button3.o)
                0x000007a0                ISR_Button3_Start
 .text.ISR_Button4_Interrupt
                0x000007bc        0x8 .\CortexM3\ARM_GCC_541\Debug\ReactionGame.a(ISR_Button4.o)
                0x000007bc                ISR_Button4_Interrupt
 .text.ISR_Button4_SetVector
                0x000007c4        0xc .\CortexM3\ARM_GCC_541\Debug\ReactionGame.a(ISR_Button4.o)
                0x000007c4                ISR_Button4_SetVector
 .text.ISR_Button4_SetPriority
                0x000007d0       0x10 .\CortexM3\ARM_GCC_541\Debug\ReactionGame.a(ISR_Button4.o)
                0x000007d0                ISR_Button4_SetPriority
 .text.ISR_Button4_Enable
                0x000007e0        0xc .\CortexM3\ARM_GCC_541\Debug\ReactionGame.a(ISR_Button4.o)
                0x000007e0                ISR_Button4_Enable
 .text.ISR_Button4_Disable
                0x000007ec        0xc .\CortexM3\ARM_GCC_541\Debug\ReactionGame.a(ISR_Button4.o)
                0x000007ec                ISR_Button4_Disable
 .text.ISR_Button4_Start
                0x000007f8       0x1c .\CortexM3\ARM_GCC_541\Debug\ReactionGame.a(ISR_Button4.o)
                0x000007f8                ISR_Button4_Start
 .text.Pin_Select_Write
                0x00000814       0x18 .\CortexM3\ARM_GCC_541\Debug\ReactionGame.a(Pin_Select.o)
                0x00000814                Pin_Select_Write
 .text.Pin_Display_Write
                0x0000082c       0x18 .\CortexM3\ARM_GCC_541\Debug\ReactionGame.a(Pin_Display.o)
                0x0000082c                Pin_Display_Write
 .text.UART_1_Init
                0x00000844       0x40 .\CortexM3\ARM_GCC_541\Debug\ReactionGame.a(UART_1.o)
                0x00000844                UART_1_Init
 .text.UART_1_Enable
                0x00000884       0x48 .\CortexM3\ARM_GCC_541\Debug\ReactionGame.a(UART_1.o)
                0x00000884                UART_1_Enable
 .text.UART_1_Start
                0x000008cc       0x1c .\CortexM3\ARM_GCC_541\Debug\ReactionGame.a(UART_1.o)
                0x000008cc                UART_1_Start
 .text.UART_1_PutChar
                0x000008e8       0x70 .\CortexM3\ARM_GCC_541\Debug\ReactionGame.a(UART_1.o)
                0x000008e8                UART_1_PutChar
 .text.UART_1_PutString
                0x00000958       0x24 .\CortexM3\ARM_GCC_541\Debug\ReactionGame.a(UART_1.o)
                0x00000958                UART_1_PutString
 .text.UART_1_TXISR
                0x0000097c       0x58 .\CortexM3\ARM_GCC_541\Debug\ReactionGame.a(UART_1_INT.o)
                0x0000097c                UART_1_TXISR
 .text.UART_1_IntClock_Start
                0x000009d4       0x1c .\CortexM3\ARM_GCC_541\Debug\ReactionGame.a(UART_1_IntClock.o)
                0x000009d4                UART_1_IntClock_Start
 .text.CyHalt   0x000009f0        0x4 .\CortexM3\ARM_GCC_541\Debug\ReactionGame.a(CyLib.o)
                0x000009f0                CyHalt
 .text.CyIntSetVector
                0x000009f4       0x28 .\CortexM3\ARM_GCC_541\Debug\ReactionGame.a(CyLib.o)
                0x000009f4                CyIntSetVector
 .text.CyIntSetPriority
                0x00000a1c       0x30 .\CortexM3\ARM_GCC_541\Debug\ReactionGame.a(CyLib.o)
                0x00000a1c                CyIntSetPriority
 .text.Control_Reg_SevenSegmentLED_Write
                0x00000a4c        0xc .\CortexM3\ARM_GCC_541\Debug\ReactionGame.a(Control_Reg_SevenSegmentLED.o)
                0x00000a4c                Control_Reg_SevenSegmentLED_Write
 .text.SYStick_Enable
                0x00000a58       0x28 .\CortexM3\ARM_GCC_541\Debug\ReactionGame.a(SYStick.o)
                0x00000a58                SYStick_Enable
 .text.SYStick_SetInterruptMode
                0x00000a80        0xc .\CortexM3\ARM_GCC_541\Debug\ReactionGame.a(SYStick.o)
                0x00000a80                SYStick_SetInterruptMode
 .text.SYStick_WritePeriod
                0x00000a8c        0xc .\CortexM3\ARM_GCC_541\Debug\ReactionGame.a(SYStick.o)
                0x00000a8c                SYStick_WritePeriod
 .text.SYStick_WriteCounter
                0x00000a98        0xc .\CortexM3\ARM_GCC_541\Debug\ReactionGame.a(SYStick.o)
                0x00000a98                SYStick_WriteCounter
 .text.SYStick_Init
                0x00000aa4       0x68 .\CortexM3\ARM_GCC_541\Debug\ReactionGame.a(SYStick.o)
                0x00000aa4                SYStick_Init
 .text.SYStick_Start
                0x00000b0c       0x1c .\CortexM3\ARM_GCC_541\Debug\ReactionGame.a(SYStick.o)
                0x00000b0c                SYStick_Start
 .text.ISR_SYStick_Interrupt
                0x00000b28        0x8 .\CortexM3\ARM_GCC_541\Debug\ReactionGame.a(ISR_SYStick.o)
                0x00000b28                ISR_SYStick_Interrupt
 .text.ISR_SYStick_SetVector
                0x00000b30       0x10 .\CortexM3\ARM_GCC_541\Debug\ReactionGame.a(ISR_SYStick.o)
                0x00000b30                ISR_SYStick_SetVector
 .text.ISR_SYStick_SetPriority
                0x00000b40       0x10 .\CortexM3\ARM_GCC_541\Debug\ReactionGame.a(ISR_SYStick.o)
                0x00000b40                ISR_SYStick_SetPriority
 .text.ISR_SYStick_Enable
                0x00000b50       0x10 .\CortexM3\ARM_GCC_541\Debug\ReactionGame.a(ISR_SYStick.o)
                0x00000b50                ISR_SYStick_Enable
 .text.ISR_SYStick_Disable
                0x00000b60       0x10 .\CortexM3\ARM_GCC_541\Debug\ReactionGame.a(ISR_SYStick.o)
                0x00000b60                ISR_SYStick_Disable
 .text.ISR_SYStick_Start
                0x00000b70       0x1c .\CortexM3\ARM_GCC_541\Debug\ReactionGame.a(ISR_SYStick.o)
                0x00000b70                ISR_SYStick_Start
 *fill*         0x00000b8c        0x4 
 .text          0x00000b90       0x20 .\CortexM3\ARM_GCC_541\Debug\ReactionGame.a(CyBootAsmGnu.o)
                0x00000b90                CyDelayCycles
                0x00000ba0                CyEnterCriticalSection
                0x00000ba8                CyExitCriticalSection
 .text.__errno  0x00000bb0        0xc c:/program files (x86)/cypress/psoc creator/4.2/psoc creator/import/gnu/arm/5.4.1/bin/../lib/gcc/arm-none-eabi/5.4.1/../../../../arm-none-eabi/lib/armv7-m\libg_nano.a(lib_a-errno.o)
                0x00000bb0                __errno
 .text.__libc_init_array
                0x00000bbc       0x4c c:/program files (x86)/cypress/psoc creator/4.2/psoc creator/import/gnu/arm/5.4.1/bin/../lib/gcc/arm-none-eabi/5.4.1/../../../../arm-none-eabi/lib/armv7-m\libg_nano.a(lib_a-init.o)
                0x00000bbc                __libc_init_array
 .text.memcpy   0x00000c08       0x16 c:/program files (x86)/cypress/psoc creator/4.2/psoc creator/import/gnu/arm/5.4.1/bin/../lib/gcc/arm-none-eabi/5.4.1/../../../../arm-none-eabi/lib/armv7-m\libg_nano.a(lib_a-memcpy-stub.o)
                0x00000c08                memcpy
 .text.memset   0x00000c1e       0x10 c:/program files (x86)/cypress/psoc creator/4.2/psoc creator/import/gnu/arm/5.4.1/bin/../lib/gcc/arm-none-eabi/5.4.1/../../../../arm-none-eabi/lib/armv7-m\libg_nano.a(lib_a-memset.o)
                0x00000c1e                memset
 *fill*         0x00000c2e        0x2 
 .text.rand     0x00000c30       0x74 c:/program files (x86)/cypress/psoc creator/4.2/psoc creator/import/gnu/arm/5.4.1/bin/../lib/gcc/arm-none-eabi/5.4.1/../../../../arm-none-eabi/lib/armv7-m\libg_nano.a(lib_a-rand.o)
                0x00000c30                rand
 .text._vsprintf_r
                0x00000ca4       0x30 c:/program files (x86)/cypress/psoc creator/4.2/psoc creator/import/gnu/arm/5.4.1/bin/../lib/gcc/arm-none-eabi/5.4.1/../../../../arm-none-eabi/lib/armv7-m\libg_nano.a(lib_a-vsprintf.o)
                0x00000ca4                _vsprintf_r
                0x00000ca4                _vsiprintf_r
 .text.vsprintf
                0x00000cd4       0x14 c:/program files (x86)/cypress/psoc creator/4.2/psoc creator/import/gnu/arm/5.4.1/bin/../lib/gcc/arm-none-eabi/5.4.1/../../../../arm-none-eabi/lib/armv7-m\libg_nano.a(lib_a-vsprintf.o)
                0x00000cd4                vsiprintf
                0x00000cd4                vsprintf
 .text.malloc   0x00000ce8       0x10 c:/program files (x86)/cypress/psoc creator/4.2/psoc creator/import/gnu/arm/5.4.1/bin/../lib/gcc/arm-none-eabi/5.4.1/../../../../arm-none-eabi/lib/armv7-m\libg_nano.a(lib_a-malloc.o)
                0x00000ce8                malloc
 .text._free_r  0x00000cf8       0x98 c:/program files (x86)/cypress/psoc creator/4.2/psoc creator/import/gnu/arm/5.4.1/bin/../lib/gcc/arm-none-eabi/5.4.1/../../../../arm-none-eabi/lib/armv7-m\libg_nano.a(lib_a-nano-freer.o)
                0x00000cf8                _free_r
 .text._malloc_r
                0x00000d90       0xbc c:/program files (x86)/cypress/psoc creator/4.2/psoc creator/import/gnu/arm/5.4.1/bin/../lib/gcc/arm-none-eabi/5.4.1/../../../../arm-none-eabi/lib/armv7-m\libg_nano.a(lib_a-nano-mallocr.o)
                0x00000d90                _malloc_r
 .text.__ssputs_r
                0x00000e4c       0xb2 c:/program files (x86)/cypress/psoc creator/4.2/psoc creator/import/gnu/arm/5.4.1/bin/../lib/gcc/arm-none-eabi/5.4.1/../../../../arm-none-eabi/lib/armv7-m\libg_nano.a(lib_a-nano-svfprintf.o)
                0x00000e4c                __ssputs_r
 *fill*         0x00000efe        0x2 
 .text._svfprintf_r
                0x00000f00      0x1e8 c:/program files (x86)/cypress/psoc creator/4.2/psoc creator/import/gnu/arm/5.4.1/bin/../lib/gcc/arm-none-eabi/5.4.1/../../../../arm-none-eabi/lib/armv7-m\libg_nano.a(lib_a-nano-svfprintf.o)
                0x00000f00                _svfiprintf_r
                0x00000f00                _svfprintf_r
 .text._printf_common
                0x000010e8       0xec c:/program files (x86)/cypress/psoc creator/4.2/psoc creator/import/gnu/arm/5.4.1/bin/../lib/gcc/arm-none-eabi/5.4.1/../../../../arm-none-eabi/lib/armv7-m\libg_nano.a(lib_a-nano-vfprintf_i.o)
                0x000010e8                _printf_common
 .text._printf_i
                0x000011d4      0x24c c:/program files (x86)/cypress/psoc creator/4.2/psoc creator/import/gnu/arm/5.4.1/bin/../lib/gcc/arm-none-eabi/5.4.1/../../../../arm-none-eabi/lib/armv7-m\libg_nano.a(lib_a-nano-vfprintf_i.o)
                0x000011d4                _printf_i
 .text._sbrk_r  0x00001420       0x20 c:/program files (x86)/cypress/psoc creator/4.2/psoc creator/import/gnu/arm/5.4.1/bin/../lib/gcc/arm-none-eabi/5.4.1/../../../../arm-none-eabi/lib/armv7-m\libg_nano.a(lib_a-sbrkr.o)
                0x00001420                _sbrk_r
 .text.memchr   0x00001440       0x1c c:/program files (x86)/cypress/psoc creator/4.2/psoc creator/import/gnu/arm/5.4.1/bin/../lib/gcc/arm-none-eabi/5.4.1/../../../../arm-none-eabi/lib/armv7-m\libg_nano.a(lib_a-memchr-stub.o)
                0x00001440                memchr
 .text.memmove  0x0000145c       0x36 c:/program files (x86)/cypress/psoc creator/4.2/psoc creator/import/gnu/arm/5.4.1/bin/../lib/gcc/arm-none-eabi/5.4.1/../../../../arm-none-eabi/lib/armv7-m\libg_nano.a(lib_a-memmove.o)
                0x0000145c                memmove
 .text.__malloc_lock
                0x00001492        0x2 c:/program files (x86)/cypress/psoc creator/4.2/psoc creator/import/gnu/arm/5.4.1/bin/../lib/gcc/arm-none-eabi/5.4.1/../../../../arm-none-eabi/lib/armv7-m\libg_nano.a(lib_a-mlock.o)
                0x00001492                __malloc_lock
 .text.__malloc_unlock
                0x00001494        0x2 c:/program files (x86)/cypress/psoc creator/4.2/psoc creator/import/gnu/arm/5.4.1/bin/../lib/gcc/arm-none-eabi/5.4.1/../../../../arm-none-eabi/lib/armv7-m\libg_nano.a(lib_a-mlock.o)
                0x00001494                __malloc_unlock
 .text._realloc_r
                0x00001496       0x4c c:/program files (x86)/cypress/psoc creator/4.2/psoc creator/import/gnu/arm/5.4.1/bin/../lib/gcc/arm-none-eabi/5.4.1/../../../../arm-none-eabi/lib/armv7-m\libg_nano.a(lib_a-nano-reallocr.o)
                0x00001496                _realloc_r
 .text._malloc_usable_size_r
                0x000014e2       0x14 c:/program files (x86)/cypress/psoc creator/4.2/psoc creator/import/gnu/arm/5.4.1/bin/../lib/gcc/arm-none-eabi/5.4.1/../../../../arm-none-eabi/lib/armv7-m\libg_nano.a(lib_a-nano-msizer.o)
                0x000014e2                _malloc_usable_size_r
 *(.plt)
 *(.gnu.warning)
 *(.glue_7t)
 .glue_7t       0x000014f6        0x0 linker stubs
 *(.glue_7)
 .glue_7        0x000014f6        0x0 linker stubs
 *(.vfp11_veneer)
 .vfp11_veneer  0x000014f6        0x0 linker stubs
 *(.bootloader)
 *(.ARM.extab* .gnu.linkonce.armextab.*)
 *(.gcc_except_table)

.v4_bx          0x000014f8        0x0
 .v4_bx         0x000014f8        0x0 linker stubs

.iplt           0x000014f8        0x0
 .iplt          0x000014f8        0x0 c:/program files (x86)/cypress/psoc creator/4.2/psoc creator/import/gnu/arm/5.4.1/bin/../lib/gcc/arm-none-eabi/5.4.1/armv7-m/crtbegin.o

.eh_frame_hdr
 *(.eh_frame_hdr)

.eh_frame       0x000014f8        0x4
 *(.eh_frame)
 .eh_frame      0x000014f8        0x0 c:/program files (x86)/cypress/psoc creator/4.2/psoc creator/import/gnu/arm/5.4.1/bin/../lib/gcc/arm-none-eabi/5.4.1/armv7-m/crtbegin.o
 .eh_frame      0x000014f8        0x4 c:/program files (x86)/cypress/psoc creator/4.2/psoc creator/import/gnu/arm/5.4.1/bin/../lib/gcc/arm-none-eabi/5.4.1/armv7-m/crtend.o
                [!provide]                PROVIDE (__exidx_start, .)

.ARM.exidx
 *(.ARM.exidx* .gnu.linkonce.armexidx.*)
                0x000014fc                __exidx_end = .

.rodata         0x000014fc      0x16c
 *(.rodata .rodata.* .gnu.linkonce.r.*)
 .rodata        0x000014fc        0xc .\CortexM3\ARM_GCC_541\Debug\ReactionGame.o
 .rodata.str1.4
                0x00001508       0xa8 .\CortexM3\ARM_GCC_541\Debug\ReactionGame.o
 .rodata        0x000015b0       0x11 .\CortexM3\ARM_GCC_541\Debug\seven.o
 *fill*         0x000015c1        0x3 
 .rodata        0x000015c4       0x3a .\CortexM3\ARM_GCC_541\Debug\cyfitter_cfg.o
 .rodata.str1.1
                0x000015fe        0x2 c:/program files (x86)/cypress/psoc creator/4.2/psoc creator/import/gnu/arm/5.4.1/bin/../lib/gcc/arm-none-eabi/5.4.1/../../../../arm-none-eabi/lib/armv7-m\libg_nano.a(lib_a-impure.o)
 .rodata.str1.1
                0x00001600       0x11 c:/program files (x86)/cypress/psoc creator/4.2/psoc creator/import/gnu/arm/5.4.1/bin/../lib/gcc/arm-none-eabi/5.4.1/../../../../arm-none-eabi/lib/armv7-m\libg_nano.a(lib_a-nano-svfprintf.o)
 .rodata.str1.1
                0x00001611       0x22 c:/program files (x86)/cypress/psoc creator/4.2/psoc creator/import/gnu/arm/5.4.1/bin/../lib/gcc/arm-none-eabi/5.4.1/../../../../arm-none-eabi/lib/armv7-m\libg_nano.a(lib_a-nano-vfprintf_i.o)
                0x00001634                . = ALIGN (0x4)
 *fill*         0x00001633        0x1 
 *(.init)
 .init          0x00001634        0x4 c:/program files (x86)/cypress/psoc creator/4.2/psoc creator/import/gnu/arm/5.4.1/bin/../lib/gcc/arm-none-eabi/5.4.1/armv7-m/crti.o
                0x00001634                _init
 .init          0x00001638        0x8 c:/program files (x86)/cypress/psoc creator/4.2/psoc creator/import/gnu/arm/5.4.1/bin/../lib/gcc/arm-none-eabi/5.4.1/armv7-m/crtn.o
                0x00001640                . = ALIGN (0x4)
                0x00001640                __preinit_array_start = .
 *(.preinit_array)
                0x00001640                __preinit_array_end = .
                0x00001640                . = ALIGN (0x4)
                0x00001640                __init_array_start = .
 *(SORT(.init_array.*))
 *(.init_array)
 .init_array    0x00001640        0x4 c:/program files (x86)/cypress/psoc creator/4.2/psoc creator/import/gnu/arm/5.4.1/bin/../lib/gcc/arm-none-eabi/5.4.1/armv7-m/crtbegin.o
 .init_array    0x00001644        0x4 .\CortexM3\ARM_GCC_541\Debug\Cm3Start.o
                0x00001648                __init_array_end = .
                0x00001648                . = ALIGN (0x4)
 *(.fini)
 .fini          0x00001648        0x4 c:/program files (x86)/cypress/psoc creator/4.2/psoc creator/import/gnu/arm/5.4.1/bin/../lib/gcc/arm-none-eabi/5.4.1/armv7-m/crti.o
                0x00001648                _fini
 .fini          0x0000164c        0x8 c:/program files (x86)/cypress/psoc creator/4.2/psoc creator/import/gnu/arm/5.4.1/bin/../lib/gcc/arm-none-eabi/5.4.1/armv7-m/crtn.o
                0x00001654                . = ALIGN (0x4)
                0x00001654                __fini_array_start = .
 *(.fini_array)
 .fini_array    0x00001654        0x4 c:/program files (x86)/cypress/psoc creator/4.2/psoc creator/import/gnu/arm/5.4.1/bin/../lib/gcc/arm-none-eabi/5.4.1/armv7-m/crtbegin.o
 *(SORT(.fini_array.*))
                0x00001658                __fini_array_end = .
                0x00001658                . = ALIGN (0x4)
 *crtbegin.o(.ctors)
 *(EXCLUDE_FILE(*crtend.o) .ctors)
 *(SORT(.ctors.*))
 *crtend.o(.ctors)
                0x00001658                . = ALIGN (0x4)
 *crtbegin.o(.dtors)
 *(EXCLUDE_FILE(*crtend.o) .dtors)
 *(SORT(.dtors.*))
 *crtend.o(.dtors)
                0x00001658                . = ALIGN (0x4)
                0x00001658                __cy_regions = .
                0x00001658        0x4 LONG 0x1668 __cy_region_init_ram
                0x0000165c        0x4 LONG 0x1fff80c8 __cy_region_start_data
                0x00001660        0x4 LONG 0x70 __cy_region_init_size_ram
                0x00001664        0x4 LONG 0x60 __cy_region_zero_size_ram
                0x00001668                __cy_regions_end = .
                0x00001668                . = ALIGN (0x8)
                0x00001668                _etext = .

.cy_checksum_exclude
                0x00001668        0x0
 *(.cy_checksum_exclude)

.ramvectors     0x1fff8000       0xc0
                0x1fff8000                __cy_region_start_ram = .
 *(.ramvectors)
 .ramvectors    0x1fff8000       0xc0 .\CortexM3\ARM_GCC_541\Debug\Cm3Start.o
                0x1fff8000                CyRamVectors

.noinit         0x1fff80c0        0x1
 *(.noinit)
 .noinit        0x1fff80c0        0x1 .\CortexM3\ARM_GCC_541\Debug\ReactionGame.a(CyLib.o)
                0x1fff80c0                CyResetStatus

.data           0x1fff80c8       0x70 load address 0x00001668
                0x1fff80c8                __cy_region_start_data = .
 *(.jcr)
 .jcr           0x1fff80c8        0x0 c:/program files (x86)/cypress/psoc creator/4.2/psoc creator/import/gnu/arm/5.4.1/bin/../lib/gcc/arm-none-eabi/5.4.1/armv7-m/crtbegin.o
 .jcr           0x1fff80c8        0x4 c:/program files (x86)/cypress/psoc creator/4.2/psoc creator/import/gnu/arm/5.4.1/bin/../lib/gcc/arm-none-eabi/5.4.1/armv7-m/crtend.o
 *(.got.plt)
 *(.got)
 *(.shdata)
 *(.data .data.* .gnu.linkonce.d.*)
 .data          0x1fff80cc        0x4 .\CortexM3\ARM_GCC_541\Debug\Cm3Start.o
 .data.impure_data
                0x1fff80d0       0x60 c:/program files (x86)/cypress/psoc creator/4.2/psoc creator/import/gnu/arm/5.4.1/bin/../lib/gcc/arm-none-eabi/5.4.1/../../../../arm-none-eabi/lib/armv7-m\libg_nano.a(lib_a-impure.o)
 .data._impure_ptr
                0x1fff8130        0x4 c:/program files (x86)/cypress/psoc creator/4.2/psoc creator/import/gnu/arm/5.4.1/bin/../lib/gcc/arm-none-eabi/5.4.1/../../../../arm-none-eabi/lib/armv7-m\libg_nano.a(lib_a-impure.o)
                0x1fff8130                _impure_ptr
                0x1fff8138                . = ALIGN (0x8)
 *fill*         0x1fff8134        0x4 
 *(.ram)
                0x1fff8138                _edata = .

.igot.plt       0x1fff8138        0x0 load address 0x000016d8
 .igot.plt      0x1fff8138        0x0 c:/program files (x86)/cypress/psoc creator/4.2/psoc creator/import/gnu/arm/5.4.1/bin/../lib/gcc/arm-none-eabi/5.4.1/armv7-m/crtbegin.o

.bss            0x1fff8138       0x60 load address 0x000016d8
                0x1fff8138                PROVIDE (__bss_start__, .)
 *(.shbss)
 *(.bss .bss.* .gnu.linkonce.b.*)
 .bss           0x1fff8138       0x1c c:/program files (x86)/cypress/psoc creator/4.2/psoc creator/import/gnu/arm/5.4.1/bin/../lib/gcc/arm-none-eabi/5.4.1/armv7-m/crtbegin.o
 .bss           0x1fff8154        0xc .\CortexM3\ARM_GCC_541\Debug\ReactionGame.o
 .bss           0x1fff8160        0x1 .\CortexM3\ARM_GCC_541\Debug\Button.o
 *fill*         0x1fff8161        0x3 
 .bss           0x1fff8164       0x10 .\CortexM3\ARM_GCC_541\Debug\Timer.o
 .bss           0x1fff8174        0x4 .\CortexM3\ARM_GCC_541\Debug\ReactionGame.a(UART_1.o)
                0x1fff8174                UART_1_initVar
                0x1fff8175                UART_1_txBufferRead
                0x1fff8176                UART_1_txBufferWrite
 .bss           0x1fff8178        0x1 .\CortexM3\ARM_GCC_541\Debug\ReactionGame.a(SYStick.o)
                0x1fff8178                SYStick_initVar
 *fill*         0x1fff8179        0x3 
 .bss.__malloc_sbrk_start
                0x1fff817c        0x4 c:/program files (x86)/cypress/psoc creator/4.2/psoc creator/import/gnu/arm/5.4.1/bin/../lib/gcc/arm-none-eabi/5.4.1/../../../../arm-none-eabi/lib/armv7-m\libg_nano.a(lib_a-nano-mallocr.o)
                0x1fff817c                __malloc_sbrk_start
 .bss.__malloc_free_list
                0x1fff8180        0x4 c:/program files (x86)/cypress/psoc creator/4.2/psoc creator/import/gnu/arm/5.4.1/bin/../lib/gcc/arm-none-eabi/5.4.1/../../../../arm-none-eabi/lib/armv7-m\libg_nano.a(lib_a-nano-mallocr.o)
                0x1fff8180                __malloc_free_list
 *(COMMON)
 COMMON         0x1fff8184       0x10 .\CortexM3\ARM_GCC_541\Debug\ReactionGame.a(UART_1.o)
                0x1fff8184                UART_1_txBuffer
 COMMON         0x1fff8194        0x4 c:/program files (x86)/cypress/psoc creator/4.2/psoc creator/import/gnu/arm/5.4.1/bin/../lib/gcc/arm-none-eabi/5.4.1/../../../../arm-none-eabi/lib/armv7-m\libg_nano.a(lib_a-reent.o)
                0x1fff8194                errno
                0x1fff8198                . = ALIGN (0x8)
 *(.ram.b)
                0x1fff8198                _end = .
                0x1fff8198                __end = .
                0x1fff8198                PROVIDE (end, .)
                0x1fff8198                PROVIDE (__bss_end__, .)
                0x00001668                __cy_region_init_ram = LOADADDR (.data)
                0x00000070                __cy_region_init_size_ram = (_edata - ADDR (.data))
                0x00000060                __cy_region_zero_size_ram = (_end - _edata)

.heap           0x1fff8198       0x80 load address 0x000016d8
                0x1fff8198                . = _end
                0x1fff8218                . = (. + 0x80)
 *fill*         0x1fff8198       0x80 
                0x1fff8218                __cy_heap_limit = .

.stack          0x20007800      0x800
                0x20007800                __cy_stack_limit = .
                0x20008000                . = (. + 0x800)
 *fill*         0x20007800      0x800 
                0x00000001                ASSERT ((__cy_stack_limit >= __cy_heap_limit), region RAM overflowed with stack)
                0x00000000                cy_checksum_exclude_size = (CY_APPL_LOADABLE == 0x1)?SIZEOF (.cy_checksum_exclude):0x0
                0x00000001                ASSERT ((cy_checksum_exclude_size <= CY_CHECKSUM_EXCLUDE_SIZE), CY_BOOT: Section .cy_checksum_exclude size exceedes specified limit.)

.cyloadermeta
 *(.cyloadermeta)

.cyloadablemeta
 *(.cyloadablemeta)

.cyconfigecc    0x80000000      0x400
 *(.cyconfigecc)
 .cyconfigecc   0x80000000      0x400 .\CortexM3\ARM_GCC_541\Debug\cymetadata.o
                0x80000000                cy_meta_configecc

.cycustnvl      0x90000000        0x4
 *(.cycustnvl)
 .cycustnvl     0x90000000        0x4 .\CortexM3\ARM_GCC_541\Debug\cymetadata.o
                0x90000000                cy_meta_custnvl

.cywolatch      0x90100000        0x4
 *(.cywolatch)
 .cywolatch     0x90100000        0x4 .\CortexM3\ARM_GCC_541\Debug\cymetadata.o
                0x90100000                cy_meta_wonvl

.cyeeprom       0x90200000        0x0
 *(.cyeeprom)
                0x00000001                ASSERT ((. <= ((0x90200000 + ee_offset) + ee_size)), .cyeeprom data will not fit in EEPROM)

.cyflashprotect
                0x90400000      0x100
 *(.cyflashprotect)
 .cyflashprotect
                0x90400000      0x100 .\CortexM3\ARM_GCC_541\Debug\cymetadata.o
                0x90400000                cy_meta_flashprotect

.cymeta         0x90500000        0xc
 *(.cymeta)
 .cymeta        0x90500000        0xc .\CortexM3\ARM_GCC_541\Debug\cymetadata.o
                0x90500000                cy_metadata

.rel.dyn        0x000016d8        0x0 load address 0x9050000c
 .rel.iplt      0x000016d8        0x0 c:/program files (x86)/cypress/psoc creator/4.2/psoc creator/import/gnu/arm/5.4.1/bin/../lib/gcc/arm-none-eabi/5.4.1/armv7-m/crtbegin.o

.stab
 *(.stab)

.stabstr
 *(.stabstr)

.debug
 *(.debug)

.line
 *(.line)

.debug_srcinfo
 *(.debug_srcinfo)

.debug_sfnames
 *(.debug_sfnames)

.debug_aranges  0x00000000      0xc50
 *(.debug_aranges)
 .debug_aranges
                0x00000000       0x20 .\CortexM3\ARM_GCC_541\Debug\main.o
 .debug_aranges
                0x00000020       0x48 .\CortexM3\ARM_GCC_541\Debug\ReactionGame.o
 .debug_aranges
                0x00000068       0x48 .\CortexM3\ARM_GCC_541\Debug\Button.o
 .debug_aranges
                0x000000b0       0x20 .\CortexM3\ARM_GCC_541\Debug\led.o
 .debug_aranges
                0x000000d0       0x38 .\CortexM3\ARM_GCC_541\Debug\seven.o
 .debug_aranges
                0x00000108       0x28 .\CortexM3\ARM_GCC_541\Debug\console.o
 .debug_aranges
                0x00000130       0x40 .\CortexM3\ARM_GCC_541\Debug\Timer.o
 .debug_aranges
                0x00000170       0x58 .\CortexM3\ARM_GCC_541\Debug\cyfitter_cfg.o
 .debug_aranges
                0x000001c8       0x18 .\CortexM3\ARM_GCC_541\Debug\cymetadata.o
 .debug_aranges
                0x000001e0       0x48 .\CortexM3\ARM_GCC_541\Debug\Cm3Start.o
 .debug_aranges
                0x00000228       0x38 .\CortexM3\ARM_GCC_541\Debug\ReactionGame.a(Pin_LedRed.o)
 .debug_aranges
                0x00000260       0x38 .\CortexM3\ARM_GCC_541\Debug\ReactionGame.a(Pin_LedGreen.o)
 .debug_aranges
                0x00000298       0x38 .\CortexM3\ARM_GCC_541\Debug\ReactionGame.a(Pin_LedYellow.o)
 .debug_aranges
                0x000002d0       0x80 .\CortexM3\ARM_GCC_541\Debug\ReactionGame.a(ISR_Button1.o)
 .debug_aranges
                0x00000350       0x80 .\CortexM3\ARM_GCC_541\Debug\ReactionGame.a(ISR_Button2.o)
 .debug_aranges
                0x000003d0       0x80 .\CortexM3\ARM_GCC_541\Debug\ReactionGame.a(ISR_Button3.o)
 .debug_aranges
                0x00000450       0x80 .\CortexM3\ARM_GCC_541\Debug\ReactionGame.a(ISR_Button4.o)
 .debug_aranges
                0x000004d0       0x38 .\CortexM3\ARM_GCC_541\Debug\ReactionGame.a(Pin_Select.o)
 .debug_aranges
                0x00000508       0x38 .\CortexM3\ARM_GCC_541\Debug\ReactionGame.a(Pin_Display.o)
 .debug_aranges
                0x00000540       0xf0 .\CortexM3\ARM_GCC_541\Debug\ReactionGame.a(UART_1.o)
 .debug_aranges
                0x00000630       0x20 .\CortexM3\ARM_GCC_541\Debug\ReactionGame.a(UART_1_INT.o)
 .debug_aranges
                0x00000650       0x70 .\CortexM3\ARM_GCC_541\Debug\ReactionGame.a(UART_1_IntClock.o)
 .debug_aranges
                0x000006c0      0x2a0 .\CortexM3\ARM_GCC_541\Debug\ReactionGame.a(CyLib.o)
 .debug_aranges
                0x00000960       0x98 .\CortexM3\ARM_GCC_541\Debug\ReactionGame.a(cyPm.o)
 .debug_aranges
                0x000009f8       0x28 .\CortexM3\ARM_GCC_541\Debug\ReactionGame.a(Control_Reg_SevenSegmentLED.o)
 .debug_aranges
                0x00000a20       0x88 .\CortexM3\ARM_GCC_541\Debug\ReactionGame.a(SYStick.o)
 .debug_aranges
                0x00000aa8       0x80 .\CortexM3\ARM_GCC_541\Debug\ReactionGame.a(ISR_SYStick.o)
 .debug_aranges
                0x00000b28       0x20 .\CortexM3\ARM_GCC_541\Debug\ReactionGame.a(CyBootAsmGnu.o)
 .debug_aranges
                0x00000b48       0x88 .\CortexM3\ARM_GCC_541\Debug\ReactionGame.a(CyFlash.o)
 .debug_aranges
                0x00000bd0       0x80 .\CortexM3\ARM_GCC_541\Debug\ReactionGame.a(CySpc.o)

.debug_pubnames
 *(.debug_pubnames)

.debug_info     0x00000000     0x689c
 *(.debug_info .gnu.linkonce.wi.*)
 .debug_info    0x00000000      0x184 .\CortexM3\ARM_GCC_541\Debug\main.o
 .debug_info    0x00000184      0x591 .\CortexM3\ARM_GCC_541\Debug\ReactionGame.o
 .debug_info    0x00000715      0x1aa .\CortexM3\ARM_GCC_541\Debug\Button.o
 .debug_info    0x000008bf      0x1c9 .\CortexM3\ARM_GCC_541\Debug\led.o
 .debug_info    0x00000a88      0x360 .\CortexM3\ARM_GCC_541\Debug\seven.o
 .debug_info    0x00000de8      0x22d .\CortexM3\ARM_GCC_541\Debug\console.o
 .debug_info    0x00001015      0x19b .\CortexM3\ARM_GCC_541\Debug\Timer.o
 .debug_info    0x000011b0      0x5de .\CortexM3\ARM_GCC_541\Debug\cyfitter_cfg.o
 .debug_info    0x0000178e      0x135 .\CortexM3\ARM_GCC_541\Debug\cymetadata.o
 .debug_info    0x000018c3      0x3bb .\CortexM3\ARM_GCC_541\Debug\Cm3Start.o
 .debug_info    0x00001c7e      0x11f .\CortexM3\ARM_GCC_541\Debug\ReactionGame.a(Pin_LedRed.o)
 .debug_info    0x00001d9d      0x11f .\CortexM3\ARM_GCC_541\Debug\ReactionGame.a(Pin_LedGreen.o)
 .debug_info    0x00001ebc      0x11f .\CortexM3\ARM_GCC_541\Debug\ReactionGame.a(Pin_LedYellow.o)
 .debug_info    0x00001fdb      0x2fc .\CortexM3\ARM_GCC_541\Debug\ReactionGame.a(ISR_Button1.o)
 .debug_info    0x000022d7      0x2fc .\CortexM3\ARM_GCC_541\Debug\ReactionGame.a(ISR_Button2.o)
 .debug_info    0x000025d3      0x2fc .\CortexM3\ARM_GCC_541\Debug\ReactionGame.a(ISR_Button3.o)
 .debug_info    0x000028cf      0x2fc .\CortexM3\ARM_GCC_541\Debug\ReactionGame.a(ISR_Button4.o)
 .debug_info    0x00002bcb      0x11f .\CortexM3\ARM_GCC_541\Debug\ReactionGame.a(Pin_Select.o)
 .debug_info    0x00002cea      0x11f .\CortexM3\ARM_GCC_541\Debug\ReactionGame.a(Pin_Display.o)
 .debug_info    0x00002e09      0x6d1 .\CortexM3\ARM_GCC_541\Debug\ReactionGame.a(UART_1.o)
 .debug_info    0x000034da       0xf6 .\CortexM3\ARM_GCC_541\Debug\ReactionGame.a(UART_1_INT.o)
 .debug_info    0x000035d0      0x283 .\CortexM3\ARM_GCC_541\Debug\ReactionGame.a(UART_1_IntClock.o)
 .debug_info    0x00003853     0x1374 .\CortexM3\ARM_GCC_541\Debug\ReactionGame.a(CyLib.o)
 .debug_info    0x00004bc7      0xa2a .\CortexM3\ARM_GCC_541\Debug\ReactionGame.a(cyPm.o)
 .debug_info    0x000055f1       0xd6 .\CortexM3\ARM_GCC_541\Debug\ReactionGame.a(Control_Reg_SevenSegmentLED.o)
 .debug_info    0x000056c7      0x295 .\CortexM3\ARM_GCC_541\Debug\ReactionGame.a(SYStick.o)
 .debug_info    0x0000595c      0x2fc .\CortexM3\ARM_GCC_541\Debug\ReactionGame.a(ISR_SYStick.o)
 .debug_info    0x00005c58       0xa7 .\CortexM3\ARM_GCC_541\Debug\ReactionGame.a(CyBootAsmGnu.o)
 .debug_info    0x00005cff      0x64d .\CortexM3\ARM_GCC_541\Debug\ReactionGame.a(CyFlash.o)
 .debug_info    0x0000634c      0x550 .\CortexM3\ARM_GCC_541\Debug\ReactionGame.a(CySpc.o)

.debug_abbrev   0x00000000     0x21b8
 *(.debug_abbrev)
 .debug_abbrev  0x00000000       0x8a .\CortexM3\ARM_GCC_541\Debug\main.o
 .debug_abbrev  0x0000008a      0x147 .\CortexM3\ARM_GCC_541\Debug\ReactionGame.o
 .debug_abbrev  0x000001d1       0xef .\CortexM3\ARM_GCC_541\Debug\Button.o
 .debug_abbrev  0x000002c0       0xd6 .\CortexM3\ARM_GCC_541\Debug\led.o
 .debug_abbrev  0x00000396      0x14c .\CortexM3\ARM_GCC_541\Debug\seven.o
 .debug_abbrev  0x000004e2      0x154 .\CortexM3\ARM_GCC_541\Debug\console.o
 .debug_abbrev  0x00000636       0xb9 .\CortexM3\ARM_GCC_541\Debug\Timer.o
 .debug_abbrev  0x000006ef      0x20d .\CortexM3\ARM_GCC_541\Debug\cyfitter_cfg.o
 .debug_abbrev  0x000008fc       0x66 .\CortexM3\ARM_GCC_541\Debug\cymetadata.o
 .debug_abbrev  0x00000962      0x1e8 .\CortexM3\ARM_GCC_541\Debug\Cm3Start.o
 .debug_abbrev  0x00000b4a       0x90 .\CortexM3\ARM_GCC_541\Debug\ReactionGame.a(Pin_LedRed.o)
 .debug_abbrev  0x00000bda       0x90 .\CortexM3\ARM_GCC_541\Debug\ReactionGame.a(Pin_LedGreen.o)
 .debug_abbrev  0x00000c6a       0x90 .\CortexM3\ARM_GCC_541\Debug\ReactionGame.a(Pin_LedYellow.o)
 .debug_abbrev  0x00000cfa      0x184 .\CortexM3\ARM_GCC_541\Debug\ReactionGame.a(ISR_Button1.o)
 .debug_abbrev  0x00000e7e      0x184 .\CortexM3\ARM_GCC_541\Debug\ReactionGame.a(ISR_Button2.o)
 .debug_abbrev  0x00001002      0x184 .\CortexM3\ARM_GCC_541\Debug\ReactionGame.a(ISR_Button3.o)
 .debug_abbrev  0x00001186      0x184 .\CortexM3\ARM_GCC_541\Debug\ReactionGame.a(ISR_Button4.o)
 .debug_abbrev  0x0000130a       0x90 .\CortexM3\ARM_GCC_541\Debug\ReactionGame.a(Pin_Select.o)
 .debug_abbrev  0x0000139a       0x90 .\CortexM3\ARM_GCC_541\Debug\ReactionGame.a(Pin_Display.o)
 .debug_abbrev  0x0000142a      0x16f .\CortexM3\ARM_GCC_541\Debug\ReactionGame.a(UART_1.o)
 .debug_abbrev  0x00001599       0x79 .\CortexM3\ARM_GCC_541\Debug\ReactionGame.a(UART_1_INT.o)
 .debug_abbrev  0x00001612      0x139 .\CortexM3\ARM_GCC_541\Debug\ReactionGame.a(UART_1_IntClock.o)
 .debug_abbrev  0x0000174b      0x254 .\CortexM3\ARM_GCC_541\Debug\ReactionGame.a(CyLib.o)
 .debug_abbrev  0x0000199f      0x1ab .\CortexM3\ARM_GCC_541\Debug\ReactionGame.a(cyPm.o)
 .debug_abbrev  0x00001b4a       0x81 .\CortexM3\ARM_GCC_541\Debug\ReactionGame.a(Control_Reg_SevenSegmentLED.o)
 .debug_abbrev  0x00001bcb      0x11a .\CortexM3\ARM_GCC_541\Debug\ReactionGame.a(SYStick.o)
 .debug_abbrev  0x00001ce5      0x184 .\CortexM3\ARM_GCC_541\Debug\ReactionGame.a(ISR_SYStick.o)
 .debug_abbrev  0x00001e69       0x14 .\CortexM3\ARM_GCC_541\Debug\ReactionGame.a(CyBootAsmGnu.o)
 .debug_abbrev  0x00001e7d      0x1a7 .\CortexM3\ARM_GCC_541\Debug\ReactionGame.a(CyFlash.o)
 .debug_abbrev  0x00002024      0x194 .\CortexM3\ARM_GCC_541\Debug\ReactionGame.a(CySpc.o)

.debug_line     0x00000000     0x3466
 *(.debug_line)
 .debug_line    0x00000000      0x209 .\CortexM3\ARM_GCC_541\Debug\main.o
 .debug_line    0x00000209      0x2d9 .\CortexM3\ARM_GCC_541\Debug\ReactionGame.o
 .debug_line    0x000004e2      0x1d4 .\CortexM3\ARM_GCC_541\Debug\Button.o
 .debug_line    0x000006b6      0x1ab .\CortexM3\ARM_GCC_541\Debug\led.o
 .debug_line    0x00000861      0x20a .\CortexM3\ARM_GCC_541\Debug\seven.o
 .debug_line    0x00000a6b      0x298 .\CortexM3\ARM_GCC_541\Debug\console.o
 .debug_line    0x00000d03      0x1b5 .\CortexM3\ARM_GCC_541\Debug\Timer.o
 .debug_line    0x00000eb8      0x1f6 .\CortexM3\ARM_GCC_541\Debug\cyfitter_cfg.o
 .debug_line    0x000010ae      0x141 .\CortexM3\ARM_GCC_541\Debug\cymetadata.o
 .debug_line    0x000011ef      0x234 .\CortexM3\ARM_GCC_541\Debug\Cm3Start.o
 .debug_line    0x00001423       0x97 .\CortexM3\ARM_GCC_541\Debug\ReactionGame.a(Pin_LedRed.o)
 .debug_line    0x000014ba       0x99 .\CortexM3\ARM_GCC_541\Debug\ReactionGame.a(Pin_LedGreen.o)
 .debug_line    0x00001553       0x9a .\CortexM3\ARM_GCC_541\Debug\ReactionGame.a(Pin_LedYellow.o)
 .debug_line    0x000015ed      0x139 .\CortexM3\ARM_GCC_541\Debug\ReactionGame.a(ISR_Button1.o)
 .debug_line    0x00001726      0x139 .\CortexM3\ARM_GCC_541\Debug\ReactionGame.a(ISR_Button2.o)
 .debug_line    0x0000185f      0x139 .\CortexM3\ARM_GCC_541\Debug\ReactionGame.a(ISR_Button3.o)
 .debug_line    0x00001998      0x139 .\CortexM3\ARM_GCC_541\Debug\ReactionGame.a(ISR_Button4.o)
 .debug_line    0x00001ad1       0x97 .\CortexM3\ARM_GCC_541\Debug\ReactionGame.a(Pin_Select.o)
 .debug_line    0x00001b68       0x98 .\CortexM3\ARM_GCC_541\Debug\ReactionGame.a(Pin_Display.o)
 .debug_line    0x00001c00      0x2f9 .\CortexM3\ARM_GCC_541\Debug\ReactionGame.a(UART_1.o)
 .debug_line    0x00001ef9       0x81 .\CortexM3\ARM_GCC_541\Debug\ReactionGame.a(UART_1_INT.o)
 .debug_line    0x00001f7a      0x17e .\CortexM3\ARM_GCC_541\Debug\ReactionGame.a(UART_1_IntClock.o)
 .debug_line    0x000020f8      0x816 .\CortexM3\ARM_GCC_541\Debug\ReactionGame.a(CyLib.o)
 .debug_line    0x0000290e      0x367 .\CortexM3\ARM_GCC_541\Debug\ReactionGame.a(cyPm.o)
 .debug_line    0x00002c75       0x83 .\CortexM3\ARM_GCC_541\Debug\ReactionGame.a(Control_Reg_SevenSegmentLED.o)
 .debug_line    0x00002cf8      0x155 .\CortexM3\ARM_GCC_541\Debug\ReactionGame.a(SYStick.o)
 .debug_line    0x00002e4d      0x139 .\CortexM3\ARM_GCC_541\Debug\ReactionGame.a(ISR_SYStick.o)
 .debug_line    0x00002f86       0x66 .\CortexM3\ARM_GCC_541\Debug\ReactionGame.a(CyBootAsmGnu.o)
 .debug_line    0x00002fec      0x21a .\CortexM3\ARM_GCC_541\Debug\ReactionGame.a(CyFlash.o)
 .debug_line    0x00003206      0x260 .\CortexM3\ARM_GCC_541\Debug\ReactionGame.a(CySpc.o)

.debug_frame    0x00000000     0x2074
 *(.debug_frame)
 .debug_frame   0x00000000       0x2c .\CortexM3\ARM_GCC_541\Debug\main.o
 .debug_frame   0x0000002c       0xc8 .\CortexM3\ARM_GCC_541\Debug\ReactionGame.o
 .debug_frame   0x000000f4       0x88 .\CortexM3\ARM_GCC_541\Debug\Button.o
 .debug_frame   0x0000017c       0x2c .\CortexM3\ARM_GCC_541\Debug\led.o
 .debug_frame   0x000001a8       0x80 .\CortexM3\ARM_GCC_541\Debug\seven.o
 .debug_frame   0x00000228       0x70 .\CortexM3\ARM_GCC_541\Debug\console.o
 .debug_frame   0x00000298       0x60 .\CortexM3\ARM_GCC_541\Debug\Timer.o
 .debug_frame   0x000002f8       0xe4 .\CortexM3\ARM_GCC_541\Debug\cyfitter_cfg.o
 .debug_frame   0x000003dc       0xb8 .\CortexM3\ARM_GCC_541\Debug\Cm3Start.o
 .debug_frame   0x00000494       0x50 .\CortexM3\ARM_GCC_541\Debug\ReactionGame.a(Pin_LedRed.o)
 .debug_frame   0x000004e4       0x50 .\CortexM3\ARM_GCC_541\Debug\ReactionGame.a(Pin_LedGreen.o)
 .debug_frame   0x00000534       0x50 .\CortexM3\ARM_GCC_541\Debug\ReactionGame.a(Pin_LedYellow.o)
 .debug_frame   0x00000584      0x110 .\CortexM3\ARM_GCC_541\Debug\ReactionGame.a(ISR_Button1.o)
 .debug_frame   0x00000694      0x110 .\CortexM3\ARM_GCC_541\Debug\ReactionGame.a(ISR_Button2.o)
 .debug_frame   0x000007a4      0x110 .\CortexM3\ARM_GCC_541\Debug\ReactionGame.a(ISR_Button3.o)
 .debug_frame   0x000008b4      0x110 .\CortexM3\ARM_GCC_541\Debug\ReactionGame.a(ISR_Button4.o)
 .debug_frame   0x000009c4       0x50 .\CortexM3\ARM_GCC_541\Debug\ReactionGame.a(Pin_Select.o)
 .debug_frame   0x00000a14       0x50 .\CortexM3\ARM_GCC_541\Debug\ReactionGame.a(Pin_Display.o)
 .debug_frame   0x00000a64      0x25c .\CortexM3\ARM_GCC_541\Debug\ReactionGame.a(UART_1.o)
 .debug_frame   0x00000cc0       0x20 .\CortexM3\ARM_GCC_541\Debug\ReactionGame.a(UART_1_INT.o)
 .debug_frame   0x00000ce0       0xe0 .\CortexM3\ARM_GCC_541\Debug\ReactionGame.a(UART_1_IntClock.o)
 .debug_frame   0x00000dc0      0x738 .\CortexM3\ARM_GCC_541\Debug\ReactionGame.a(CyLib.o)
 .debug_frame   0x000014f8      0x1f8 .\CortexM3\ARM_GCC_541\Debug\ReactionGame.a(cyPm.o)
 .debug_frame   0x000016f0       0x30 .\CortexM3\ARM_GCC_541\Debug\ReactionGame.a(Control_Reg_SevenSegmentLED.o)
 .debug_frame   0x00001720      0x108 .\CortexM3\ARM_GCC_541\Debug\ReactionGame.a(SYStick.o)
 .debug_frame   0x00001828      0x110 .\CortexM3\ARM_GCC_541\Debug\ReactionGame.a(ISR_SYStick.o)
 .debug_frame   0x00001938      0x194 .\CortexM3\ARM_GCC_541\Debug\ReactionGame.a(CyFlash.o)
 .debug_frame   0x00001acc      0x180 .\CortexM3\ARM_GCC_541\Debug\ReactionGame.a(CySpc.o)
 .debug_frame   0x00001c4c       0x20 c:/program files (x86)/cypress/psoc creator/4.2/psoc creator/import/gnu/arm/5.4.1/bin/../lib/gcc/arm-none-eabi/5.4.1/../../../../arm-none-eabi/lib/armv7-m\libg_nano.a(lib_a-errno.o)
 .debug_frame   0x00001c6c       0x28 c:/program files (x86)/cypress/psoc creator/4.2/psoc creator/import/gnu/arm/5.4.1/bin/../lib/gcc/arm-none-eabi/5.4.1/../../../../arm-none-eabi/lib/armv7-m\libg_nano.a(lib_a-exit.o)
 .debug_frame   0x00001c94       0x2c c:/program files (x86)/cypress/psoc creator/4.2/psoc creator/import/gnu/arm/5.4.1/bin/../lib/gcc/arm-none-eabi/5.4.1/../../../../arm-none-eabi/lib/armv7-m\libg_nano.a(lib_a-init.o)
 .debug_frame   0x00001cc0       0x28 c:/program files (x86)/cypress/psoc creator/4.2/psoc creator/import/gnu/arm/5.4.1/bin/../lib/gcc/arm-none-eabi/5.4.1/../../../../arm-none-eabi/lib/armv7-m\libg_nano.a(lib_a-memcpy-stub.o)
 .debug_frame   0x00001ce8       0x20 c:/program files (x86)/cypress/psoc creator/4.2/psoc creator/import/gnu/arm/5.4.1/bin/../lib/gcc/arm-none-eabi/5.4.1/../../../../arm-none-eabi/lib/armv7-m\libg_nano.a(lib_a-memset.o)
 .debug_frame   0x00001d08       0x44 c:/program files (x86)/cypress/psoc creator/4.2/psoc creator/import/gnu/arm/5.4.1/bin/../lib/gcc/arm-none-eabi/5.4.1/../../../../arm-none-eabi/lib/armv7-m\libg_nano.a(lib_a-rand.o)
 .debug_frame   0x00001d4c       0x40 c:/program files (x86)/cypress/psoc creator/4.2/psoc creator/import/gnu/arm/5.4.1/bin/../lib/gcc/arm-none-eabi/5.4.1/../../../../arm-none-eabi/lib/armv7-m\libg_nano.a(lib_a-vsprintf.o)
 .debug_frame   0x00001d8c       0x30 c:/program files (x86)/cypress/psoc creator/4.2/psoc creator/import/gnu/arm/5.4.1/bin/../lib/gcc/arm-none-eabi/5.4.1/../../../../arm-none-eabi/lib/armv7-m\libg_nano.a(lib_a-malloc.o)
 .debug_frame   0x00001dbc       0x38 c:/program files (x86)/cypress/psoc creator/4.2/psoc creator/import/gnu/arm/5.4.1/bin/../lib/gcc/arm-none-eabi/5.4.1/../../../../arm-none-eabi/lib/armv7-m\libg_nano.a(lib_a-nano-freer.o)
 .debug_frame   0x00001df4       0x2c c:/program files (x86)/cypress/psoc creator/4.2/psoc creator/import/gnu/arm/5.4.1/bin/../lib/gcc/arm-none-eabi/5.4.1/../../../../arm-none-eabi/lib/armv7-m\libg_nano.a(lib_a-nano-mallocr.o)
 .debug_frame   0x00001e20       0x90 c:/program files (x86)/cypress/psoc creator/4.2/psoc creator/import/gnu/arm/5.4.1/bin/../lib/gcc/arm-none-eabi/5.4.1/../../../../arm-none-eabi/lib/armv7-m\libg_nano.a(lib_a-nano-svfprintf.o)
 .debug_frame   0x00001eb0       0x60 c:/program files (x86)/cypress/psoc creator/4.2/psoc creator/import/gnu/arm/5.4.1/bin/../lib/gcc/arm-none-eabi/5.4.1/../../../../arm-none-eabi/lib/armv7-m\libg_nano.a(lib_a-nano-vfprintf_i.o)
 .debug_frame   0x00001f10       0x2c c:/program files (x86)/cypress/psoc creator/4.2/psoc creator/import/gnu/arm/5.4.1/bin/../lib/gcc/arm-none-eabi/5.4.1/../../../../arm-none-eabi/lib/armv7-m\libg_nano.a(lib_a-sbrkr.o)
 .debug_frame   0x00001f3c       0x28 c:/program files (x86)/cypress/psoc creator/4.2/psoc creator/import/gnu/arm/5.4.1/bin/../lib/gcc/arm-none-eabi/5.4.1/../../../../arm-none-eabi/lib/armv7-m\libg_nano.a(lib_a-memchr-stub.o)
 .debug_frame   0x00001f64       0x28 c:/program files (x86)/cypress/psoc creator/4.2/psoc creator/import/gnu/arm/5.4.1/bin/../lib/gcc/arm-none-eabi/5.4.1/../../../../arm-none-eabi/lib/armv7-m\libg_nano.a(lib_a-memmove.o)
 .debug_frame   0x00001f8c       0x30 c:/program files (x86)/cypress/psoc creator/4.2/psoc creator/import/gnu/arm/5.4.1/bin/../lib/gcc/arm-none-eabi/5.4.1/../../../../arm-none-eabi/lib/armv7-m\libg_nano.a(lib_a-mlock.o)
 .debug_frame   0x00001fbc       0x3c c:/program files (x86)/cypress/psoc creator/4.2/psoc creator/import/gnu/arm/5.4.1/bin/../lib/gcc/arm-none-eabi/5.4.1/../../../../arm-none-eabi/lib/armv7-m\libg_nano.a(lib_a-nano-reallocr.o)
 .debug_frame   0x00001ff8       0x5c c:/program files (x86)/cypress/psoc creator/4.2/psoc creator/import/gnu/arm/5.4.1/bin/../lib/gcc/arm-none-eabi/5.4.1/../../../../arm-none-eabi/lib/armv7-m\libg_nano.a(lib_a-reent.o)
 .debug_frame   0x00002054       0x20 c:/program files (x86)/cypress/psoc creator/4.2/psoc creator/import/gnu/arm/5.4.1/bin/../lib/gcc/arm-none-eabi/5.4.1/../../../../arm-none-eabi/lib/armv7-m\libg_nano.a(lib_a-nano-msizer.o)

.debug_str      0x00000000     0x2b0b
 *(.debug_str)
 .debug_str     0x00000000      0x202 .\CortexM3\ARM_GCC_541\Debug\main.o
                                0x258 (size before relaxing)
 .debug_str     0x00000202      0x499 .\CortexM3\ARM_GCC_541\Debug\ReactionGame.o
                                0x67e (size before relaxing)
 .debug_str     0x0000069b       0x90 .\CortexM3\ARM_GCC_541\Debug\Button.o
                                0x30e (size before relaxing)
 .debug_str     0x0000072b       0x93 .\CortexM3\ARM_GCC_541\Debug\led.o
                                0x25c (size before relaxing)
 .debug_str     0x000007be      0x29e .\CortexM3\ARM_GCC_541\Debug\seven.o
                                0x478 (size before relaxing)
 .debug_str     0x00000a5c       0x9c .\CortexM3\ARM_GCC_541\Debug\console.o
                                0x29c (size before relaxing)
 .debug_str     0x00000af8       0x75 .\CortexM3\ARM_GCC_541\Debug\Timer.o
                                0x2a0 (size before relaxing)
 .debug_str     0x00000b6d      0x1af .\CortexM3\ARM_GCC_541\Debug\cyfitter_cfg.o
                                0x35b (size before relaxing)
 .debug_str     0x00000d1c       0x75 .\CortexM3\ARM_GCC_541\Debug\cymetadata.o
                                0x1fb (size before relaxing)
 .debug_str     0x00000d91      0x13f .\CortexM3\ARM_GCC_541\Debug\Cm3Start.o
                                0x321 (size before relaxing)
 .debug_str     0x00000ed0       0x73 .\CortexM3\ARM_GCC_541\Debug\ReactionGame.a(Pin_LedRed.o)
                                0x212 (size before relaxing)
 .debug_str     0x00000f43       0x6b .\CortexM3\ARM_GCC_541\Debug\ReactionGame.a(Pin_LedGreen.o)
                                0x21c (size before relaxing)
 .debug_str     0x00000fae       0x6f .\CortexM3\ARM_GCC_541\Debug\ReactionGame.a(Pin_LedYellow.o)
                                0x221 (size before relaxing)
 .debug_str     0x0000101d      0x140 .\CortexM3\ARM_GCC_541\Debug\ReactionGame.a(ISR_Button1.o)
                                0x326 (size before relaxing)
 .debug_str     0x0000115d      0x128 .\CortexM3\ARM_GCC_541\Debug\ReactionGame.a(ISR_Button2.o)
                                0x326 (size before relaxing)
 .debug_str     0x00001285      0x101 .\CortexM3\ARM_GCC_541\Debug\ReactionGame.a(ISR_Button3.o)
                                0x326 (size before relaxing)
 .debug_str     0x00001386      0x101 .\CortexM3\ARM_GCC_541\Debug\ReactionGame.a(ISR_Button4.o)
                                0x326 (size before relaxing)
 .debug_str     0x00001487       0x63 .\CortexM3\ARM_GCC_541\Debug\ReactionGame.a(Pin_Select.o)
                                0x212 (size before relaxing)
 .debug_str     0x000014ea       0x67 .\CortexM3\ARM_GCC_541\Debug\ReactionGame.a(Pin_Display.o)
                                0x217 (size before relaxing)
 .debug_str     0x00001551      0x36e .\CortexM3\ARM_GCC_541\Debug\ReactionGame.a(UART_1.o)
                                0x551 (size before relaxing)
 .debug_str     0x000018bf       0x31 .\CortexM3\ARM_GCC_541\Debug\ReactionGame.a(UART_1_INT.o)
                                0x207 (size before relaxing)
 .debug_str     0x000018f0      0x19d .\CortexM3\ARM_GCC_541\Debug\ReactionGame.a(UART_1_IntClock.o)
                                0x365 (size before relaxing)
 .debug_str     0x00001a8d      0x7e4 .\CortexM3\ARM_GCC_541\Debug\ReactionGame.a(CyLib.o)
                                0xa5e (size before relaxing)
 .debug_str     0x00002271      0x365 .\CortexM3\ARM_GCC_541\Debug\ReactionGame.a(cyPm.o)
                                0x74a (size before relaxing)
 .debug_str     0x000025d6       0x56 .\CortexM3\ARM_GCC_541\Debug\ReactionGame.a(Control_Reg_SevenSegmentLED.o)
                                0x208 (size before relaxing)
 .debug_str     0x0000262c      0x150 .\CortexM3\ARM_GCC_541\Debug\ReactionGame.a(SYStick.o)
                                0x32c (size before relaxing)
 .debug_str     0x0000277c      0x128 .\CortexM3\ARM_GCC_541\Debug\ReactionGame.a(ISR_SYStick.o)
                                0x322 (size before relaxing)
 .debug_str     0x000028a4      0x1bb .\CortexM3\ARM_GCC_541\Debug\ReactionGame.a(CyFlash.o)
                                0x3d7 (size before relaxing)
 .debug_str     0x00002a5f       0xac .\CortexM3\ARM_GCC_541\Debug\ReactionGame.a(CySpc.o)
                                0x34f (size before relaxing)

.debug_loc      0x00000000     0x2521
 *(.debug_loc)
 .debug_loc     0x00000000      0x2ed .\CortexM3\ARM_GCC_541\Debug\ReactionGame.o
 .debug_loc     0x000002ed       0x8a .\CortexM3\ARM_GCC_541\Debug\led.o
 .debug_loc     0x00000377       0x89 .\CortexM3\ARM_GCC_541\Debug\seven.o
 .debug_loc     0x00000400       0x42 .\CortexM3\ARM_GCC_541\Debug\console.o
 .debug_loc     0x00000442      0x259 .\CortexM3\ARM_GCC_541\Debug\cyfitter_cfg.o
 .debug_loc     0x0000069b      0x144 .\CortexM3\ARM_GCC_541\Debug\Cm3Start.o
 .debug_loc     0x000007df       0x42 .\CortexM3\ARM_GCC_541\Debug\ReactionGame.a(Pin_LedRed.o)
 .debug_loc     0x00000821       0x42 .\CortexM3\ARM_GCC_541\Debug\ReactionGame.a(Pin_LedGreen.o)
 .debug_loc     0x00000863       0x42 .\CortexM3\ARM_GCC_541\Debug\ReactionGame.a(Pin_LedYellow.o)
 .debug_loc     0x000008a5       0x56 .\CortexM3\ARM_GCC_541\Debug\ReactionGame.a(ISR_Button1.o)
 .debug_loc     0x000008fb       0x56 .\CortexM3\ARM_GCC_541\Debug\ReactionGame.a(ISR_Button2.o)
 .debug_loc     0x00000951       0x56 .\CortexM3\ARM_GCC_541\Debug\ReactionGame.a(ISR_Button3.o)
 .debug_loc     0x000009a7       0x56 .\CortexM3\ARM_GCC_541\Debug\ReactionGame.a(ISR_Button4.o)
 .debug_loc     0x000009fd       0x42 .\CortexM3\ARM_GCC_541\Debug\ReactionGame.a(Pin_Select.o)
 .debug_loc     0x00000a3f       0x42 .\CortexM3\ARM_GCC_541\Debug\ReactionGame.a(Pin_Display.o)
 .debug_loc     0x00000a81      0x276 .\CortexM3\ARM_GCC_541\Debug\ReactionGame.a(UART_1.o)
 .debug_loc     0x00000cf7      0x128 .\CortexM3\ARM_GCC_541\Debug\ReactionGame.a(UART_1_IntClock.o)
 .debug_loc     0x00000e1f      0xa11 .\CortexM3\ARM_GCC_541\Debug\ReactionGame.a(CyLib.o)
 .debug_loc     0x00001830      0x1e4 .\CortexM3\ARM_GCC_541\Debug\ReactionGame.a(cyPm.o)
 .debug_loc     0x00001a14       0x56 .\CortexM3\ARM_GCC_541\Debug\ReactionGame.a(ISR_SYStick.o)
 .debug_loc     0x00001a6a      0x3b2 .\CortexM3\ARM_GCC_541\Debug\ReactionGame.a(CyFlash.o)
 .debug_loc     0x00001e1c      0x705 .\CortexM3\ARM_GCC_541\Debug\ReactionGame.a(CySpc.o)

.debug_macinfo
 *(.debug_macinfo)

.debug_ranges   0x00000000      0xa58
 *(.debug_ranges)
 .debug_ranges  0x00000000       0x10 .\CortexM3\ARM_GCC_541\Debug\main.o
 .debug_ranges  0x00000010       0x38 .\CortexM3\ARM_GCC_541\Debug\ReactionGame.o
 .debug_ranges  0x00000048       0x38 .\CortexM3\ARM_GCC_541\Debug\Button.o
 .debug_ranges  0x00000080       0x10 .\CortexM3\ARM_GCC_541\Debug\led.o
 .debug_ranges  0x00000090       0x28 .\CortexM3\ARM_GCC_541\Debug\seven.o
 .debug_ranges  0x000000b8       0x18 .\CortexM3\ARM_GCC_541\Debug\console.o
 .debug_ranges  0x000000d0       0x30 .\CortexM3\ARM_GCC_541\Debug\Timer.o
 .debug_ranges  0x00000100       0x48 .\CortexM3\ARM_GCC_541\Debug\cyfitter_cfg.o
 .debug_ranges  0x00000148       0x38 .\CortexM3\ARM_GCC_541\Debug\Cm3Start.o
 .debug_ranges  0x00000180       0x28 .\CortexM3\ARM_GCC_541\Debug\ReactionGame.a(Pin_LedRed.o)
 .debug_ranges  0x000001a8       0x28 .\CortexM3\ARM_GCC_541\Debug\ReactionGame.a(Pin_LedGreen.o)
 .debug_ranges  0x000001d0       0x28 .\CortexM3\ARM_GCC_541\Debug\ReactionGame.a(Pin_LedYellow.o)
 .debug_ranges  0x000001f8       0x70 .\CortexM3\ARM_GCC_541\Debug\ReactionGame.a(ISR_Button1.o)
 .debug_ranges  0x00000268       0x70 .\CortexM3\ARM_GCC_541\Debug\ReactionGame.a(ISR_Button2.o)
 .debug_ranges  0x000002d8       0x70 .\CortexM3\ARM_GCC_541\Debug\ReactionGame.a(ISR_Button3.o)
 .debug_ranges  0x00000348       0x70 .\CortexM3\ARM_GCC_541\Debug\ReactionGame.a(ISR_Button4.o)
 .debug_ranges  0x000003b8       0x28 .\CortexM3\ARM_GCC_541\Debug\ReactionGame.a(Pin_Select.o)
 .debug_ranges  0x000003e0       0x28 .\CortexM3\ARM_GCC_541\Debug\ReactionGame.a(Pin_Display.o)
 .debug_ranges  0x00000408       0xe0 .\CortexM3\ARM_GCC_541\Debug\ReactionGame.a(UART_1.o)
 .debug_ranges  0x000004e8       0x10 .\CortexM3\ARM_GCC_541\Debug\ReactionGame.a(UART_1_INT.o)
 .debug_ranges  0x000004f8       0x60 .\CortexM3\ARM_GCC_541\Debug\ReactionGame.a(UART_1_IntClock.o)
 .debug_ranges  0x00000558      0x290 .\CortexM3\ARM_GCC_541\Debug\ReactionGame.a(CyLib.o)
 .debug_ranges  0x000007e8       0x88 .\CortexM3\ARM_GCC_541\Debug\ReactionGame.a(cyPm.o)
 .debug_ranges  0x00000870       0x18 .\CortexM3\ARM_GCC_541\Debug\ReactionGame.a(Control_Reg_SevenSegmentLED.o)
 .debug_ranges  0x00000888       0x78 .\CortexM3\ARM_GCC_541\Debug\ReactionGame.a(SYStick.o)
 .debug_ranges  0x00000900       0x70 .\CortexM3\ARM_GCC_541\Debug\ReactionGame.a(ISR_SYStick.o)
 .debug_ranges  0x00000970       0x78 .\CortexM3\ARM_GCC_541\Debug\ReactionGame.a(CyFlash.o)
 .debug_ranges  0x000009e8       0x70 .\CortexM3\ARM_GCC_541\Debug\ReactionGame.a(CySpc.o)

.comment        0x00000000       0x6e
 .comment       0x00000000       0x6e .\CortexM3\ARM_GCC_541\Debug\main.o
                                 0x6f (size before relaxing)
 .comment       0x0000006e       0x6f .\CortexM3\ARM_GCC_541\Debug\ReactionGame.o
 .comment       0x0000006e       0x6f .\CortexM3\ARM_GCC_541\Debug\Button.o
 .comment       0x0000006e       0x6f .\CortexM3\ARM_GCC_541\Debug\led.o
 .comment       0x0000006e       0x6f .\CortexM3\ARM_GCC_541\Debug\seven.o
 .comment       0x0000006e       0x6f .\CortexM3\ARM_GCC_541\Debug\console.o
 .comment       0x0000006e       0x6f .\CortexM3\ARM_GCC_541\Debug\Timer.o
 .comment       0x0000006e       0x6f .\CortexM3\ARM_GCC_541\Debug\cyfitter_cfg.o
 .comment       0x0000006e       0x6f .\CortexM3\ARM_GCC_541\Debug\cymetadata.o
 .comment       0x0000006e       0x6f .\CortexM3\ARM_GCC_541\Debug\Cm3Start.o
 .comment       0x0000006e       0x6f .\CortexM3\ARM_GCC_541\Debug\ReactionGame.a(Pin_LedRed.o)
 .comment       0x0000006e       0x6f .\CortexM3\ARM_GCC_541\Debug\ReactionGame.a(Pin_LedGreen.o)
 .comment       0x0000006e       0x6f .\CortexM3\ARM_GCC_541\Debug\ReactionGame.a(Pin_LedYellow.o)
 .comment       0x0000006e       0x6f .\CortexM3\ARM_GCC_541\Debug\ReactionGame.a(ISR_Button1.o)
 .comment       0x0000006e       0x6f .\CortexM3\ARM_GCC_541\Debug\ReactionGame.a(ISR_Button2.o)
 .comment       0x0000006e       0x6f .\CortexM3\ARM_GCC_541\Debug\ReactionGame.a(ISR_Button3.o)
 .comment       0x0000006e       0x6f .\CortexM3\ARM_GCC_541\Debug\ReactionGame.a(ISR_Button4.o)
 .comment       0x0000006e       0x6f .\CortexM3\ARM_GCC_541\Debug\ReactionGame.a(Pin_Select.o)
 .comment       0x0000006e       0x6f .\CortexM3\ARM_GCC_541\Debug\ReactionGame.a(Pin_Display.o)
 .comment       0x0000006e       0x6f .\CortexM3\ARM_GCC_541\Debug\ReactionGame.a(UART_1.o)
 .comment       0x0000006e       0x6f .\CortexM3\ARM_GCC_541\Debug\ReactionGame.a(UART_1_INT.o)
 .comment       0x0000006e       0x6f .\CortexM3\ARM_GCC_541\Debug\ReactionGame.a(UART_1_IntClock.o)
 .comment       0x0000006e       0x6f .\CortexM3\ARM_GCC_541\Debug\ReactionGame.a(CyLib.o)
 .comment       0x0000006e       0x6f .\CortexM3\ARM_GCC_541\Debug\ReactionGame.a(cyPm.o)
 .comment       0x0000006e       0x6f .\CortexM3\ARM_GCC_541\Debug\ReactionGame.a(Control_Reg_SevenSegmentLED.o)
 .comment       0x0000006e       0x6f .\CortexM3\ARM_GCC_541\Debug\ReactionGame.a(SYStick.o)
 .comment       0x0000006e       0x6f .\CortexM3\ARM_GCC_541\Debug\ReactionGame.a(ISR_SYStick.o)
 .comment       0x0000006e       0x6f .\CortexM3\ARM_GCC_541\Debug\ReactionGame.a(CyFlash.o)
 .comment       0x0000006e       0x6f .\CortexM3\ARM_GCC_541\Debug\ReactionGame.a(CySpc.o)

.debug_weaknames
 *(.debug_weaknames)

.debug_funcnames
 *(.debug_funcnames)

.debug_typenames
 *(.debug_typenames)

.debug_varnames
 *(.debug_varnames)

.note.gnu.arm.ident
 *(.note.gnu.arm.ident)

.ARM.attributes
                0x00000000       0x29
 *(.ARM.attributes)
 .ARM.attributes
                0x00000000       0x1d c:/program files (x86)/cypress/psoc creator/4.2/psoc creator/import/gnu/arm/5.4.1/bin/../lib/gcc/arm-none-eabi/5.4.1/armv7-m/crti.o
 .ARM.attributes
                0x0000001d       0x2d c:/program files (x86)/cypress/psoc creator/4.2/psoc creator/import/gnu/arm/5.4.1/bin/../lib/gcc/arm-none-eabi/5.4.1/armv7-m/crtbegin.o
 .ARM.attributes
                0x0000004a       0x1b c:/program files (x86)/cypress/psoc creator/4.2/psoc creator/import/gnu/arm/5.4.1/bin/../lib/gcc/arm-none-eabi/5.4.1/../../../../arm-none-eabi/lib/armv7-m/crt0.o
 .ARM.attributes
                0x00000065       0x33 .\CortexM3\ARM_GCC_541\Debug\main.o
 .ARM.attributes
                0x00000098       0x33 .\CortexM3\ARM_GCC_541\Debug\ReactionGame.o
 .ARM.attributes
                0x000000cb       0x33 .\CortexM3\ARM_GCC_541\Debug\Button.o
 .ARM.attributes
                0x000000fe       0x33 .\CortexM3\ARM_GCC_541\Debug\led.o
 .ARM.attributes
                0x00000131       0x33 .\CortexM3\ARM_GCC_541\Debug\seven.o
 .ARM.attributes
                0x00000164       0x33 .\CortexM3\ARM_GCC_541\Debug\console.o
 .ARM.attributes
                0x00000197       0x33 .\CortexM3\ARM_GCC_541\Debug\Timer.o
 .ARM.attributes
                0x000001ca       0x33 .\CortexM3\ARM_GCC_541\Debug\cyfitter_cfg.o
 .ARM.attributes
                0x000001fd       0x33 .\CortexM3\ARM_GCC_541\Debug\cymetadata.o
 .ARM.attributes
                0x00000230       0x33 .\CortexM3\ARM_GCC_541\Debug\Cm3Start.o
 .ARM.attributes
                0x00000263       0x33 .\CortexM3\ARM_GCC_541\Debug\ReactionGame.a(Pin_LedRed.o)
 .ARM.attributes
                0x00000296       0x33 .\CortexM3\ARM_GCC_541\Debug\ReactionGame.a(Pin_LedGreen.o)
 .ARM.attributes
                0x000002c9       0x33 .\CortexM3\ARM_GCC_541\Debug\ReactionGame.a(Pin_LedYellow.o)
 .ARM.attributes
                0x000002fc       0x33 .\CortexM3\ARM_GCC_541\Debug\ReactionGame.a(ISR_Button1.o)
 .ARM.attributes
                0x0000032f       0x33 .\CortexM3\ARM_GCC_541\Debug\ReactionGame.a(ISR_Button2.o)
 .ARM.attributes
                0x00000362       0x33 .\CortexM3\ARM_GCC_541\Debug\ReactionGame.a(ISR_Button3.o)
 .ARM.attributes
                0x00000395       0x33 .\CortexM3\ARM_GCC_541\Debug\ReactionGame.a(ISR_Button4.o)
 .ARM.attributes
                0x000003c8       0x33 .\CortexM3\ARM_GCC_541\Debug\ReactionGame.a(Pin_Select.o)
 .ARM.attributes
                0x000003fb       0x33 .\CortexM3\ARM_GCC_541\Debug\ReactionGame.a(Pin_Display.o)
 .ARM.attributes
                0x0000042e       0x33 .\CortexM3\ARM_GCC_541\Debug\ReactionGame.a(UART_1.o)
 .ARM.attributes
                0x00000461       0x33 .\CortexM3\ARM_GCC_541\Debug\ReactionGame.a(UART_1_INT.o)
 .ARM.attributes
                0x00000494       0x33 .\CortexM3\ARM_GCC_541\Debug\ReactionGame.a(UART_1_IntClock.o)
 .ARM.attributes
                0x000004c7       0x33 .\CortexM3\ARM_GCC_541\Debug\ReactionGame.a(CyLib.o)
 .ARM.attributes
                0x000004fa       0x33 .\CortexM3\ARM_GCC_541\Debug\ReactionGame.a(cyPm.o)
 .ARM.attributes
                0x0000052d       0x33 .\CortexM3\ARM_GCC_541\Debug\ReactionGame.a(Control_Reg_SevenSegmentLED.o)
 .ARM.attributes
                0x00000560       0x33 .\CortexM3\ARM_GCC_541\Debug\ReactionGame.a(SYStick.o)
 .ARM.attributes
                0x00000593       0x33 .\CortexM3\ARM_GCC_541\Debug\ReactionGame.a(ISR_SYStick.o)
 .ARM.attributes
                0x000005c6       0x21 .\CortexM3\ARM_GCC_541\Debug\ReactionGame.a(CyBootAsmGnu.o)
 .ARM.attributes
                0x000005e7       0x33 .\CortexM3\ARM_GCC_541\Debug\ReactionGame.a(CyFlash.o)
 .ARM.attributes
                0x0000061a       0x33 .\CortexM3\ARM_GCC_541\Debug\ReactionGame.a(CySpc.o)
 .ARM.attributes
                0x0000064d       0x2d c:/program files (x86)/cypress/psoc creator/4.2/psoc creator/import/gnu/arm/5.4.1/bin/../lib/gcc/arm-none-eabi/5.4.1/../../../../arm-none-eabi/lib/armv7-m\libg_nano.a(lib_a-errno.o)
 .ARM.attributes
                0x0000067a       0x2d c:/program files (x86)/cypress/psoc creator/4.2/psoc creator/import/gnu/arm/5.4.1/bin/../lib/gcc/arm-none-eabi/5.4.1/../../../../arm-none-eabi/lib/armv7-m\libg_nano.a(lib_a-exit.o)
 .ARM.attributes
                0x000006a7       0x2d c:/program files (x86)/cypress/psoc creator/4.2/psoc creator/import/gnu/arm/5.4.1/bin/../lib/gcc/arm-none-eabi/5.4.1/../../../../arm-none-eabi/lib/armv7-m\libg_nano.a(lib_a-impure.o)
 .ARM.attributes
                0x000006d4       0x2d c:/program files (x86)/cypress/psoc creator/4.2/psoc creator/import/gnu/arm/5.4.1/bin/../lib/gcc/arm-none-eabi/5.4.1/../../../../arm-none-eabi/lib/armv7-m\libg_nano.a(lib_a-init.o)
 .ARM.attributes
                0x00000701       0x2d c:/program files (x86)/cypress/psoc creator/4.2/psoc creator/import/gnu/arm/5.4.1/bin/../lib/gcc/arm-none-eabi/5.4.1/../../../../arm-none-eabi/lib/armv7-m\libg_nano.a(lib_a-memcpy-stub.o)
 .ARM.attributes
                0x0000072e       0x2d c:/program files (x86)/cypress/psoc creator/4.2/psoc creator/import/gnu/arm/5.4.1/bin/../lib/gcc/arm-none-eabi/5.4.1/../../../../arm-none-eabi/lib/armv7-m\libg_nano.a(lib_a-memset.o)
 .ARM.attributes
                0x0000075b       0x2d c:/program files (x86)/cypress/psoc creator/4.2/psoc creator/import/gnu/arm/5.4.1/bin/../lib/gcc/arm-none-eabi/5.4.1/../../../../arm-none-eabi/lib/armv7-m\libg_nano.a(lib_a-rand.o)
 .ARM.attributes
                0x00000788       0x2d c:/program files (x86)/cypress/psoc creator/4.2/psoc creator/import/gnu/arm/5.4.1/bin/../lib/gcc/arm-none-eabi/5.4.1/../../../../arm-none-eabi/lib/armv7-m\libg_nano.a(lib_a-vsprintf.o)
 .ARM.attributes
                0x000007b5       0x2d c:/program files (x86)/cypress/psoc creator/4.2/psoc creator/import/gnu/arm/5.4.1/bin/../lib/gcc/arm-none-eabi/5.4.1/../../../../arm-none-eabi/lib/armv7-m\libg_nano.a(lib_a-malloc.o)
 .ARM.attributes
                0x000007e2       0x2d c:/program files (x86)/cypress/psoc creator/4.2/psoc creator/import/gnu/arm/5.4.1/bin/../lib/gcc/arm-none-eabi/5.4.1/../../../../arm-none-eabi/lib/armv7-m\libg_nano.a(lib_a-nano-freer.o)
 .ARM.attributes
                0x0000080f       0x2d c:/program files (x86)/cypress/psoc creator/4.2/psoc creator/import/gnu/arm/5.4.1/bin/../lib/gcc/arm-none-eabi/5.4.1/../../../../arm-none-eabi/lib/armv7-m\libg_nano.a(lib_a-nano-mallocr.o)
 .ARM.attributes
                0x0000083c       0x2d c:/program files (x86)/cypress/psoc creator/4.2/psoc creator/import/gnu/arm/5.4.1/bin/../lib/gcc/arm-none-eabi/5.4.1/../../../../arm-none-eabi/lib/armv7-m\libg_nano.a(lib_a-nano-svfprintf.o)
 .ARM.attributes
                0x00000869       0x2d c:/program files (x86)/cypress/psoc creator/4.2/psoc creator/import/gnu/arm/5.4.1/bin/../lib/gcc/arm-none-eabi/5.4.1/../../../../arm-none-eabi/lib/armv7-m\libg_nano.a(lib_a-nano-vfprintf_i.o)
 .ARM.attributes
                0x00000896       0x2d c:/program files (x86)/cypress/psoc creator/4.2/psoc creator/import/gnu/arm/5.4.1/bin/../lib/gcc/arm-none-eabi/5.4.1/../../../../arm-none-eabi/lib/armv7-m\libg_nano.a(lib_a-sbrkr.o)
 .ARM.attributes
                0x000008c3       0x2d c:/program files (x86)/cypress/psoc creator/4.2/psoc creator/import/gnu/arm/5.4.1/bin/../lib/gcc/arm-none-eabi/5.4.1/../../../../arm-none-eabi/lib/armv7-m\libg_nano.a(lib_a-memchr-stub.o)
 .ARM.attributes
                0x000008f0       0x2d c:/program files (x86)/cypress/psoc creator/4.2/psoc creator/import/gnu/arm/5.4.1/bin/../lib/gcc/arm-none-eabi/5.4.1/../../../../arm-none-eabi/lib/armv7-m\libg_nano.a(lib_a-memmove.o)
 .ARM.attributes
                0x0000091d       0x2d c:/program files (x86)/cypress/psoc creator/4.2/psoc creator/import/gnu/arm/5.4.1/bin/../lib/gcc/arm-none-eabi/5.4.1/../../../../arm-none-eabi/lib/armv7-m\libg_nano.a(lib_a-mlock.o)
 .ARM.attributes
                0x0000094a       0x2d c:/program files (x86)/cypress/psoc creator/4.2/psoc creator/import/gnu/arm/5.4.1/bin/../lib/gcc/arm-none-eabi/5.4.1/../../../../arm-none-eabi/lib/armv7-m\libg_nano.a(lib_a-nano-reallocr.o)
 .ARM.attributes
                0x00000977       0x2d c:/program files (x86)/cypress/psoc creator/4.2/psoc creator/import/gnu/arm/5.4.1/bin/../lib/gcc/arm-none-eabi/5.4.1/../../../../arm-none-eabi/lib/armv7-m\libg_nano.a(lib_a-reent.o)
 .ARM.attributes
                0x000009a4       0x2d c:/program files (x86)/cypress/psoc creator/4.2/psoc creator/import/gnu/arm/5.4.1/bin/../lib/gcc/arm-none-eabi/5.4.1/../../../../arm-none-eabi/lib/armv7-m\libg_nano.a(lib_a-nano-msizer.o)
 .ARM.attributes
                0x000009d1       0x2d c:/program files (x86)/cypress/psoc creator/4.2/psoc creator/import/gnu/arm/5.4.1/bin/../lib/gcc/arm-none-eabi/5.4.1/armv7-m/crtend.o
 .ARM.attributes
                0x000009fe       0x1d c:/program files (x86)/cypress/psoc creator/4.2/psoc creator/import/gnu/arm/5.4.1/bin/../lib/gcc/arm-none-eabi/5.4.1/armv7-m/crtn.o

/DISCARD/
 *(.note.GNU-stack)
OUTPUT(D:\HDA\Pre-Semester\2_Microcontroller\LabWorkspace\LabMicrocontroller\ReactionGame.cydsn\CortexM3\ARM_GCC_541\Debug\ReactionGame.elf elf32-littlearm)
