ARM GAS  C:\Users\rbhar\AppData\Local\Temp\cczd1ZdJ.s 			page 1


   1              		.syntax unified
   2              		.cpu cortex-m3
   3              		.fpu softvfp
   4              		.eabi_attribute 20, 1
   5              		.eabi_attribute 21, 1
   6              		.eabi_attribute 23, 3
   7              		.eabi_attribute 24, 1
   8              		.eabi_attribute 25, 1
   9              		.eabi_attribute 26, 1
  10              		.eabi_attribute 30, 1
  11              		.eabi_attribute 34, 1
  12              		.eabi_attribute 18, 4
  13              		.thumb
  14              		.syntax unified
  15              		.file	"Timer.c"
  16              		.text
  17              	.Ltext0:
  18              		.cfi_sections	.debug_frame
  19              		.section	.text.BSW_TimeCallBack,"ax",%progbits
  20              		.align	2
  21              		.global	BSW_TimeCallBack
  22              		.thumb
  23              		.thumb_func
  24              		.type	BSW_TimeCallBack, %function
  25              	BSW_TimeCallBack:
  26              	.LFB63:
  27              		.file 1 "source\\bsw\\Timer.c"
   1:source\bsw/Timer.c **** /**
   2:source\bsw/Timer.c **** * \file <Timer.c>
   3:source\bsw/Timer.c **** * \author <Bharath Ramachandraiah>
   4:source\bsw/Timer.c **** * \date <25/09/2018>
   5:source\bsw/Timer.c **** *
   6:source\bsw/Timer.c **** * \brief <Symbolic File name>
   7:source\bsw/Timer.c **** *
   8:source\bsw/Timer.c **** * \copyright Copyright ©2016
   9:source\bsw/Timer.c **** * Department of electrical engineering and information technology, Hochschule Darmstadt - Universit
  10:source\bsw/Timer.c **** * Permission to use, copy, modify, and distribute this software and its documentation for education
  11:source\bsw/Timer.c **** * (unless permitted by h_da) and official h_da projects, is hereby granted for enrolled students of
  12:source\bsw/Timer.c **** * this paragraph and the following paragraph appear in all copies, modifications, and distributions
  13:source\bsw/Timer.c **** * Contact Prof.Dr.-Ing. Peter Fromm, peter.fromm@h-da.de, Birkenweg 8 64295 Darmstadt - GERMANY for
  14:source\bsw/Timer.c **** *
  15:source\bsw/Timer.c **** * \warning This software is a PROTOTYPE version and is not designed or intended for use in producti
  16:source\bsw/Timer.c **** * The user represents and warrants that it will NOT use or redistribute the Software for such purpo
  17:source\bsw/Timer.c **** * This prototype is for research purposes only. This software is provided "AS IS," without a warran
  18:source\bsw/Timer.c **** */
  19:source\bsw/Timer.c **** 
  20:source\bsw/Timer.c **** /*****************************************************************************/
  21:source\bsw/Timer.c **** /* Include files                                                             */
  22:source\bsw/Timer.c **** /*****************************************************************************/
  23:source\bsw/Timer.c **** #include "global.h"
  24:source\bsw/Timer.c **** #include "Timer.h"
  25:source\bsw/Timer.c **** #include "Button.h"
  26:source\bsw/Timer.c **** 
  27:source\bsw/Timer.c **** /*****************************************************************************/
  28:source\bsw/Timer.c **** /* Local pre-processor symbols/macros ('#define')                            */
  29:source\bsw/Timer.c **** /*****************************************************************************/
  30:source\bsw/Timer.c **** 
ARM GAS  C:\Users\rbhar\AppData\Local\Temp\cczd1ZdJ.s 			page 2


  31:source\bsw/Timer.c **** 
  32:source\bsw/Timer.c **** /*****************************************************************************/
  33:source\bsw/Timer.c **** /* Global variable definitions (declared in header file with 'extern')       */
  34:source\bsw/Timer.c **** /*****************************************************************************/
  35:source\bsw/Timer.c **** 
  36:source\bsw/Timer.c **** /*****************************************************************************/
  37:source\bsw/Timer.c **** /* Local type definitions ('typedef')                                        */
  38:source\bsw/Timer.c **** /*****************************************************************************/
  39:source\bsw/Timer.c **** 
  40:source\bsw/Timer.c **** /*****************************************************************************/
  41:source\bsw/Timer.c **** /* Local variable definitions ('static')                                     */
  42:source\bsw/Timer.c **** /*****************************************************************************/
  43:source\bsw/Timer.c **** static volatile uint32_t SYS_TimeMeasure_1s = 0;
  44:source\bsw/Timer.c **** static volatile uint32_t SYS_TimeMeasure_1ms = 0, CurrentTimeMeasure_ms = 0;
  45:source\bsw/Timer.c **** 
  46:source\bsw/Timer.c **** 
  47:source\bsw/Timer.c **** /*****************************************************************************/
  48:source\bsw/Timer.c **** /* Local function prototypes ('static')                                      */
  49:source\bsw/Timer.c **** /*****************************************************************************/
  50:source\bsw/Timer.c **** 
  51:source\bsw/Timer.c **** 
  52:source\bsw/Timer.c **** /*****************************************************************************/
  53:source\bsw/Timer.c **** /* Function implementation - global ('extern') and local ('static')          */
  54:source\bsw/Timer.c **** /*****************************************************************************/
  55:source\bsw/Timer.c **** 
  56:source\bsw/Timer.c **** /**
  57:source\bsw/Timer.c ****  * This is a callback function for Timer overrun. The process of the ISR is
  58:source\bsw/Timer.c ****  * done here.
  59:source\bsw/Timer.c ****  * @param void
  60:source\bsw/Timer.c ****  * @return void
  61:source\bsw/Timer.c ****  */
  62:source\bsw/Timer.c **** void BSW_TimeCallBack(void)
  63:source\bsw/Timer.c **** {
  28              		.loc 1 63 0
  29              		.cfi_startproc
  30              		@ args = 0, pretend = 0, frame = 0
  31              		@ frame_needed = 0, uses_anonymous_args = 0
  32              		@ link register save eliminated.
  64:source\bsw/Timer.c ****     static volatile uint32_t SYS_TickCounter_1ms = 0;
  65:source\bsw/Timer.c ****     
  66:source\bsw/Timer.c ****     if (SYS_TickCounter_1ms >= 1000)
  33              		.loc 1 66 0
  34 0000 094B     		ldr	r3, .L3
  35 0002 1B68     		ldr	r3, [r3]
  36 0004 B3F57A7F 		cmp	r3, #1000
  37 0008 05D3     		bcc	.L2
  67:source\bsw/Timer.c ****     {
  68:source\bsw/Timer.c ****         SYS_TickCounter_1ms = 0;
  38              		.loc 1 68 0
  39 000a 074B     		ldr	r3, .L3
  40 000c 0022     		movs	r2, #0
  41 000e 1A60     		str	r2, [r3]
  69:source\bsw/Timer.c ****         SYS_TimeMeasure_1s++;
  42              		.loc 1 69 0
  43 0010 5A68     		ldr	r2, [r3, #4]
  44 0012 0132     		adds	r2, r2, #1
  45 0014 5A60     		str	r2, [r3, #4]
ARM GAS  C:\Users\rbhar\AppData\Local\Temp\cczd1ZdJ.s 			page 3


  46              	.L2:
  70:source\bsw/Timer.c ****     }
  71:source\bsw/Timer.c ****     
  72:source\bsw/Timer.c ****     /* Increment Counters */
  73:source\bsw/Timer.c ****     SYS_TickCounter_1ms++;
  47              		.loc 1 73 0
  48 0016 044B     		ldr	r3, .L3
  49 0018 1A68     		ldr	r2, [r3]
  50 001a 0132     		adds	r2, r2, #1
  51 001c 1A60     		str	r2, [r3]
  74:source\bsw/Timer.c ****     SYS_TimeMeasure_1ms++;
  52              		.loc 1 74 0
  53 001e 9A68     		ldr	r2, [r3, #8]
  54 0020 0132     		adds	r2, r2, #1
  55 0022 9A60     		str	r2, [r3, #8]
  56 0024 7047     		bx	lr
  57              	.L4:
  58 0026 00BF     		.align	2
  59              	.L3:
  60 0028 00000000 		.word	.LANCHOR0
  61              		.cfi_endproc
  62              	.LFE63:
  63              		.size	BSW_TimeCallBack, .-BSW_TimeCallBack
  64              		.section	.text.DelayGenerator,"ax",%progbits
  65              		.align	2
  66              		.global	DelayGenerator
  67              		.thumb
  68              		.thumb_func
  69              		.type	DelayGenerator, %function
  70              	DelayGenerator:
  71              	.LFB64:
  75:source\bsw/Timer.c ****     
  76:source\bsw/Timer.c ****     return;
  77:source\bsw/Timer.c **** }
  78:source\bsw/Timer.c **** 
  79:source\bsw/Timer.c **** /**
  80:source\bsw/Timer.c ****  * A function to produce a random delay.
  81:source\bsw/Timer.c ****  * done here.
  82:source\bsw/Timer.c ****  * @param uint8_t Delay         : IN Delay in seconds
  83:source\bsw/Timer.c ****  * @return provides a random delay.
  84:source\bsw/Timer.c ****  */
  85:source\bsw/Timer.c **** void DelayGenerator(uint8_t Delay)
  86:source\bsw/Timer.c **** {
  72              		.loc 1 86 0
  73              		.cfi_startproc
  74              		@ args = 0, pretend = 0, frame = 0
  75              		@ frame_needed = 0, uses_anonymous_args = 0
  76              		@ link register save eliminated.
  77              	.LVL0:
  87:source\bsw/Timer.c ****     SYS_TimeMeasure_1s = 0;
  78              		.loc 1 87 0
  79 0000 0022     		movs	r2, #0
  80 0002 034B     		ldr	r3, .L7
  81 0004 5A60     		str	r2, [r3, #4]
  82              	.L6:
  88:source\bsw/Timer.c ****     
  89:source\bsw/Timer.c ****     /* Produce Random Delay */
ARM GAS  C:\Users\rbhar\AppData\Local\Temp\cczd1ZdJ.s 			page 4


  90:source\bsw/Timer.c ****     while (SYS_TimeMeasure_1s < Delay);
  83              		.loc 1 90 0 discriminator 1
  84 0006 024B     		ldr	r3, .L7
  85 0008 5B68     		ldr	r3, [r3, #4]
  86 000a 9842     		cmp	r0, r3
  87 000c FBD8     		bhi	.L6
  91:source\bsw/Timer.c ****     
  92:source\bsw/Timer.c ****     return;
  93:source\bsw/Timer.c **** }
  88              		.loc 1 93 0
  89 000e 7047     		bx	lr
  90              	.L8:
  91              		.align	2
  92              	.L7:
  93 0010 00000000 		.word	.LANCHOR0
  94              		.cfi_endproc
  95              	.LFE64:
  96              		.size	DelayGenerator, .-DelayGenerator
  97              		.section	.text.StartTimerMeasurement,"ax",%progbits
  98              		.align	2
  99              		.global	StartTimerMeasurement
 100              		.thumb
 101              		.thumb_func
 102              		.type	StartTimerMeasurement, %function
 103              	StartTimerMeasurement:
 104              	.LFB65:
  94:source\bsw/Timer.c **** 
  95:source\bsw/Timer.c **** /**
  96:source\bsw/Timer.c ****  * A function to start the timer measurement.
  97:source\bsw/Timer.c ****  * @param void
  98:source\bsw/Timer.c ****  * @return internal timer counter is reset.
  99:source\bsw/Timer.c ****  */
 100:source\bsw/Timer.c **** void StartTimerMeasurement(void)
 101:source\bsw/Timer.c **** {
 105              		.loc 1 101 0
 106              		.cfi_startproc
 107              		@ args = 0, pretend = 0, frame = 0
 108              		@ frame_needed = 0, uses_anonymous_args = 0
 109              		@ link register save eliminated.
 102:source\bsw/Timer.c ****     SYS_TimeMeasure_1ms = 0;
 110              		.loc 1 102 0
 111 0000 024B     		ldr	r3, .L10
 112 0002 0022     		movs	r2, #0
 113 0004 9A60     		str	r2, [r3, #8]
 103:source\bsw/Timer.c ****     CurrentTimeMeasure_ms = 0;
 114              		.loc 1 103 0
 115 0006 DA60     		str	r2, [r3, #12]
 116 0008 7047     		bx	lr
 117              	.L11:
 118 000a 00BF     		.align	2
 119              	.L10:
 120 000c 00000000 		.word	.LANCHOR0
 121              		.cfi_endproc
 122              	.LFE65:
 123              		.size	StartTimerMeasurement, .-StartTimerMeasurement
 124              		.section	.text.StopTimerMeasurement,"ax",%progbits
 125              		.align	2
ARM GAS  C:\Users\rbhar\AppData\Local\Temp\cczd1ZdJ.s 			page 5


 126              		.global	StopTimerMeasurement
 127              		.thumb
 128              		.thumb_func
 129              		.type	StopTimerMeasurement, %function
 130              	StopTimerMeasurement:
 131              	.LFB66:
 104:source\bsw/Timer.c ****     
 105:source\bsw/Timer.c ****     return;
 106:source\bsw/Timer.c **** }
 107:source\bsw/Timer.c **** 
 108:source\bsw/Timer.c **** /**
 109:source\bsw/Timer.c ****  * A function to stop the timer measurement.
 110:source\bsw/Timer.c ****  * @param void
 111:source\bsw/Timer.c ****  * @return internal timer counter is read.
 112:source\bsw/Timer.c ****  */
 113:source\bsw/Timer.c **** void StopTimerMeasurement(void)
 114:source\bsw/Timer.c **** {
 132              		.loc 1 114 0
 133              		.cfi_startproc
 134              		@ args = 0, pretend = 0, frame = 0
 135              		@ frame_needed = 0, uses_anonymous_args = 0
 136              		@ link register save eliminated.
 115:source\bsw/Timer.c ****     CurrentTimeMeasure_ms = SYS_TimeMeasure_1ms;
 137              		.loc 1 115 0
 138 0000 014B     		ldr	r3, .L13
 139 0002 9A68     		ldr	r2, [r3, #8]
 140 0004 DA60     		str	r2, [r3, #12]
 141 0006 7047     		bx	lr
 142              	.L14:
 143              		.align	2
 144              	.L13:
 145 0008 00000000 		.word	.LANCHOR0
 146              		.cfi_endproc
 147              	.LFE66:
 148              		.size	StopTimerMeasurement, .-StopTimerMeasurement
 149              		.section	.text.GetTimerMeasurement,"ax",%progbits
 150              		.align	2
 151              		.global	GetTimerMeasurement
 152              		.thumb
 153              		.thumb_func
 154              		.type	GetTimerMeasurement, %function
 155              	GetTimerMeasurement:
 156              	.LFB67:
 116:source\bsw/Timer.c ****     
 117:source\bsw/Timer.c ****     return;
 118:source\bsw/Timer.c **** }
 119:source\bsw/Timer.c **** 
 120:source\bsw/Timer.c **** /**
 121:source\bsw/Timer.c ****  * A function to get the timer measurement.
 122:source\bsw/Timer.c ****  * @param void
 123:source\bsw/Timer.c ****  * @return the time measured between start and stop.
 124:source\bsw/Timer.c ****  */
 125:source\bsw/Timer.c **** uint32_t GetTimerMeasurement(void)
 126:source\bsw/Timer.c **** {
 157              		.loc 1 126 0
 158              		.cfi_startproc
 159              		@ args = 0, pretend = 0, frame = 0
ARM GAS  C:\Users\rbhar\AppData\Local\Temp\cczd1ZdJ.s 			page 6


 160              		@ frame_needed = 0, uses_anonymous_args = 0
 161              		@ link register save eliminated.
 127:source\bsw/Timer.c ****     return CurrentTimeMeasure_ms;
 162              		.loc 1 127 0
 163 0000 014B     		ldr	r3, .L16
 164 0002 D868     		ldr	r0, [r3, #12]
 128:source\bsw/Timer.c **** }...
 165              		.loc 1 128 0
 166 0004 7047     		bx	lr
 167              	.L17:
 168 0006 00BF     		.align	2
 169              	.L16:
 170 0008 00000000 		.word	.LANCHOR0
 171              		.cfi_endproc
 172              	.LFE67:
 173              		.size	GetTimerMeasurement, .-GetTimerMeasurement
 174              		.bss
 175              		.align	2
 176              		.set	.LANCHOR0,. + 0
 177              		.type	SYS_TickCounter_1ms.6132, %object
 178              		.size	SYS_TickCounter_1ms.6132, 4
 179              	SYS_TickCounter_1ms.6132:
 180 0000 00000000 		.space	4
 181              		.type	SYS_TimeMeasure_1s, %object
 182              		.size	SYS_TimeMeasure_1s, 4
 183              	SYS_TimeMeasure_1s:
 184 0004 00000000 		.space	4
 185              		.type	SYS_TimeMeasure_1ms, %object
 186              		.size	SYS_TimeMeasure_1ms, 4
 187              	SYS_TimeMeasure_1ms:
 188 0008 00000000 		.space	4
 189              		.type	CurrentTimeMeasure_ms, %object
 190              		.size	CurrentTimeMeasure_ms, 4
 191              	CurrentTimeMeasure_ms:
 192 000c 00000000 		.space	4
 193              		.text
 194              	.Letext0:
 195              		.file 2 "c:\\program files (x86)\\cypress\\psoc creator\\4.2\\psoc creator\\import\\gnu\\arm\\5.4.
 196              		.file 3 "c:\\program files (x86)\\cypress\\psoc creator\\4.2\\psoc creator\\import\\gnu\\arm\\5.4.
 197              		.file 4 "Generated_Source\\PSoC5/core_cm3.h"
 198              		.section	.debug_info,"",%progbits
 199              	.Ldebug_info0:
 200 0000 97010000 		.4byte	0x197
 201 0004 0400     		.2byte	0x4
 202 0006 00000000 		.4byte	.Ldebug_abbrev0
 203 000a 04       		.byte	0x4
 204 000b 01       		.uleb128 0x1
 205 000c BF000000 		.4byte	.LASF28
 206 0010 0C       		.byte	0xc
 207 0011 AC000000 		.4byte	.LASF29
 208 0015 4D000000 		.4byte	.LASF30
 209 0019 00000000 		.4byte	.Ldebug_ranges0+0
 210 001d 00000000 		.4byte	0
 211 0021 00000000 		.4byte	.Ldebug_line0
 212 0025 02       		.uleb128 0x2
 213 0026 01       		.byte	0x1
 214 0027 06       		.byte	0x6
ARM GAS  C:\Users\rbhar\AppData\Local\Temp\cczd1ZdJ.s 			page 7


 215 0028 94020000 		.4byte	.LASF0
 216 002c 03       		.uleb128 0x3
 217 002d 00000000 		.4byte	.LASF4
 218 0031 02       		.byte	0x2
 219 0032 1D       		.byte	0x1d
 220 0033 37000000 		.4byte	0x37
 221 0037 02       		.uleb128 0x2
 222 0038 01       		.byte	0x1
 223 0039 08       		.byte	0x8
 224 003a 93010000 		.4byte	.LASF1
 225 003e 02       		.uleb128 0x2
 226 003f 02       		.byte	0x2
 227 0040 05       		.byte	0x5
 228 0041 45020000 		.4byte	.LASF2
 229 0045 02       		.uleb128 0x2
 230 0046 02       		.byte	0x2
 231 0047 07       		.byte	0x7
 232 0048 73010000 		.4byte	.LASF3
 233 004c 03       		.uleb128 0x3
 234 004d 34000000 		.4byte	.LASF5
 235 0051 02       		.byte	0x2
 236 0052 3F       		.byte	0x3f
 237 0053 57000000 		.4byte	0x57
 238 0057 02       		.uleb128 0x2
 239 0058 04       		.byte	0x4
 240 0059 05       		.byte	0x5
 241 005a 7F020000 		.4byte	.LASF6
 242 005e 03       		.uleb128 0x3
 243 005f AE010000 		.4byte	.LASF7
 244 0063 02       		.byte	0x2
 245 0064 41       		.byte	0x41
 246 0065 69000000 		.4byte	0x69
 247 0069 02       		.uleb128 0x2
 248 006a 04       		.byte	0x4
 249 006b 07       		.byte	0x7
 250 006c 61010000 		.4byte	.LASF8
 251 0070 02       		.uleb128 0x2
 252 0071 08       		.byte	0x8
 253 0072 05       		.byte	0x5
 254 0073 32020000 		.4byte	.LASF9
 255 0077 02       		.uleb128 0x2
 256 0078 08       		.byte	0x8
 257 0079 07       		.byte	0x7
 258 007a DB010000 		.4byte	.LASF10
 259 007e 04       		.uleb128 0x4
 260 007f 04       		.byte	0x4
 261 0080 05       		.byte	0x5
 262 0081 696E7400 		.ascii	"int\000"
 263 0085 02       		.uleb128 0x2
 264 0086 04       		.byte	0x4
 265 0087 07       		.byte	0x7
 266 0088 B9010000 		.4byte	.LASF11
 267 008c 03       		.uleb128 0x3
 268 008d F2010000 		.4byte	.LASF12
 269 0091 03       		.byte	0x3
 270 0092 18       		.byte	0x18
 271 0093 2C000000 		.4byte	0x2c
ARM GAS  C:\Users\rbhar\AppData\Local\Temp\cczd1ZdJ.s 			page 8


 272 0097 03       		.uleb128 0x3
 273 0098 21020000 		.4byte	.LASF13
 274 009c 03       		.byte	0x3
 275 009d 2C       		.byte	0x2c
 276 009e 4C000000 		.4byte	0x4c
 277 00a2 03       		.uleb128 0x3
 278 00a3 76020000 		.4byte	.LASF14
 279 00a7 03       		.byte	0x3
 280 00a8 30       		.byte	0x30
 281 00a9 5E000000 		.4byte	0x5e
 282 00ad 02       		.uleb128 0x2
 283 00ae 04       		.byte	0x4
 284 00af 04       		.byte	0x4
 285 00b0 A6000000 		.4byte	.LASF15
 286 00b4 02       		.uleb128 0x2
 287 00b5 08       		.byte	0x8
 288 00b6 04       		.byte	0x4
 289 00b7 A1010000 		.4byte	.LASF16
 290 00bb 02       		.uleb128 0x2
 291 00bc 01       		.byte	0x1
 292 00bd 08       		.byte	0x8
 293 00be 40020000 		.4byte	.LASF17
 294 00c2 02       		.uleb128 0x2
 295 00c3 08       		.byte	0x8
 296 00c4 04       		.byte	0x4
 297 00c5 88020000 		.4byte	.LASF18
 298 00c9 02       		.uleb128 0x2
 299 00ca 04       		.byte	0x4
 300 00cb 07       		.byte	0x7
 301 00cc 29020000 		.4byte	.LASF19
 302 00d0 05       		.uleb128 0x5
 303 00d1 A2000000 		.4byte	0xa2
 304 00d5 06       		.uleb128 0x6
 305 00d6 65020000 		.4byte	.LASF20
 306 00da 01       		.byte	0x1
 307 00db 3E       		.byte	0x3e
 308 00dc 00000000 		.4byte	.LFB63
 309 00e0 2C000000 		.4byte	.LFE63-.LFB63
 310 00e4 01       		.uleb128 0x1
 311 00e5 9C       		.byte	0x9c
 312 00e6 FC000000 		.4byte	0xfc
 313 00ea 07       		.uleb128 0x7
 314 00eb 4D010000 		.4byte	.LASF24
 315 00ef 01       		.byte	0x1
 316 00f0 40       		.byte	0x40
 317 00f1 D0000000 		.4byte	0xd0
 318 00f5 05       		.uleb128 0x5
 319 00f6 03       		.byte	0x3
 320 00f7 00000000 		.4byte	SYS_TickCounter_1ms.6132
 321 00fb 00       		.byte	0
 322 00fc 06       		.uleb128 0x6
 323 00fd 3E000000 		.4byte	.LASF21
 324 0101 01       		.byte	0x1
 325 0102 55       		.byte	0x55
 326 0103 00000000 		.4byte	.LFB64
 327 0107 14000000 		.4byte	.LFE64-.LFB64
 328 010b 01       		.uleb128 0x1
ARM GAS  C:\Users\rbhar\AppData\Local\Temp\cczd1ZdJ.s 			page 9


 329 010c 9C       		.byte	0x9c
 330 010d 1F010000 		.4byte	0x11f
 331 0111 08       		.uleb128 0x8
 332 0112 A8010000 		.4byte	.LASF31
 333 0116 01       		.byte	0x1
 334 0117 55       		.byte	0x55
 335 0118 8C000000 		.4byte	0x8c
 336 011c 01       		.uleb128 0x1
 337 011d 50       		.byte	0x50
 338 011e 00       		.byte	0
 339 011f 09       		.uleb128 0x9
 340 0120 1E000000 		.4byte	.LASF22
 341 0124 01       		.byte	0x1
 342 0125 64       		.byte	0x64
 343 0126 00000000 		.4byte	.LFB65
 344 012a 10000000 		.4byte	.LFE65-.LFB65
 345 012e 01       		.uleb128 0x1
 346 012f 9C       		.byte	0x9c
 347 0130 09       		.uleb128 0x9
 348 0131 C6010000 		.4byte	.LASF23
 349 0135 01       		.byte	0x1
 350 0136 71       		.byte	0x71
 351 0137 00000000 		.4byte	.LFB66
 352 013b 0C000000 		.4byte	.LFE66-.LFB66
 353 013f 01       		.uleb128 0x1
 354 0140 9C       		.byte	0x9c
 355 0141 0A       		.uleb128 0xa
 356 0142 FA010000 		.4byte	.LASF32
 357 0146 01       		.byte	0x1
 358 0147 7D       		.byte	0x7d
 359 0148 A2000000 		.4byte	0xa2
 360 014c 00000000 		.4byte	.LFB67
 361 0150 0C000000 		.4byte	.LFE67-.LFB67
 362 0154 01       		.uleb128 0x1
 363 0155 9C       		.byte	0x9c
 364 0156 07       		.uleb128 0x7
 365 0157 0E020000 		.4byte	.LASF25
 366 015b 01       		.byte	0x1
 367 015c 2B       		.byte	0x2b
 368 015d D0000000 		.4byte	0xd0
 369 0161 05       		.uleb128 0x5
 370 0162 03       		.byte	0x3
 371 0163 04000000 		.4byte	SYS_TimeMeasure_1s
 372 0167 07       		.uleb128 0x7
 373 0168 0A000000 		.4byte	.LASF26
 374 016c 01       		.byte	0x1
 375 016d 2C       		.byte	0x2c
 376 016e D0000000 		.4byte	0xd0
 377 0172 05       		.uleb128 0x5
 378 0173 03       		.byte	0x3
 379 0174 08000000 		.4byte	SYS_TimeMeasure_1ms
 380 0178 07       		.uleb128 0x7
 381 0179 4F020000 		.4byte	.LASF27
 382 017d 01       		.byte	0x1
 383 017e 2C       		.byte	0x2c
 384 017f D0000000 		.4byte	0xd0
 385 0183 05       		.uleb128 0x5
ARM GAS  C:\Users\rbhar\AppData\Local\Temp\cczd1ZdJ.s 			page 10


 386 0184 03       		.byte	0x3
 387 0185 0C000000 		.4byte	CurrentTimeMeasure_ms
 388 0189 0B       		.uleb128 0xb
 389 018a 86010000 		.4byte	.LASF33
 390 018e 04       		.byte	0x4
 391 018f 1207     		.2byte	0x712
 392 0191 95010000 		.4byte	0x195
 393 0195 05       		.uleb128 0x5
 394 0196 97000000 		.4byte	0x97
 395 019a 00       		.byte	0
 396              		.section	.debug_abbrev,"",%progbits
 397              	.Ldebug_abbrev0:
 398 0000 01       		.uleb128 0x1
 399 0001 11       		.uleb128 0x11
 400 0002 01       		.byte	0x1
 401 0003 25       		.uleb128 0x25
 402 0004 0E       		.uleb128 0xe
 403 0005 13       		.uleb128 0x13
 404 0006 0B       		.uleb128 0xb
 405 0007 03       		.uleb128 0x3
 406 0008 0E       		.uleb128 0xe
 407 0009 1B       		.uleb128 0x1b
 408 000a 0E       		.uleb128 0xe
 409 000b 55       		.uleb128 0x55
 410 000c 17       		.uleb128 0x17
 411 000d 11       		.uleb128 0x11
 412 000e 01       		.uleb128 0x1
 413 000f 10       		.uleb128 0x10
 414 0010 17       		.uleb128 0x17
 415 0011 00       		.byte	0
 416 0012 00       		.byte	0
 417 0013 02       		.uleb128 0x2
 418 0014 24       		.uleb128 0x24
 419 0015 00       		.byte	0
 420 0016 0B       		.uleb128 0xb
 421 0017 0B       		.uleb128 0xb
 422 0018 3E       		.uleb128 0x3e
 423 0019 0B       		.uleb128 0xb
 424 001a 03       		.uleb128 0x3
 425 001b 0E       		.uleb128 0xe
 426 001c 00       		.byte	0
 427 001d 00       		.byte	0
 428 001e 03       		.uleb128 0x3
 429 001f 16       		.uleb128 0x16
 430 0020 00       		.byte	0
 431 0021 03       		.uleb128 0x3
 432 0022 0E       		.uleb128 0xe
 433 0023 3A       		.uleb128 0x3a
 434 0024 0B       		.uleb128 0xb
 435 0025 3B       		.uleb128 0x3b
 436 0026 0B       		.uleb128 0xb
 437 0027 49       		.uleb128 0x49
 438 0028 13       		.uleb128 0x13
 439 0029 00       		.byte	0
 440 002a 00       		.byte	0
 441 002b 04       		.uleb128 0x4
 442 002c 24       		.uleb128 0x24
ARM GAS  C:\Users\rbhar\AppData\Local\Temp\cczd1ZdJ.s 			page 11


 443 002d 00       		.byte	0
 444 002e 0B       		.uleb128 0xb
 445 002f 0B       		.uleb128 0xb
 446 0030 3E       		.uleb128 0x3e
 447 0031 0B       		.uleb128 0xb
 448 0032 03       		.uleb128 0x3
 449 0033 08       		.uleb128 0x8
 450 0034 00       		.byte	0
 451 0035 00       		.byte	0
 452 0036 05       		.uleb128 0x5
 453 0037 35       		.uleb128 0x35
 454 0038 00       		.byte	0
 455 0039 49       		.uleb128 0x49
 456 003a 13       		.uleb128 0x13
 457 003b 00       		.byte	0
 458 003c 00       		.byte	0
 459 003d 06       		.uleb128 0x6
 460 003e 2E       		.uleb128 0x2e
 461 003f 01       		.byte	0x1
 462 0040 3F       		.uleb128 0x3f
 463 0041 19       		.uleb128 0x19
 464 0042 03       		.uleb128 0x3
 465 0043 0E       		.uleb128 0xe
 466 0044 3A       		.uleb128 0x3a
 467 0045 0B       		.uleb128 0xb
 468 0046 3B       		.uleb128 0x3b
 469 0047 0B       		.uleb128 0xb
 470 0048 27       		.uleb128 0x27
 471 0049 19       		.uleb128 0x19
 472 004a 11       		.uleb128 0x11
 473 004b 01       		.uleb128 0x1
 474 004c 12       		.uleb128 0x12
 475 004d 06       		.uleb128 0x6
 476 004e 40       		.uleb128 0x40
 477 004f 18       		.uleb128 0x18
 478 0050 9742     		.uleb128 0x2117
 479 0052 19       		.uleb128 0x19
 480 0053 01       		.uleb128 0x1
 481 0054 13       		.uleb128 0x13
 482 0055 00       		.byte	0
 483 0056 00       		.byte	0
 484 0057 07       		.uleb128 0x7
 485 0058 34       		.uleb128 0x34
 486 0059 00       		.byte	0
 487 005a 03       		.uleb128 0x3
 488 005b 0E       		.uleb128 0xe
 489 005c 3A       		.uleb128 0x3a
 490 005d 0B       		.uleb128 0xb
 491 005e 3B       		.uleb128 0x3b
 492 005f 0B       		.uleb128 0xb
 493 0060 49       		.uleb128 0x49
 494 0061 13       		.uleb128 0x13
 495 0062 02       		.uleb128 0x2
 496 0063 18       		.uleb128 0x18
 497 0064 00       		.byte	0
 498 0065 00       		.byte	0
 499 0066 08       		.uleb128 0x8
ARM GAS  C:\Users\rbhar\AppData\Local\Temp\cczd1ZdJ.s 			page 12


 500 0067 05       		.uleb128 0x5
 501 0068 00       		.byte	0
 502 0069 03       		.uleb128 0x3
 503 006a 0E       		.uleb128 0xe
 504 006b 3A       		.uleb128 0x3a
 505 006c 0B       		.uleb128 0xb
 506 006d 3B       		.uleb128 0x3b
 507 006e 0B       		.uleb128 0xb
 508 006f 49       		.uleb128 0x49
 509 0070 13       		.uleb128 0x13
 510 0071 02       		.uleb128 0x2
 511 0072 18       		.uleb128 0x18
 512 0073 00       		.byte	0
 513 0074 00       		.byte	0
 514 0075 09       		.uleb128 0x9
 515 0076 2E       		.uleb128 0x2e
 516 0077 00       		.byte	0
 517 0078 3F       		.uleb128 0x3f
 518 0079 19       		.uleb128 0x19
 519 007a 03       		.uleb128 0x3
 520 007b 0E       		.uleb128 0xe
 521 007c 3A       		.uleb128 0x3a
 522 007d 0B       		.uleb128 0xb
 523 007e 3B       		.uleb128 0x3b
 524 007f 0B       		.uleb128 0xb
 525 0080 27       		.uleb128 0x27
 526 0081 19       		.uleb128 0x19
 527 0082 11       		.uleb128 0x11
 528 0083 01       		.uleb128 0x1
 529 0084 12       		.uleb128 0x12
 530 0085 06       		.uleb128 0x6
 531 0086 40       		.uleb128 0x40
 532 0087 18       		.uleb128 0x18
 533 0088 9742     		.uleb128 0x2117
 534 008a 19       		.uleb128 0x19
 535 008b 00       		.byte	0
 536 008c 00       		.byte	0
 537 008d 0A       		.uleb128 0xa
 538 008e 2E       		.uleb128 0x2e
 539 008f 00       		.byte	0
 540 0090 3F       		.uleb128 0x3f
 541 0091 19       		.uleb128 0x19
 542 0092 03       		.uleb128 0x3
 543 0093 0E       		.uleb128 0xe
 544 0094 3A       		.uleb128 0x3a
 545 0095 0B       		.uleb128 0xb
 546 0096 3B       		.uleb128 0x3b
 547 0097 0B       		.uleb128 0xb
 548 0098 27       		.uleb128 0x27
 549 0099 19       		.uleb128 0x19
 550 009a 49       		.uleb128 0x49
 551 009b 13       		.uleb128 0x13
 552 009c 11       		.uleb128 0x11
 553 009d 01       		.uleb128 0x1
 554 009e 12       		.uleb128 0x12
 555 009f 06       		.uleb128 0x6
 556 00a0 40       		.uleb128 0x40
ARM GAS  C:\Users\rbhar\AppData\Local\Temp\cczd1ZdJ.s 			page 13


 557 00a1 18       		.uleb128 0x18
 558 00a2 9742     		.uleb128 0x2117
 559 00a4 19       		.uleb128 0x19
 560 00a5 00       		.byte	0
 561 00a6 00       		.byte	0
 562 00a7 0B       		.uleb128 0xb
 563 00a8 34       		.uleb128 0x34
 564 00a9 00       		.byte	0
 565 00aa 03       		.uleb128 0x3
 566 00ab 0E       		.uleb128 0xe
 567 00ac 3A       		.uleb128 0x3a
 568 00ad 0B       		.uleb128 0xb
 569 00ae 3B       		.uleb128 0x3b
 570 00af 05       		.uleb128 0x5
 571 00b0 49       		.uleb128 0x49
 572 00b1 13       		.uleb128 0x13
 573 00b2 3F       		.uleb128 0x3f
 574 00b3 19       		.uleb128 0x19
 575 00b4 3C       		.uleb128 0x3c
 576 00b5 19       		.uleb128 0x19
 577 00b6 00       		.byte	0
 578 00b7 00       		.byte	0
 579 00b8 00       		.byte	0
 580              		.section	.debug_aranges,"",%progbits
 581 0000 3C000000 		.4byte	0x3c
 582 0004 0200     		.2byte	0x2
 583 0006 00000000 		.4byte	.Ldebug_info0
 584 000a 04       		.byte	0x4
 585 000b 00       		.byte	0
 586 000c 0000     		.2byte	0
 587 000e 0000     		.2byte	0
 588 0010 00000000 		.4byte	.LFB63
 589 0014 2C000000 		.4byte	.LFE63-.LFB63
 590 0018 00000000 		.4byte	.LFB64
 591 001c 14000000 		.4byte	.LFE64-.LFB64
 592 0020 00000000 		.4byte	.LFB65
 593 0024 10000000 		.4byte	.LFE65-.LFB65
 594 0028 00000000 		.4byte	.LFB66
 595 002c 0C000000 		.4byte	.LFE66-.LFB66
 596 0030 00000000 		.4byte	.LFB67
 597 0034 0C000000 		.4byte	.LFE67-.LFB67
 598 0038 00000000 		.4byte	0
 599 003c 00000000 		.4byte	0
 600              		.section	.debug_ranges,"",%progbits
 601              	.Ldebug_ranges0:
 602 0000 00000000 		.4byte	.LFB63
 603 0004 2C000000 		.4byte	.LFE63
 604 0008 00000000 		.4byte	.LFB64
 605 000c 14000000 		.4byte	.LFE64
 606 0010 00000000 		.4byte	.LFB65
 607 0014 10000000 		.4byte	.LFE65
 608 0018 00000000 		.4byte	.LFB66
 609 001c 0C000000 		.4byte	.LFE66
 610 0020 00000000 		.4byte	.LFB67
 611 0024 0C000000 		.4byte	.LFE67
 612 0028 00000000 		.4byte	0
 613 002c 00000000 		.4byte	0
ARM GAS  C:\Users\rbhar\AppData\Local\Temp\cczd1ZdJ.s 			page 14


 614              		.section	.debug_line,"",%progbits
 615              	.Ldebug_line0:
 616 0000 B1010000 		.section	.debug_str,"MS",%progbits,1
 616      02004B01 
 616      00000201 
 616      FB0E0D00 
 616      01010101 
 617              	.LASF4:
 618 0000 5F5F7569 		.ascii	"__uint8_t\000"
 618      6E74385F 
 618      7400
 619              	.LASF26:
 620 000a 5359535F 		.ascii	"SYS_TimeMeasure_1ms\000"
 620      54696D65 
 620      4D656173 
 620      7572655F 
 620      316D7300 
 621              	.LASF22:
 622 001e 53746172 		.ascii	"StartTimerMeasurement\000"
 622      7454696D 
 622      65724D65 
 622      61737572 
 622      656D656E 
 623              	.LASF5:
 624 0034 5F5F696E 		.ascii	"__int32_t\000"
 624      7433325F 
 624      7400
 625              	.LASF21:
 626 003e 44656C61 		.ascii	"DelayGenerator\000"
 626      7947656E 
 626      65726174 
 626      6F7200
 627              	.LASF30:
 628 004d 443A5C48 		.ascii	"D:\\HDA\\Pre-Semester\\2_Microcontroller\\LabWorksp"
 628      44415C50 
 628      72652D53 
 628      656D6573 
 628      7465725C 
 629 007c 6163655C 		.ascii	"ace\\LabMicrocontroller\\ReactionGame.cydsn\000"
 629      4C61624D 
 629      6963726F 
 629      636F6E74 
 629      726F6C6C 
 630              	.LASF15:
 631 00a6 666C6F61 		.ascii	"float\000"
 631      7400
 632              	.LASF29:
 633 00ac 736F7572 		.ascii	"source\\bsw\\Timer.c\000"
 633      63655C62 
 633      73775C54 
 633      696D6572 
 633      2E6300
 634              	.LASF28:
 635 00bf 474E5520 		.ascii	"GNU C11 5.4.1 20160609 (release) [ARM/embedded-5-br"
 635      43313120 
 635      352E342E 
 635      31203230 
ARM GAS  C:\Users\rbhar\AppData\Local\Temp\cczd1ZdJ.s 			page 15


 635      31363036 
 636 00f2 616E6368 		.ascii	"anch revision 237715] -mcpu=cortex-m3 -mthumb -g -O"
 636      20726576 
 636      6973696F 
 636      6E203233 
 636      37373135 
 637 0125 67202D66 		.ascii	"g -ffunction-sections -ffat-lto-objects\000"
 637      66756E63 
 637      74696F6E 
 637      2D736563 
 637      74696F6E 
 638              	.LASF24:
 639 014d 5359535F 		.ascii	"SYS_TickCounter_1ms\000"
 639      5469636B 
 639      436F756E 
 639      7465725F 
 639      316D7300 
 640              	.LASF8:
 641 0161 6C6F6E67 		.ascii	"long unsigned int\000"
 641      20756E73 
 641      69676E65 
 641      6420696E 
 641      7400
 642              	.LASF3:
 643 0173 73686F72 		.ascii	"short unsigned int\000"
 643      7420756E 
 643      7369676E 
 643      65642069 
 643      6E7400
 644              	.LASF33:
 645 0186 49544D5F 		.ascii	"ITM_RxBuffer\000"
 645      52784275 
 645      66666572 
 645      00
 646              	.LASF1:
 647 0193 756E7369 		.ascii	"unsigned char\000"
 647      676E6564 
 647      20636861 
 647      7200
 648              	.LASF16:
 649 01a1 646F7562 		.ascii	"double\000"
 649      6C6500
 650              	.LASF31:
 651 01a8 44656C61 		.ascii	"Delay\000"
 651      7900
 652              	.LASF7:
 653 01ae 5F5F7569 		.ascii	"__uint32_t\000"
 653      6E743332 
 653      5F7400
 654              	.LASF11:
 655 01b9 756E7369 		.ascii	"unsigned int\000"
 655      676E6564 
 655      20696E74 
 655      00
 656              	.LASF23:
 657 01c6 53746F70 		.ascii	"StopTimerMeasurement\000"
 657      54696D65 
ARM GAS  C:\Users\rbhar\AppData\Local\Temp\cczd1ZdJ.s 			page 16


 657      724D6561 
 657      73757265 
 657      6D656E74 
 658              	.LASF10:
 659 01db 6C6F6E67 		.ascii	"long long unsigned int\000"
 659      206C6F6E 
 659      6720756E 
 659      7369676E 
 659      65642069 
 660              	.LASF12:
 661 01f2 75696E74 		.ascii	"uint8_t\000"
 661      385F7400 
 662              	.LASF32:
 663 01fa 47657454 		.ascii	"GetTimerMeasurement\000"
 663      696D6572 
 663      4D656173 
 663      7572656D 
 663      656E7400 
 664              	.LASF25:
 665 020e 5359535F 		.ascii	"SYS_TimeMeasure_1s\000"
 665      54696D65 
 665      4D656173 
 665      7572655F 
 665      317300
 666              	.LASF13:
 667 0221 696E7433 		.ascii	"int32_t\000"
 667      325F7400 
 668              	.LASF19:
 669 0229 73697A65 		.ascii	"sizetype\000"
 669      74797065 
 669      00
 670              	.LASF9:
 671 0232 6C6F6E67 		.ascii	"long long int\000"
 671      206C6F6E 
 671      6720696E 
 671      7400
 672              	.LASF17:
 673 0240 63686172 		.ascii	"char\000"
 673      00
 674              	.LASF2:
 675 0245 73686F72 		.ascii	"short int\000"
 675      7420696E 
 675      7400
 676              	.LASF27:
 677 024f 43757272 		.ascii	"CurrentTimeMeasure_ms\000"
 677      656E7454 
 677      696D654D 
 677      65617375 
 677      72655F6D 
 678              	.LASF20:
 679 0265 4253575F 		.ascii	"BSW_TimeCallBack\000"
 679      54696D65 
 679      43616C6C 
 679      4261636B 
 679      00
 680              	.LASF14:
 681 0276 75696E74 		.ascii	"uint32_t\000"
ARM GAS  C:\Users\rbhar\AppData\Local\Temp\cczd1ZdJ.s 			page 17


 681      33325F74 
 681      00
 682              	.LASF6:
 683 027f 6C6F6E67 		.ascii	"long int\000"
 683      20696E74 
 683      00
 684              	.LASF18:
 685 0288 6C6F6E67 		.ascii	"long double\000"
 685      20646F75 
 685      626C6500 
 686              	.LASF0:
 687 0294 7369676E 		.ascii	"signed char\000"
 687      65642063 
 687      68617200 
 688              		.ident	"GCC: (GNU Tools for ARM Embedded Processors) 5.4.1 20160609 (release) [ARM/embedded-5-bran
