Archive member included to satisfy reference by file (symbol)

.\CortexM3\ARM_GCC_541\Debug\ReactionGame.a(ErikaOS_ee_startos.o)
                              .\CortexM3\ARM_GCC_541\Debug\main.o (EE_oo_StartOS)
.\CortexM3\ARM_GCC_541\Debug\ReactionGame.a(ErikaOS_ee_terminat.o)
                              .\CortexM3\ARM_GCC_541\Debug\tsk_init.o (EE_oo_TerminateTask)
.\CortexM3\ARM_GCC_541\Debug\ReactionGame.a(ErikaOS_cortex_mx_ee_utils.o)
                              .\CortexM3\ARM_GCC_541\Debug\tsk_init.o (EE_system_init)
.\CortexM3\ARM_GCC_541\Debug\ReactionGame.a(ErikaOS_common_ee_hal_structs.o)
                              .\CortexM3\ARM_GCC_541\Debug\ReactionGame.a(ErikaOS_ee_terminat.o) (EE_IRQ_nesting_level)
.\CortexM3\ARM_GCC_541\Debug\ReactionGame.a(ErikaOS_eecfg.o)
                              .\CortexM3\ARM_GCC_541\Debug\ReactionGame.a(ErikaOS_ee_startos.o) (EE_oo_autostart_task_data)
.\CortexM3\ARM_GCC_541\Debug\ReactionGame.a(CyLib.o)
                              .\CortexM3\ARM_GCC_541\Debug\Cm3Start.o (CyHalt)
.\CortexM3\ARM_GCC_541\Debug\ReactionGame.a(cyPm.o)
                              .\CortexM3\ARM_GCC_541\Debug\ReactionGame.a(CyLib.o) (CyPmReadStatus)
.\CortexM3\ARM_GCC_541\Debug\ReactionGame.a(UART_LOG.o)
                              .\CortexM3\ARM_GCC_541\Debug\console.o (UART_LOG_Start)
.\CortexM3\ARM_GCC_541\Debug\ReactionGame.a(UART_LOG_INT.o)
                              .\CortexM3\ARM_GCC_541\Debug\ReactionGame.a(UART_LOG.o) (UART_LOG_TXISR)
.\CortexM3\ARM_GCC_541\Debug\ReactionGame.a(UART_LOG_IntClock.o)
                              .\CortexM3\ARM_GCC_541\Debug\ReactionGame.a(UART_LOG.o) (UART_LOG_IntClock_Start)
.\CortexM3\ARM_GCC_541\Debug\ReactionGame.a(BUTTON_2.o)
                              .\CortexM3\ARM_GCC_541\Debug\button.o (BUTTON_2_Read)
.\CortexM3\ARM_GCC_541\Debug\ReactionGame.a(BUTTON_1.o)
                              .\CortexM3\ARM_GCC_541\Debug\button.o (BUTTON_1_Read)
.\CortexM3\ARM_GCC_541\Debug\ReactionGame.a(S7D_Select.o)
                              .\CortexM3\ARM_GCC_541\Debug\seven.o (S7D_Select_Write)
.\CortexM3\ARM_GCC_541\Debug\ReactionGame.a(S7D_Display.o)
                              .\CortexM3\ARM_GCC_541\Debug\seven.o (S7D_Display_Write)
.\CortexM3\ARM_GCC_541\Debug\ReactionGame.a(S7D_ControlReg.o)
                              .\CortexM3\ARM_GCC_541\Debug\seven.o (S7D_ControlReg_Write)
.\CortexM3\ARM_GCC_541\Debug\ReactionGame.a(ErikaOS_ee_gnu_change_context_isr.o)
                              .\CortexM3\ARM_GCC_541\Debug\ReactionGame.a(ErikaOS_ee_startos.o) (EE_cortex_mx_pendsv_ISR)
.\CortexM3\ARM_GCC_541\Debug\ReactionGame.a(ErikaOS_ee_gnu_multi_context.o)
                              .\CortexM3\ARM_GCC_541\Debug\ReactionGame.a(ErikaOS_ee_startos.o) (EE_cortex_mx_change_context)
.\CortexM3\ARM_GCC_541\Debug\ReactionGame.a(ErikaOS_ee_gnu_oo.o)
                              .\CortexM3\ARM_GCC_541\Debug\ReactionGame.a(ErikaOS_ee_terminat.o) (EE_hal_terminate_task)
.\CortexM3\ARM_GCC_541\Debug\ReactionGame.a(CyBootAsmGnu.o)
                              .\CortexM3\ARM_GCC_541\Debug\cyfitter_cfg.o (CyDelayCycles)
.\CortexM3\ARM_GCC_541\Debug\ReactionGame.a(ErikaOS_ee_irqendin.o)
                              .\CortexM3\ARM_GCC_541\Debug\ReactionGame.a(ErikaOS_ee_gnu_change_context_isr.o) (EE_IRQ_end_instance)
.\CortexM3\ARM_GCC_541\Debug\ReactionGame.a(ErikaOS_ee_lookup.o)
                              .\CortexM3\ARM_GCC_541\Debug\ReactionGame.a(ErikaOS_ee_irqendin.o) (EE_oo_IRQ_disable_count)
.\CortexM3\ARM_GCC_541\Debug\ReactionGame.a(ErikaOS_ee_rq_exchg.o)
                              .\CortexM3\ARM_GCC_541\Debug\ReactionGame.a(ErikaOS_ee_startos.o) (EE_rq2stk_exchange)
.\CortexM3\ARM_GCC_541\Debug\ReactionGame.a(ErikaOS_ee_rq_first.o)
                              .\CortexM3\ARM_GCC_541\Debug\ReactionGame.a(ErikaOS_ee_startos.o) (EE_rq_queryfirst)
.\CortexM3\ARM_GCC_541\Debug\ReactionGame.a(ErikaOS_ee_rq_inser.o)
                              .\CortexM3\ARM_GCC_541\Debug\ReactionGame.a(ErikaOS_ee_startos.o) (EE_rq_insert)
.\CortexM3\ARM_GCC_541\Debug\ReactionGame.a(ErikaOS_ee_tnterm.o)
                              .\CortexM3\ARM_GCC_541\Debug\ReactionGame.a(ErikaOS_ee_gnu_oo.o) (EE_thread_not_terminated)
.\CortexM3\ARM_GCC_541\Debug\ReactionGame.a(ErikaOS_ee_tstub.o)
                              .\CortexM3\ARM_GCC_541\Debug\ReactionGame.a(ErikaOS_eecfg.o) (EE_oo_thread_stub)
.\CortexM3\ARM_GCC_541\Debug\ReactionGame.a(ErikaOS_cortex_mx_ee_context.o)
                              .\CortexM3\ARM_GCC_541\Debug\ReactionGame.a(ErikaOS_ee_gnu_multi_context.o) (EE_std_run_task_code)
.\CortexM3\ARM_GCC_541\Debug\ReactionGame.a(CyFlash.o)
                              .\CortexM3\ARM_GCC_541\Debug\ReactionGame.a(cyPm.o) (CyFlash_SetWaitCycles)
.\CortexM3\ARM_GCC_541\Debug\ReactionGame.a(CySpc.o)
                              .\CortexM3\ARM_GCC_541\Debug\ReactionGame.a(CyFlash.o) (CySpcStart)
[...]
Memory Configuration

Name             Origin             Length             Attributes
rom              0x00000000         0x00040000         xr
ram              0x1fff8000         0x00010000         xrw
*default*        0x00000000         0xffffffff

Linker script and memory map

LOAD d:/installations/cypress/psoc creator/4.2/psoc creator/import/gnu/arm/5.4.1/bin/../lib/gcc/arm-none-eabi/5.4.1/armv7-m/crti.o
LOAD d:/installations/cypress/psoc creator/4.2/psoc creator/import/gnu/arm/5.4.1/bin/../lib/gcc/arm-none-eabi/5.4.1/armv7-m/crtbegin.o
LOAD d:/installations/cypress/psoc creator/4.2/psoc creator/import/gnu/arm/5.4.1/bin/../lib/gcc/arm-none-eabi/5.4.1/../../../../arm-none-eabi/lib/armv7-m/crt0.o
START GROUP
LOAD .\CortexM3\ARM_GCC_541\Debug\main.o
LOAD .\CortexM3\ARM_GCC_541\Debug\tsk_init.o
LOAD .\CortexM3\ARM_GCC_541\Debug\console.o
LOAD .\CortexM3\ARM_GCC_541\Debug\button.o
LOAD .\CortexM3\ARM_GCC_541\Debug\seven.o
LOAD .\CortexM3\ARM_GCC_541\Debug\cyfitter_cfg.o
LOAD .\CortexM3\ARM_GCC_541\Debug\cymetadata.o
LOAD .\CortexM3\ARM_GCC_541\Debug\Cm3Start.o
LOAD .\CortexM3\ARM_GCC_541\Debug\ReactionGame.a
LOAD D:\Installations\Cypress\PSoC Creator\4.2\PSoC Creator\psoc\content\cycomponentlibrary\CyComponentLibrary.cylib\CortexM3\ARM_GCC_541\Debug\CyComponentLibrary.a
END GROUP
START GROUP
LOAD d:/installations/cypress/psoc creator/4.2/psoc creator/import/gnu/arm/5.4.1/bin/../lib/gcc/arm-none-eabi/5.4.1/armv7-m\libgcc.a
LOAD d:/installations/cypress/psoc creator/4.2/psoc creator/import/gnu/arm/5.4.1/bin/../lib/gcc/arm-none-eabi/5.4.1/../../../../arm-none-eabi/lib/armv7-m\libg_nano.a
LOAD d:/installations/cypress/psoc creator/4.2/psoc creator/import/gnu/arm/5.4.1/bin/../lib/gcc/arm-none-eabi/5.4.1/../../../../arm-none-eabi/lib/armv7-m\libc_nano.a
END GROUP
START GROUP
LOAD d:/installations/cypress/psoc creator/4.2/psoc creator/import/gnu/arm/5.4.1/bin/../lib/gcc/arm-none-eabi/5.4.1/armv7-m\libgcc.a
LOAD d:/installations/cypress/psoc creator/4.2/psoc creator/import/gnu/arm/5.4.1/bin/../lib/gcc/arm-none-eabi/5.4.1/../../../../arm-none-eabi/lib/armv7-m\libc_nano.a
END GROUP
LOAD d:/installations/cypress/psoc creator/4.2/psoc creator/import/gnu/arm/5.4.1/bin/../lib/gcc/arm-none-eabi/5.4.1/armv7-m/crtend.o
LOAD d:/installations/cypress/psoc creator/4.2/psoc creator/import/gnu/arm/5.4.1/bin/../lib/gcc/arm-none-eabi/5.4.1/armv7-m/crtn.o
START GROUP
LOAD d:/installations/cypress/psoc creator/4.2/psoc creator/import/gnu/arm/5.4.1/bin/../lib/gcc/arm-none-eabi/5.4.1/armv7-m\libgcc.a
LOAD d:/installations/cypress/psoc creator/4.2/psoc creator/import/gnu/arm/5.4.1/bin/../lib/gcc/arm-none-eabi/5.4.1/../../../../arm-none-eabi/lib/armv7-m\libc.a
LOAD d:/installations/cypress/psoc creator/4.2/psoc creator/import/gnu/arm/5.4.1/bin/../lib/gcc/arm-none-eabi/5.4.1/../../../../arm-none-eabi/lib/armv7-m\libnosys.a
END GROUP
                0x00000000                CY_APPL_ORIGIN = 0x0
                0x00000100                CY_FLASH_ROW_SIZE = 0x100
                0x00000020                CY_ECC_ROW_SIZE = 0x20
                0x00000000                CY_EE_IN_BTLDR = 0x0
                0x00000000                CY_APPL_LOADABLE = 0x0
                0x00000800                CY_EE_SIZE = 0x800
                0x00000001                CY_APPL_NUM = 0x1
                0x00000001                CY_APPL_MAX = 0x1
                0x00000040                CY_METADATA_SIZE = 0x40
                0x00000000                CY_APPL_LOADABLE = 0x0
                0x00000000                CY_CHECKSUM_EXCLUDE_SIZE = ALIGN (0x0, CY_FLASH_ROW_SIZE)
                [!provide]                PROVIDE (__cy_heap_start, _end)
                0x00000001                PROVIDE (__cy_region_num, ((__cy_regions_end - __cy_regions) / 0x10))
                0x20008000                PROVIDE (__cy_stack, (ORIGIN (ram) + LENGTH (ram)))
                [!provide]                PROVIDE (__cy_heap_end, (__cy_stack - 0x800))

.cybootloader   0x00000000        0x0
 *(.cybootloader)
                0x00000000                appl1_start = CY_APPL_ORIGIN?CY_APPL_ORIGIN:ALIGN (CY_FLASH_ROW_SIZE)
                0x0001ff00                appl2_start = (appl1_start + ALIGN ((((LENGTH (rom) - appl1_start) - (0x2 * CY_FLASH_ROW_SIZE)) / 0x2), CY_FLASH_ROW_SIZE))
                0x00000000                appl_start = (CY_APPL_NUM == 0x1)?appl1_start:appl2_start
                0x00000000                ecc_offset = ((appl_start / CY_FLASH_ROW_SIZE) * CY_ECC_ROW_SIZE)
                0x00000000                ee_offset = (CY_APPL_LOADABLE && ! (CY_EE_IN_BTLDR))?((CY_EE_SIZE / CY_APPL_MAX) * (CY_APPL_NUM - 0x1)):0x0
                0x00000800                ee_size = (CY_APPL_LOADABLE && ! (CY_EE_IN_BTLDR))?(CY_EE_SIZE / CY_APPL_MAX):CY_EE_SIZE
                [!provide]                PROVIDE (CY_ECC_OFFSET, ecc_offset)

.text           0x00000000      0xcbe
 CREATE_OBJECT_SYMBOLS
                0x00000000                PROVIDE (__cy_interrupt_vector, RomVectors)
 *(.romvectors)
 .romvectors    0x00000000       0x10 .\CortexM3\ARM_GCC_541\Debug\Cm3Start.o
                0x00000000                RomVectors
                0x00000001                ASSERT ((. != __cy_interrupt_vector), No interrupt vector)
                0x00000001                ASSERT (CY_APPL_ORIGIN?(SIZEOF (.cybootloader) <= CY_APPL_ORIGIN):0x1, Wrong image location)
                0x00000010                PROVIDE (__cy_reset, Reset)
 *(.text.Reset)
 .text.Reset    0x00000010       0x18 .\CortexM3\ARM_GCC_541\Debug\Cm3Start.o
                0x00000010                Reset
                0x00000001                ASSERT ((. != __cy_reset), No reset code)
 *(.dma_init)
                0x00000001                ASSERT ((((appl_start + .) <= 0x10000) || 0x1), DMA Init must be within the first 64k of flash)
 *(.text .text.* .gnu.linkonce.t.*)
 .text          0x00000028       0x5c d:/installations/cypress/psoc creator/4.2/psoc creator/import/gnu/arm/5.4.1/bin/../lib/gcc/arm-none-eabi/5.4.1/armv7-m/crtbegin.o
 .text.main     0x00000084        0xc .\CortexM3\ARM_GCC_541\Debug\main.o
                0x00000084                main
 .text.Functsk_init
                0x00000090       0x2c .\CortexM3\ARM_GCC_541\Debug\tsk_init.o
                0x00000090                Functsk_init
 .text.CONSOLE_Init
                0x000000bc        0xc .\CortexM3\ARM_GCC_541\Debug\console.o
                0x000000bc                CONSOLE_Init
 .text.S7D_Set  0x000000c8       0x1c .\CortexM3\ARM_GCC_541\Debug\seven.o
 .text.S7D_Write
                0x000000e4       0x1c .\CortexM3\ARM_GCC_541\Debug\seven.o
                0x000000e4                S7D_Write
 .text.S7D_init
                0x00000100       0x14 .\CortexM3\ARM_GCC_541\Debug\seven.o
                0x00000100                S7D_init
 .text.CyClockStartupError
                0x00000114        0x4 .\CortexM3\ARM_GCC_541\Debug\cyfitter_cfg.o
 .text.cfg_write_bytes32
                0x00000118       0x34 .\CortexM3\ARM_GCC_541\Debug\cyfitter_cfg.o
 .text.AnalogSetDefault
                0x0000014c       0x28 .\CortexM3\ARM_GCC_541\Debug\cyfitter_cfg.o
 .text.CYMEMZERO
                0x00000174        0xc .\CortexM3\ARM_GCC_541\Debug\cyfitter_cfg.o
 .text.ClockSetup
                0x00000180       0xb4 .\CortexM3\ARM_GCC_541\Debug\cyfitter_cfg.o
 .text.CYCONFIGCPY
                0x00000234        0x8 .\CortexM3\ARM_GCC_541\Debug\cyfitter_cfg.o
 .text.cyfitter_cfg
                0x0000023c       0xf4 .\CortexM3\ARM_GCC_541\Debug\cyfitter_cfg.o
                0x0000023c                cyfitter_cfg
 .text.IntDefaultHandler
                0x00000330       0x10 .\CortexM3\ARM_GCC_541\Debug\Cm3Start.o
                0x00000330                IntDefaultHandler
 .text.Start_c  0x00000340       0x4c .\CortexM3\ARM_GCC_541\Debug\Cm3Start.o
                0x00000340                Start_c
 .text.initialize_psoc
                0x0000038c       0x68 .\CortexM3\ARM_GCC_541\Debug\Cm3Start.o
                0x0000038c                initialize_psoc
 .text.compute_task_tid
                0x000003f4       0x10 .\CortexM3\ARM_GCC_541\Debug\ReactionGame.a(ErikaOS_ee_startos.o)
 .text.EE_oo_start_os
                0x00000404        0xc .\CortexM3\ARM_GCC_541\Debug\ReactionGame.a(ErikaOS_ee_startos.o)
 .text.EE_oo_autostart_tasks
                0x00000410       0x60 .\CortexM3\ARM_GCC_541\Debug\ReactionGame.a(ErikaOS_ee_startos.o)
 .text.EE_oo_autostart_os
                0x00000470        0xc .\CortexM3\ARM_GCC_541\Debug\ReactionGame.a(ErikaOS_ee_startos.o)
 .text.EE_oo_StartOS
                0x0000047c       0x84 .\CortexM3\ARM_GCC_541\Debug\ReactionGame.a(ErikaOS_ee_startos.o)
                0x0000047c                EE_oo_StartOS
 .text.EE_oo_TerminateTask
                0x00000500       0x3c .\CortexM3\ARM_GCC_541\Debug\ReactionGame.a(ErikaOS_ee_terminat.o)
                0x00000500                EE_oo_TerminateTask
 .text.EE_system_init
                0x0000053c       0x14 .\CortexM3\ARM_GCC_541\Debug\ReactionGame.a(ErikaOS_cortex_mx_ee_utils.o)
                0x0000053c                EE_system_init
 .text.CyHalt   0x00000550        0x4 .\CortexM3\ARM_GCC_541\Debug\ReactionGame.a(CyLib.o)
                0x00000550                CyHalt
 .text.CyDelay  0x00000554       0x2c .\CortexM3\ARM_GCC_541\Debug\ReactionGame.a(CyLib.o)
                0x00000554                CyDelay
 .text.CyIntSetVector
                0x00000580       0x28 .\CortexM3\ARM_GCC_541\Debug\ReactionGame.a(CyLib.o)
                0x00000580                CyIntSetVector
 .text.CyIntSetPriority
                0x000005a8       0x30 .\CortexM3\ARM_GCC_541\Debug\ReactionGame.a(CyLib.o)
                0x000005a8                CyIntSetPriority
 .text.UART_LOG_Init
                0x000005d8       0x40 .\CortexM3\ARM_GCC_541\Debug\ReactionGame.a(UART_LOG.o)
                0x000005d8                UART_LOG_Init
 .text.UART_LOG_Enable
                0x00000618       0x48 .\CortexM3\ARM_GCC_541\Debug\ReactionGame.a(UART_LOG.o)
                0x00000618                UART_LOG_Enable
 .text.UART_LOG_Start
                0x00000660       0x1c .\CortexM3\ARM_GCC_541\Debug\ReactionGame.a(UART_LOG.o)
                0x00000660                UART_LOG_Start
 .text.UART_LOG_TXISR
                0x0000067c       0x58 .\CortexM3\ARM_GCC_541\Debug\ReactionGame.a(UART_LOG_INT.o)
                0x0000067c                UART_LOG_TXISR
 .text.UART_LOG_IntClock_Start
                0x000006d4       0x1c .\CortexM3\ARM_GCC_541\Debug\ReactionGame.a(UART_LOG_IntClock.o)
                0x000006d4                UART_LOG_IntClock_Start
 .text.S7D_Select_Write
                0x000006f0       0x18 .\CortexM3\ARM_GCC_541\Debug\ReactionGame.a(S7D_Select.o)
                0x000006f0                S7D_Select_Write
 .text.S7D_Display_Write
                0x00000708       0x18 .\CortexM3\ARM_GCC_541\Debug\ReactionGame.a(S7D_Display.o)
                0x00000708                S7D_Display_Write
 .text.S7D_ControlReg_Write
                0x00000720        0xc .\CortexM3\ARM_GCC_541\Debug\ReactionGame.a(S7D_ControlReg.o)
                0x00000720                S7D_ControlReg_Write
 .text          0x0000072c       0x7c .\CortexM3\ARM_GCC_541\Debug\ReactionGame.a(ErikaOS_ee_gnu_change_context_isr.o)
                0x0000072c                EE_set_switch_context_pri
                0x00000746                EE_switch_context
                0x00000750                EE_cortex_mx_pendsv_ISR
                0x0000078c                EE_cortex_mx_svc_ISR
 .text          0x000007a8       0x68 .\CortexM3\ARM_GCC_541\Debug\ReactionGame.a(ErikaOS_ee_gnu_multi_context.o)
                0x000007a8                EE_cortex_mx_change_context
 .text          0x00000810       0x80 .\CortexM3\ARM_GCC_541\Debug\ReactionGame.a(ErikaOS_ee_gnu_oo.o)
                0x00000810                EE_hal_terminate_savestk
                0x0000085a                EE_hal_terminate_task
 .text          0x00000890       0x20 .\CortexM3\ARM_GCC_541\Debug\ReactionGame.a(CyBootAsmGnu.o)
                0x00000890                CyDelayCycles
                0x000008a0                CyEnterCriticalSection
                0x000008a8                CyExitCriticalSection
 .text.EE_IRQ_run_next_task
                0x000008b0       0x30 .\CortexM3\ARM_GCC_541\Debug\ReactionGame.a(ErikaOS_ee_irqendin.o)
 .text.EE_IRQ_end_instance
                0x000008e0       0x68 .\CortexM3\ARM_GCC_541\Debug\ReactionGame.a(ErikaOS_ee_irqendin.o)
                0x000008e0                EE_IRQ_end_instance
 .text.EE_rq2stk_exchange
                0x00000948       0x88 .\CortexM3\ARM_GCC_541\Debug\ReactionGame.a(ErikaOS_ee_rq_exchg.o)
                0x00000948                EE_rq2stk_exchange
 .text.EE_rq_queryfirst
                0x000009d0       0x44 .\CortexM3\ARM_GCC_541\Debug\ReactionGame.a(ErikaOS_ee_rq_first.o)
                0x000009d0                EE_rq_queryfirst
 .text.EE_rq_insert
                0x00000a14       0x74 .\CortexM3\ARM_GCC_541\Debug\ReactionGame.a(ErikaOS_ee_rq_inser.o)
                0x00000a14                EE_rq_insert
 .text.EE_thread_not_terminated
                0x00000a88       0x10 .\CortexM3\ARM_GCC_541\Debug\ReactionGame.a(ErikaOS_ee_tnterm.o)
                0x00000a88                EE_thread_not_terminated
 .text.EE_oo_thread_stub
                0x00000a98       0x10 .\CortexM3\ARM_GCC_541\Debug\ReactionGame.a(ErikaOS_ee_tstub.o)
                0x00000a98                EE_oo_thread_stub
 .text.EE_std_run_task_code
                0x00000aa8       0x18 .\CortexM3\ARM_GCC_541\Debug\ReactionGame.a(ErikaOS_cortex_mx_ee_context.o)
                0x00000aa8                EE_std_run_task_code
 .text.EE_std_need_context_change
                0x00000ac0       0x28 .\CortexM3\ARM_GCC_541\Debug\ReactionGame.a(ErikaOS_cortex_mx_ee_context.o)
                0x00000ac0                EE_std_need_context_change
 .text.EE_thread_rnact_max
                0x00000ae8       0x20 .\CortexM3\ARM_GCC_541\Debug\ReactionGame.a(ErikaOS_ee_thendin.o)
 .text.EE_thread_endcycle_next
                0x00000b08       0x30 .\CortexM3\ARM_GCC_541\Debug\ReactionGame.a(ErikaOS_ee_thendin.o)
 .text.EE_thread_end_instance
                0x00000b38      0x108 .\CortexM3\ARM_GCC_541\Debug\ReactionGame.a(ErikaOS_ee_thendin.o)
                0x00000b38                EE_thread_end_instance
 .text.__errno  0x00000c40        0xc d:/installations/cypress/psoc creator/4.2/psoc creator/import/gnu/arm/5.4.1/bin/../lib/gcc/arm-none-eabi/5.4.1/../../../../arm-none-eabi/lib/armv7-m\libg_nano.a(lib_a-errno.o)
                0x00000c40                __errno
 .text.__libc_init_array
                0x00000c4c       0x4c d:/installations/cypress/psoc creator/4.2/psoc creator/import/gnu/arm/5.4.1/bin/../lib/gcc/arm-none-eabi/5.4.1/../../../../arm-none-eabi/lib/armv7-m\libg_nano.a(lib_a-init.o)
                0x00000c4c                __libc_init_array
 .text.memcpy   0x00000c98       0x16 d:/installations/cypress/psoc creator/4.2/psoc creator/import/gnu/arm/5.4.1/bin/../lib/gcc/arm-none-eabi/5.4.1/../../../../arm-none-eabi/lib/armv7-m\libg_nano.a(lib_a-memcpy-stub.o)
                0x00000c98                memcpy
 .text.memset   0x00000cae       0x10 d:/installations/cypress/psoc creator/4.2/psoc creator/import/gnu/arm/5.4.1/bin/../lib/gcc/arm-none-eabi/5.4.1/../../../../arm-none-eabi/lib/armv7-m\libg_nano.a(lib_a-memset.o)
                0x00000cae                memset
 *(.plt)
 *(.gnu.warning)
 *(.glue_7t)
 .glue_7t       0x00000cbe        0x0 linker stubs
 *(.glue_7)
 .glue_7        0x00000cbe        0x0 linker stubs
 *(.vfp11_veneer)
 .vfp11_veneer  0x00000cbe        0x0 linker stubs
 *(.bootloader)
 *(.ARM.extab* .gnu.linkonce.armextab.*)
 *(.gcc_except_table)

.v4_bx          0x00000cc0        0x0
 .v4_bx         0x00000cc0        0x0 linker stubs

.iplt           0x00000cc0        0x0
 .iplt          0x00000cc0        0x0 d:/installations/cypress/psoc creator/4.2/psoc creator/import/gnu/arm/5.4.1/bin/../lib/gcc/arm-none-eabi/5.4.1/armv7-m/crtbegin.o

.eh_frame_hdr
 *(.eh_frame_hdr)

.eh_frame       0x00000cc0        0x4
 *(.eh_frame)
 .eh_frame      0x00000cc0        0x0 d:/installations/cypress/psoc creator/4.2/psoc creator/import/gnu/arm/5.4.1/bin/../lib/gcc/arm-none-eabi/5.4.1/armv7-m/crtbegin.o
 .eh_frame      0x00000cc0        0x4 d:/installations/cypress/psoc creator/4.2/psoc creator/import/gnu/arm/5.4.1/bin/../lib/gcc/arm-none-eabi/5.4.1/armv7-m/crtend.o
                [!provide]                PROVIDE (__exidx_start, .)

.ARM.exidx
 *(.ARM.exidx* .gnu.linkonce.armexidx.*)
                0x00000cc4                __exidx_end = .

.rodata         0x00000cc4      0x1b4
 *(.rodata .rodata.* .gnu.linkonce.r.*)
 .rodata        0x00000cc4        0x8 .\CortexM3\ARM_GCC_541\Debug\tsk_init.o
 .rodata        0x00000ccc       0x11 .\CortexM3\ARM_GCC_541\Debug\seven.o
 *fill*         0x00000cdd        0x3 
 .rodata        0x00000ce0       0x30 .\CortexM3\ARM_GCC_541\Debug\cyfitter_cfg.o
 .rodata        0x00000d10       0x2c .\CortexM3\ARM_GCC_541\Debug\ReactionGame.a(ErikaOS_eecfg.o)
                0x00000d10                EE_oo_autostart_task_data
                0x00000d1c                EE_th_is_extended
                0x00000d20                EE_th_rnact_max
                0x00000d24                EE_th_dispatch_prio
                0x00000d28                EE_th_ready_prio
                0x00000d2c                EE_terminate_real_th_body
                0x00000d30                EE_hal_thread_body
                0x00000d34                EE_std_thread_tos
 .rodata        0x00000d3c      0x100 .\CortexM3\ARM_GCC_541\Debug\ReactionGame.a(ErikaOS_ee_lookup.o)
                0x00000d3c                EE_rq_lookup
 .rodata.str1.1
                0x00000e3c        0x2 d:/installations/cypress/psoc creator/4.2/psoc creator/import/gnu/arm/5.4.1/bin/../lib/gcc/arm-none-eabi/5.4.1/../../../../arm-none-eabi/lib/armv7-m\libg_nano.a(lib_a-impure.o)
                0x00000e40                . = ALIGN (0x4)
 *fill*         0x00000e3e        0x2 
 *(.init)
 .init          0x00000e40        0x4 d:/installations/cypress/psoc creator/4.2/psoc creator/import/gnu/arm/5.4.1/bin/../lib/gcc/arm-none-eabi/5.4.1/armv7-m/crti.o
                0x00000e40                _init
 .init          0x00000e44        0x8 d:/installations/cypress/psoc creator/4.2/psoc creator/import/gnu/arm/5.4.1/bin/../lib/gcc/arm-none-eabi/5.4.1/armv7-m/crtn.o
                0x00000e4c                . = ALIGN (0x4)
                0x00000e4c                __preinit_array_start = .
 *(.preinit_array)
                0x00000e4c                __preinit_array_end = .
                0x00000e4c                . = ALIGN (0x4)
                0x00000e4c                __init_array_start = .
 *(SORT(.init_array.*))
 *(.init_array)
 .init_array    0x00000e4c        0x4 d:/installations/cypress/psoc creator/4.2/psoc creator/import/gnu/arm/5.4.1/bin/../lib/gcc/arm-none-eabi/5.4.1/armv7-m/crtbegin.o
 .init_array    0x00000e50        0x4 .\CortexM3\ARM_GCC_541\Debug\Cm3Start.o
                0x00000e54                __init_array_end = .
                0x00000e54                . = ALIGN (0x4)
 *(.fini)
 .fini          0x00000e54        0x4 d:/installations/cypress/psoc creator/4.2/psoc creator/import/gnu/arm/5.4.1/bin/../lib/gcc/arm-none-eabi/5.4.1/armv7-m/crti.o
                0x00000e54                _fini
 .fini          0x00000e58        0x8 d:/installations/cypress/psoc creator/4.2/psoc creator/import/gnu/arm/5.4.1/bin/../lib/gcc/arm-none-eabi/5.4.1/armv7-m/crtn.o
                0x00000e60                . = ALIGN (0x4)
                0x00000e60                __fini_array_start = .
 *(.fini_array)
 .fini_array    0x00000e60        0x4 d:/installations/cypress/psoc creator/4.2/psoc creator/import/gnu/arm/5.4.1/bin/../lib/gcc/arm-none-eabi/5.4.1/armv7-m/crtbegin.o
 *(SORT(.fini_array.*))
                0x00000e64                __fini_array_end = .
                0x00000e64                . = ALIGN (0x4)
 *crtbegin.o(.ctors)
 *(EXCLUDE_FILE(*crtend.o) .ctors)
 *(SORT(.ctors.*))
 *crtend.o(.ctors)
                0x00000e64                . = ALIGN (0x4)
 *crtbegin.o(.dtors)
 *(EXCLUDE_FILE(*crtend.o) .dtors)
 *(SORT(.dtors.*))
 *crtend.o(.dtors)
                0x00000e64                . = ALIGN (0x4)
                0x00000e64                __cy_regions = .
                0x00000e64        0x4 LONG 0xe78 __cy_region_init_ram
                0x00000e68        0x4 LONG 0x1fff80c8 __cy_region_start_data
                0x00000e6c        0x4 LONG 0x118 __cy_region_init_size_ram
                0x00000e70        0x4 LONG 0x278 __cy_region_zero_size_ram
                0x00000e74                __cy_regions_end = .
                0x00000e78                . = ALIGN (0x8)
 *fill*         0x00000e74        0x4 
                0x00000e78                _etext = .

.cy_checksum_exclude
                0x00000e78        0x0
 *(.cy_checksum_exclude)

.ramvectors     0x1fff8000       0xc0
                0x1fff8000                __cy_region_start_ram = .
 *(.ramvectors)
 .ramvectors    0x1fff8000       0xc0 .\CortexM3\ARM_GCC_541\Debug\Cm3Start.o
                0x1fff8000                CyRamVectors

.noinit         0x1fff80c0        0x1
 *(.noinit)
 .noinit        0x1fff80c0        0x1 .\CortexM3\ARM_GCC_541\Debug\ReactionGame.a(CyLib.o)
                0x1fff80c0                CyResetStatus

.data           0x1fff80c8      0x118 load address 0x00000e78
                0x1fff80c8                __cy_region_start_data = .
 *(.jcr)
 .jcr           0x1fff80c8        0x0 d:/installations/cypress/psoc creator/4.2/psoc creator/import/gnu/arm/5.4.1/bin/../lib/gcc/arm-none-eabi/5.4.1/armv7-m/crtbegin.o
 .jcr           0x1fff80c8        0x4 d:/installations/cypress/psoc creator/4.2/psoc creator/import/gnu/arm/5.4.1/bin/../lib/gcc/arm-none-eabi/5.4.1/armv7-m/crtend.o
 *(.got.plt)
 *(.got)
 *(.shdata)
 *(.data .data.* .gnu.linkonce.d.*)
 .data          0x1fff80cc       0x9c .\CortexM3\ARM_GCC_541\Debug\ReactionGame.a(ErikaOS_eecfg.o)
                0x1fff80cc                EE_th_terminate_nextask
                0x1fff80d0                EE_rq_pairs_next
                0x1fff80d4                EE_th_rnact
                0x1fff80d8                EE_rq_queues_tail
                0x1fff8118                EE_rq_queues_head
                0x1fff8158                EE_stkfirst
                0x1fff815c                EE_th_next
                0x1fff8160                EE_th_status
                0x1fff8164                EE_cortex_mx_IRQ_tos
 .data          0x1fff8168       0x10 .\CortexM3\ARM_GCC_541\Debug\ReactionGame.a(CyLib.o)
                0x1fff8168                cydelay_32k_ms
                0x1fff816c                cydelay_freq_khz
                0x1fff8170                cydelay_freq_mhz
                0x1fff8174                cydelay_freq_hz
 .data.impure_data
                0x1fff8178       0x60 d:/installations/cypress/psoc creator/4.2/psoc creator/import/gnu/arm/5.4.1/bin/../lib/gcc/arm-none-eabi/5.4.1/../../../../arm-none-eabi/lib/armv7-m\libg_nano.a(lib_a-impure.o)
 .data._impure_ptr
                0x1fff81d8        0x4 d:/installations/cypress/psoc creator/4.2/psoc creator/import/gnu/arm/5.4.1/bin/../lib/gcc/arm-none-eabi/5.4.1/../../../../arm-none-eabi/lib/armv7-m\libg_nano.a(lib_a-impure.o)
                0x1fff81d8                _impure_ptr
                0x1fff81e0                . = ALIGN (0x8)
 *fill*         0x1fff81dc        0x4 
 *(.ram)
                0x1fff81e0                _edata = .

.igot.plt       0x1fff81e0        0x0 load address 0x00000f90
 .igot.plt      0x1fff81e0        0x0 d:/installations/cypress/psoc creator/4.2/psoc creator/import/gnu/arm/5.4.1/bin/../lib/gcc/arm-none-eabi/5.4.1/armv7-m/crtbegin.o

.bss            0x1fff81e0      0x278 load address 0x00000f90
                0x1fff81e0                PROVIDE (__bss_start__, .)
 *(.shbss)
 *(.bss .bss.* .gnu.linkonce.b.*)
 .bss           0x1fff81e0       0x1c d:/installations/cypress/psoc creator/4.2/psoc creator/import/gnu/arm/5.4.1/bin/../lib/gcc/arm-none-eabi/5.4.1/armv7-m/crtbegin.o
 .bss           0x1fff81fc       0x24 .\CortexM3\ARM_GCC_541\Debug\ReactionGame.a(ErikaOS_eecfg.o)
                0x1fff81fc                EE_th_waswaiting
                0x1fff8200                EE_th_event_waitmask
                0x1fff8204                EE_th_event_active
                0x1fff8208                EE_rq_free
                0x1fff820c                EE_rq_link
                0x1fff8210                EE_rq_bitmask
                0x1fff8214                EE_sys_ceiling
                0x1fff8218                EE_cortex_mx_active_tos
                0x1fff821c                EE_cortex_mx_system_tos
 .bss           0x1fff8220        0x4 .\CortexM3\ARM_GCC_541\Debug\ReactionGame.a(UART_LOG.o)
                0x1fff8220                UART_LOG_initVar
                0x1fff8221                UART_LOG_txBufferRead
                0x1fff8222                UART_LOG_txBufferWrite
 *(COMMON)
 COMMON         0x1fff8224        0x4 .\CortexM3\ARM_GCC_541\Debug\ReactionGame.a(ErikaOS_ee_startos.o)
                0x1fff8224                EE_oo_started
 COMMON         0x1fff8228        0x8 .\CortexM3\ARM_GCC_541\Debug\ReactionGame.a(ErikaOS_common_ee_hal_structs.o)
                0x1fff8228                EE_IRQ_nesting_level
                0x1fff822c                EE_std_endcycle_next_tid
 COMMON         0x1fff8230      0x20c .\CortexM3\ARM_GCC_541\Debug\ReactionGame.a(ErikaOS_eecfg.o)
                0x1fff8230                EE_rq_pairs_tid
                0x1fff8234                EE_terminate_data
                0x1fff8238                EE_ApplicationMode
                0x1fff823c                EE_cortex_mx_stack_9
 COMMON         0x1fff843c       0x10 .\CortexM3\ARM_GCC_541\Debug\ReactionGame.a(UART_LOG.o)
                0x1fff843c                UART_LOG_txBuffer
 COMMON         0x1fff844c        0x8 .\CortexM3\ARM_GCC_541\Debug\ReactionGame.a(ErikaOS_ee_lookup.o)
                0x1fff844c                EE_oo_IRQ_disable_count
                0x1fff8450                EE_oo_IRQ_suspend_status
                0x1fff8458                . = ALIGN (0x8)
 *fill*         0x1fff8454        0x4 
 *(.ram.b)
                0x1fff8458                _end = .
                0x1fff8458                __end = .
                0x1fff8458                PROVIDE (end, .)
                0x1fff8458                PROVIDE (__bss_end__, .)
                0x00000e78                __cy_region_init_ram = LOADADDR (.data)
                0x00000118                __cy_region_init_size_ram = (_edata - ADDR (.data))
                0x00000278                __cy_region_zero_size_ram = (_end - _edata)

.heap           0x1fff8458       0x80 load address 0x00000f90
                0x1fff8458                . = _end
                0x1fff84d8                . = (. + 0x80)
 *fill*         0x1fff8458       0x80 
                0x1fff84d8                __cy_heap_limit = .

.stack          0x20007800      0x800
                0x20007800                __cy_stack_limit = .
                0x20008000                . = (. + 0x800)
 *fill*         0x20007800      0x800 
                0x00000001                ASSERT ((__cy_stack_limit >= __cy_heap_limit), region RAM overflowed with stack)
                0x00000000                cy_checksum_exclude_size = (CY_APPL_LOADABLE == 0x1)?SIZEOF (.cy_checksum_exclude):0x0
                0x00000001                ASSERT ((cy_checksum_exclude_size <= CY_CHECKSUM_EXCLUDE_SIZE), CY_BOOT: Section .cy_checksum_exclude size exceedes specified limit.)

.cyloadermeta
 *(.cyloadermeta)

.cyloadablemeta
 *(.cyloadablemeta)

.cyconfigecc    0x80000000      0x4f4
 *(.cyconfigecc)
 .cyconfigecc   0x80000000      0x4f4 .\CortexM3\ARM_GCC_541\Debug\cymetadata.o
                0x80000000                cy_meta_configecc

.cycustnvl      0x90000000        0x4
 *(.cycustnvl)
 .cycustnvl     0x90000000        0x4 .\CortexM3\ARM_GCC_541\Debug\cymetadata.o
                0x90000000                cy_meta_custnvl

.cywolatch      0x90100000        0x4
 *(.cywolatch)
 .cywolatch     0x90100000        0x4 .\CortexM3\ARM_GCC_541\Debug\cymetadata.o
                0x90100000                cy_meta_wonvl

.cyeeprom       0x90200000        0x0
 *(.cyeeprom)
                0x00000001                ASSERT ((. <= ((0x90200000 + ee_offset) + ee_size)), .cyeeprom data will not fit in EEPROM)

.cyflashprotect
                0x90400000      0x100
 *(.cyflashprotect)
 .cyflashprotect
                0x90400000      0x100 .\CortexM3\ARM_GCC_541\Debug\cymetadata.o
                0x90400000                cy_meta_flashprotect

.cymeta         0x90500000        0xc
 *(.cymeta)
 .cymeta        0x90500000        0xc .\CortexM3\ARM_GCC_541\Debug\cymetadata.o
                0x90500000                cy_metadata

.rel.dyn        0x00000f90        0x0 load address 0x9050000c
 .rel.iplt      0x00000f90        0x0 d:/installations/cypress/psoc creator/4.2/psoc creator/import/gnu/arm/5.4.1/bin/../lib/gcc/arm-none-eabi/5.4.1/armv7-m/crtbegin.o

.stab
 *(.stab)

.stabstr
 *(.stabstr)

.debug
 *(.debug)

.line
 *(.line)

.debug_srcinfo
 *(.debug_srcinfo)

.debug_sfnames
 *(.debug_sfnames)

.debug_aranges  0x00000000      0xab0
 *(.debug_aranges)
 .debug_aranges
                0x00000000       0x20 .\CortexM3\ARM_GCC_541\Debug\main.o
 .debug_aranges
                0x00000020       0x20 .\CortexM3\ARM_GCC_541\Debug\tsk_init.o
 .debug_aranges
                0x00000040       0x28 .\CortexM3\ARM_GCC_541\Debug\console.o
 .debug_aranges
                0x00000068       0x20 .\CortexM3\ARM_GCC_541\Debug\button.o
 .debug_aranges
                0x00000088       0x38 .\CortexM3\ARM_GCC_541\Debug\seven.o
 .debug_aranges
                0x000000c0       0x58 .\CortexM3\ARM_GCC_541\Debug\cyfitter_cfg.o
 .debug_aranges
                0x00000118       0x18 .\CortexM3\ARM_GCC_541\Debug\cymetadata.o
 .debug_aranges
                0x00000130       0x48 .\CortexM3\ARM_GCC_541\Debug\Cm3Start.o
 .debug_aranges
                0x00000178       0x40 .\CortexM3\ARM_GCC_541\Debug\ReactionGame.a(ErikaOS_ee_startos.o)
 .debug_aranges
                0x000001b8       0x20 .\CortexM3\ARM_GCC_541\Debug\ReactionGame.a(ErikaOS_ee_terminat.o)
 .debug_aranges
                0x000001d8       0x20 .\CortexM3\ARM_GCC_541\Debug\ReactionGame.a(ErikaOS_cortex_mx_ee_utils.o)
 .debug_aranges
                0x000001f8       0x18 .\CortexM3\ARM_GCC_541\Debug\ReactionGame.a(ErikaOS_common_ee_hal_structs.o)
 .debug_aranges
                0x00000210       0x18 .\CortexM3\ARM_GCC_541\Debug\ReactionGame.a(ErikaOS_eecfg.o)
 .debug_aranges
                0x00000228      0x2a0 .\CortexM3\ARM_GCC_541\Debug\ReactionGame.a(CyLib.o)
 .debug_aranges
                0x000004c8       0x98 .\CortexM3\ARM_GCC_541\Debug\ReactionGame.a(cyPm.o)
 .debug_aranges
                0x00000560       0xf0 .\CortexM3\ARM_GCC_541\Debug\ReactionGame.a(UART_LOG.o)
 .debug_aranges
                0x00000650       0x20 .\CortexM3\ARM_GCC_541\Debug\ReactionGame.a(UART_LOG_INT.o)
 .debug_aranges
                0x00000670       0x70 .\CortexM3\ARM_GCC_541\Debug\ReactionGame.a(UART_LOG_IntClock.o)
 .debug_aranges
                0x000006e0       0x38 .\CortexM3\ARM_GCC_541\Debug\ReactionGame.a(BUTTON_2.o)
 .debug_aranges
                0x00000718       0x38 .\CortexM3\ARM_GCC_541\Debug\ReactionGame.a(BUTTON_1.o)
 .debug_aranges
                0x00000750       0x38 .\CortexM3\ARM_GCC_541\Debug\ReactionGame.a(S7D_Select.o)
 .debug_aranges
                0x00000788       0x38 .\CortexM3\ARM_GCC_541\Debug\ReactionGame.a(S7D_Display.o)
 .debug_aranges
                0x000007c0       0x28 .\CortexM3\ARM_GCC_541\Debug\ReactionGame.a(S7D_ControlReg.o)
 .debug_aranges
                0x000007e8       0x20 .\CortexM3\ARM_GCC_541\Debug\ReactionGame.a(ErikaOS_ee_gnu_change_context_isr.o)
 .debug_aranges
                0x00000808       0x20 .\CortexM3\ARM_GCC_541\Debug\ReactionGame.a(ErikaOS_ee_gnu_multi_context.o)
 .debug_aranges
                0x00000828       0x20 .\CortexM3\ARM_GCC_541\Debug\ReactionGame.a(ErikaOS_ee_gnu_oo.o)
 .debug_aranges
                0x00000848       0x20 .\CortexM3\ARM_GCC_541\Debug\ReactionGame.a(CyBootAsmGnu.o)
 .debug_aranges
                0x00000868       0x30 .\CortexM3\ARM_GCC_541\Debug\ReactionGame.a(ErikaOS_ee_irqendin.o)
 .debug_aranges
                0x00000898       0x18 .\CortexM3\ARM_GCC_541\Debug\ReactionGame.a(ErikaOS_ee_lookup.o)
 .debug_aranges
                0x000008b0       0x20 .\CortexM3\ARM_GCC_541\Debug\ReactionGame.a(ErikaOS_ee_rq_exchg.o)
 .debug_aranges
                0x000008d0       0x20 .\CortexM3\ARM_GCC_541\Debug\ReactionGame.a(ErikaOS_ee_rq_first.o)
 .debug_aranges
                0x000008f0       0x20 .\CortexM3\ARM_GCC_541\Debug\ReactionGame.a(ErikaOS_ee_rq_inser.o)
 .debug_aranges
                0x00000910       0x20 .\CortexM3\ARM_GCC_541\Debug\ReactionGame.a(ErikaOS_ee_tnterm.o)
 .debug_aranges
                0x00000930       0x20 .\CortexM3\ARM_GCC_541\Debug\ReactionGame.a(ErikaOS_ee_tstub.o)
 .debug_aranges
                0x00000950       0x28 .\CortexM3\ARM_GCC_541\Debug\ReactionGame.a(ErikaOS_cortex_mx_ee_context.o)
 .debug_aranges
                0x00000978       0x88 .\CortexM3\ARM_GCC_541\Debug\ReactionGame.a(CyFlash.o)
 .debug_aranges
                0x00000a00       0x80 .\CortexM3\ARM_GCC_541\Debug\ReactionGame.a(CySpc.o)
 .debug_aranges
                0x00000a80       0x30 .\CortexM3\ARM_GCC_541\Debug\ReactionGame.a(ErikaOS_ee_thendin.o)

.debug_pubnames
 *(.debug_pubnames)

.debug_info     0x00000000     0x981e
 *(.debug_info .gnu.linkonce.wi.*)
 .debug_info    0x00000000      0x159 .\CortexM3\ARM_GCC_541\Debug\main.o
 .debug_info    0x00000159      0x29f .\CortexM3\ARM_GCC_541\Debug\tsk_init.o
 .debug_info    0x000003f8      0x254 .\CortexM3\ARM_GCC_541\Debug\console.o
 .debug_info    0x0000064c      0x1bd .\CortexM3\ARM_GCC_541\Debug\button.o
 .debug_info    0x00000809      0x395 .\CortexM3\ARM_GCC_541\Debug\seven.o
 .debug_info    0x00000b9e      0x4ee .\CortexM3\ARM_GCC_541\Debug\cyfitter_cfg.o
 .debug_info    0x0000108c      0x136 .\CortexM3\ARM_GCC_541\Debug\cymetadata.o
 .debug_info    0x000011c2      0x3bb .\CortexM3\ARM_GCC_541\Debug\Cm3Start.o
 .debug_info    0x0000157d     0x1e72 .\CortexM3\ARM_GCC_541\Debug\ReactionGame.a(ErikaOS_ee_startos.o)
 .debug_info    0x000033ef      0x3bd .\CortexM3\ARM_GCC_541\Debug\ReactionGame.a(ErikaOS_ee_terminat.o)
 .debug_info    0x000037ac      0x2ff .\CortexM3\ARM_GCC_541\Debug\ReactionGame.a(ErikaOS_cortex_mx_ee_utils.o)
 .debug_info    0x00003aab      0x1ff .\CortexM3\ARM_GCC_541\Debug\ReactionGame.a(ErikaOS_common_ee_hal_structs.o)
 .debug_info    0x00003caa      0x4a9 .\CortexM3\ARM_GCC_541\Debug\ReactionGame.a(ErikaOS_eecfg.o)
 .debug_info    0x00004153     0x1374 .\CortexM3\ARM_GCC_541\Debug\ReactionGame.a(CyLib.o)
 .debug_info    0x000054c7      0xa2a .\CortexM3\ARM_GCC_541\Debug\ReactionGame.a(cyPm.o)
 .debug_info    0x00005ef1      0x6d1 .\CortexM3\ARM_GCC_541\Debug\ReactionGame.a(UART_LOG.o)
 .debug_info    0x000065c2       0xf6 .\CortexM3\ARM_GCC_541\Debug\ReactionGame.a(UART_LOG_INT.o)
 .debug_info    0x000066b8      0x283 .\CortexM3\ARM_GCC_541\Debug\ReactionGame.a(UART_LOG_IntClock.o)
 .debug_info    0x0000693b      0x11f .\CortexM3\ARM_GCC_541\Debug\ReactionGame.a(BUTTON_2.o)
 .debug_info    0x00006a5a      0x11f .\CortexM3\ARM_GCC_541\Debug\ReactionGame.a(BUTTON_1.o)
 .debug_info    0x00006b79      0x11f .\CortexM3\ARM_GCC_541\Debug\ReactionGame.a(S7D_Select.o)
 .debug_info    0x00006c98      0x11f .\CortexM3\ARM_GCC_541\Debug\ReactionGame.a(S7D_Display.o)
 .debug_info    0x00006db7       0xd6 .\CortexM3\ARM_GCC_541\Debug\ReactionGame.a(S7D_ControlReg.o)
 .debug_info    0x00006e8d       0xbb .\CortexM3\ARM_GCC_541\Debug\ReactionGame.a(ErikaOS_ee_gnu_change_context_isr.o)
 .debug_info    0x00006f48       0xb6 .\CortexM3\ARM_GCC_541\Debug\ReactionGame.a(ErikaOS_ee_gnu_multi_context.o)
 .debug_info    0x00006ffe       0xab .\CortexM3\ARM_GCC_541\Debug\ReactionGame.a(ErikaOS_ee_gnu_oo.o)
 .debug_info    0x000070a9       0xa6 .\CortexM3\ARM_GCC_541\Debug\ReactionGame.a(CyBootAsmGnu.o)
 .debug_info    0x0000714f      0x3ff .\CortexM3\ARM_GCC_541\Debug\ReactionGame.a(ErikaOS_ee_irqendin.o)
 .debug_info    0x0000754e      0x204 .\CortexM3\ARM_GCC_541\Debug\ReactionGame.a(ErikaOS_ee_lookup.o)
 .debug_info    0x00007752      0x2a3 .\CortexM3\ARM_GCC_541\Debug\ReactionGame.a(ErikaOS_ee_rq_exchg.o)
 .debug_info    0x000079f5      0x255 .\CortexM3\ARM_GCC_541\Debug\ReactionGame.a(ErikaOS_ee_rq_first.o)
 .debug_info    0x00007c4a      0x2a9 .\CortexM3\ARM_GCC_541\Debug\ReactionGame.a(ErikaOS_ee_rq_inser.o)
 .debug_info    0x00007ef3      0x271 .\CortexM3\ARM_GCC_541\Debug\ReactionGame.a(ErikaOS_ee_tnterm.o)
 .debug_info    0x00008164      0x2bb .\CortexM3\ARM_GCC_541\Debug\ReactionGame.a(ErikaOS_ee_tstub.o)
 .debug_info    0x0000841f      0x335 .\CortexM3\ARM_GCC_541\Debug\ReactionGame.a(ErikaOS_cortex_mx_ee_context.o)
 .debug_info    0x00008754      0x64d .\CortexM3\ARM_GCC_541\Debug\ReactionGame.a(CyFlash.o)
 .debug_info    0x00008da1      0x550 .\CortexM3\ARM_GCC_541\Debug\ReactionGame.a(CySpc.o)
 .debug_info    0x000092f1      0x52d .\CortexM3\ARM_GCC_541\Debug\ReactionGame.a(ErikaOS_ee_thendin.o)

.debug_abbrev   0x00000000     0x299b
 *(.debug_abbrev)
 .debug_abbrev  0x00000000       0xa7 .\CortexM3\ARM_GCC_541\Debug\main.o
 .debug_abbrev  0x000000a7      0x143 .\CortexM3\ARM_GCC_541\Debug\tsk_init.o
 .debug_abbrev  0x000001ea       0xf1 .\CortexM3\ARM_GCC_541\Debug\console.o
 .debug_abbrev  0x000002db       0xd0 .\CortexM3\ARM_GCC_541\Debug\button.o
 .debug_abbrev  0x000003ab      0x15d .\CortexM3\ARM_GCC_541\Debug\seven.o
 .debug_abbrev  0x00000508      0x1fe .\CortexM3\ARM_GCC_541\Debug\cyfitter_cfg.o
 .debug_abbrev  0x00000706       0x77 .\CortexM3\ARM_GCC_541\Debug\cymetadata.o
 .debug_abbrev  0x0000077d      0x1e8 .\CortexM3\ARM_GCC_541\Debug\Cm3Start.o
 .debug_abbrev  0x00000965      0x4a7 .\CortexM3\ARM_GCC_541\Debug\ReactionGame.a(ErikaOS_ee_startos.o)
 .debug_abbrev  0x00000e0c      0x19b .\CortexM3\ARM_GCC_541\Debug\ReactionGame.a(ErikaOS_ee_terminat.o)
 .debug_abbrev  0x00000fa7      0x159 .\CortexM3\ARM_GCC_541\Debug\ReactionGame.a(ErikaOS_cortex_mx_ee_utils.o)
 .debug_abbrev  0x00001100       0x8c .\CortexM3\ARM_GCC_541\Debug\ReactionGame.a(ErikaOS_common_ee_hal_structs.o)
 .debug_abbrev  0x0000118c      0x102 .\CortexM3\ARM_GCC_541\Debug\ReactionGame.a(ErikaOS_eecfg.o)
 .debug_abbrev  0x0000128e      0x254 .\CortexM3\ARM_GCC_541\Debug\ReactionGame.a(CyLib.o)
 .debug_abbrev  0x000014e2      0x1ab .\CortexM3\ARM_GCC_541\Debug\ReactionGame.a(cyPm.o)
 .debug_abbrev  0x0000168d      0x16f .\CortexM3\ARM_GCC_541\Debug\ReactionGame.a(UART_LOG.o)
 .debug_abbrev  0x000017fc       0x79 .\CortexM3\ARM_GCC_541\Debug\ReactionGame.a(UART_LOG_INT.o)
 .debug_abbrev  0x00001875      0x139 .\CortexM3\ARM_GCC_541\Debug\ReactionGame.a(UART_LOG_IntClock.o)
 .debug_abbrev  0x000019ae       0x90 .\CortexM3\ARM_GCC_541\Debug\ReactionGame.a(BUTTON_2.o)
 .debug_abbrev  0x00001a3e       0x90 .\CortexM3\ARM_GCC_541\Debug\ReactionGame.a(BUTTON_1.o)
 .debug_abbrev  0x00001ace       0x90 .\CortexM3\ARM_GCC_541\Debug\ReactionGame.a(S7D_Select.o)
 .debug_abbrev  0x00001b5e       0x90 .\CortexM3\ARM_GCC_541\Debug\ReactionGame.a(S7D_Display.o)
 .debug_abbrev  0x00001bee       0x81 .\CortexM3\ARM_GCC_541\Debug\ReactionGame.a(S7D_ControlReg.o)
 .debug_abbrev  0x00001c6f       0x14 .\CortexM3\ARM_GCC_541\Debug\ReactionGame.a(ErikaOS_ee_gnu_change_context_isr.o)
 .debug_abbrev  0x00001c83       0x14 .\CortexM3\ARM_GCC_541\Debug\ReactionGame.a(ErikaOS_ee_gnu_multi_context.o)
 .debug_abbrev  0x00001c97       0x14 .\CortexM3\ARM_GCC_541\Debug\ReactionGame.a(ErikaOS_ee_gnu_oo.o)
 .debug_abbrev  0x00001cab       0x14 .\CortexM3\ARM_GCC_541\Debug\ReactionGame.a(CyBootAsmGnu.o)
 .debug_abbrev  0x00001cbf      0x1af .\CortexM3\ARM_GCC_541\Debug\ReactionGame.a(ErikaOS_ee_irqendin.o)
 .debug_abbrev  0x00001e6e       0x8c .\CortexM3\ARM_GCC_541\Debug\ReactionGame.a(ErikaOS_ee_lookup.o)
 .debug_abbrev  0x00001efa       0xb9 .\CortexM3\ARM_GCC_541\Debug\ReactionGame.a(ErikaOS_ee_rq_exchg.o)
 .debug_abbrev  0x00001fb3       0xaa .\CortexM3\ARM_GCC_541\Debug\ReactionGame.a(ErikaOS_ee_rq_first.o)
 .debug_abbrev  0x0000205d       0xc6 .\CortexM3\ARM_GCC_541\Debug\ReactionGame.a(ErikaOS_ee_rq_inser.o)
 .debug_abbrev  0x00002123      0x114 .\CortexM3\ARM_GCC_541\Debug\ReactionGame.a(ErikaOS_ee_tnterm.o)
 .debug_abbrev  0x00002237      0x118 .\CortexM3\ARM_GCC_541\Debug\ReactionGame.a(ErikaOS_ee_tstub.o)
 .debug_abbrev  0x0000234f      0x113 .\CortexM3\ARM_GCC_541\Debug\ReactionGame.a(ErikaOS_cortex_mx_ee_context.o)
 .debug_abbrev  0x00002462      0x1a7 .\CortexM3\ARM_GCC_541\Debug\ReactionGame.a(CyFlash.o)
 .debug_abbrev  0x00002609      0x194 .\CortexM3\ARM_GCC_541\Debug\ReactionGame.a(CySpc.o)
 .debug_abbrev  0x0000279d      0x1fe .\CortexM3\ARM_GCC_541\Debug\ReactionGame.a(ErikaOS_ee_thendin.o)

.debug_line     0x00000000     0x4013
 *(.debug_line)
 .debug_line    0x00000000      0x21d .\CortexM3\ARM_GCC_541\Debug\main.o
 .debug_line    0x0000021d      0x254 .\CortexM3\ARM_GCC_541\Debug\tsk_init.o
 .debug_line    0x00000471      0x22c .\CortexM3\ARM_GCC_541\Debug\console.o
 .debug_line    0x0000069d      0x23a .\CortexM3\ARM_GCC_541\Debug\button.o
 .debug_line    0x000008d7      0x292 .\CortexM3\ARM_GCC_541\Debug\seven.o
 .debug_line    0x00000b69      0x1d1 .\CortexM3\ARM_GCC_541\Debug\cyfitter_cfg.o
 .debug_line    0x00000d3a      0x135 .\CortexM3\ARM_GCC_541\Debug\cymetadata.o
 .debug_line    0x00000e6f      0x228 .\CortexM3\ARM_GCC_541\Debug\Cm3Start.o
 .debug_line    0x00001097      0x3d3 .\CortexM3\ARM_GCC_541\Debug\ReactionGame.a(ErikaOS_ee_startos.o)
 .debug_line    0x0000146a      0x1ac .\CortexM3\ARM_GCC_541\Debug\ReactionGame.a(ErikaOS_ee_terminat.o)
 .debug_line    0x00001616      0x155 .\CortexM3\ARM_GCC_541\Debug\ReactionGame.a(ErikaOS_cortex_mx_ee_utils.o)
 .debug_line    0x0000176b       0xed .\CortexM3\ARM_GCC_541\Debug\ReactionGame.a(ErikaOS_common_ee_hal_structs.o)
 .debug_line    0x00001858      0x12c .\CortexM3\ARM_GCC_541\Debug\ReactionGame.a(ErikaOS_eecfg.o)
 .debug_line    0x00001984      0x816 .\CortexM3\ARM_GCC_541\Debug\ReactionGame.a(CyLib.o)
 .debug_line    0x0000219a      0x367 .\CortexM3\ARM_GCC_541\Debug\ReactionGame.a(cyPm.o)
 .debug_line    0x00002501      0x2fd .\CortexM3\ARM_GCC_541\Debug\ReactionGame.a(UART_LOG.o)
 .debug_line    0x000027fe       0x85 .\CortexM3\ARM_GCC_541\Debug\ReactionGame.a(UART_LOG_INT.o)
 .debug_line    0x00002883      0x180 .\CortexM3\ARM_GCC_541\Debug\ReactionGame.a(UART_LOG_IntClock.o)
 .debug_line    0x00002a03       0x95 .\CortexM3\ARM_GCC_541\Debug\ReactionGame.a(BUTTON_2.o)
 .debug_line    0x00002a98       0x95 .\CortexM3\ARM_GCC_541\Debug\ReactionGame.a(BUTTON_1.o)
 .debug_line    0x00002b2d       0x97 .\CortexM3\ARM_GCC_541\Debug\ReactionGame.a(S7D_Select.o)
 .debug_line    0x00002bc4       0x98 .\CortexM3\ARM_GCC_541\Debug\ReactionGame.a(S7D_Display.o)
 .debug_line    0x00002c5c       0x76 .\CortexM3\ARM_GCC_541\Debug\ReactionGame.a(S7D_ControlReg.o)
 .debug_line    0x00002cd2       0xac .\CortexM3\ARM_GCC_541\Debug\ReactionGame.a(ErikaOS_ee_gnu_change_context_isr.o)
 .debug_line    0x00002d7e       0x9b .\CortexM3\ARM_GCC_541\Debug\ReactionGame.a(ErikaOS_ee_gnu_multi_context.o)
 .debug_line    0x00002e19       0x97 .\CortexM3\ARM_GCC_541\Debug\ReactionGame.a(ErikaOS_ee_gnu_oo.o)
 .debug_line    0x00002eb0       0x66 .\CortexM3\ARM_GCC_541\Debug\ReactionGame.a(CyBootAsmGnu.o)
 .debug_line    0x00002f16      0x18e .\CortexM3\ARM_GCC_541\Debug\ReactionGame.a(ErikaOS_ee_irqendin.o)
 .debug_line    0x000030a4      0x10b .\CortexM3\ARM_GCC_541\Debug\ReactionGame.a(ErikaOS_ee_lookup.o)
 .debug_line    0x000031af      0x14b .\CortexM3\ARM_GCC_541\Debug\ReactionGame.a(ErikaOS_ee_rq_exchg.o)
 .debug_line    0x000032fa      0x142 .\CortexM3\ARM_GCC_541\Debug\ReactionGame.a(ErikaOS_ee_rq_first.o)
 .debug_line    0x0000343c      0x146 .\CortexM3\ARM_GCC_541\Debug\ReactionGame.a(ErikaOS_ee_rq_inser.o)
 .debug_line    0x00003582      0x169 .\CortexM3\ARM_GCC_541\Debug\ReactionGame.a(ErikaOS_ee_tnterm.o)
 .debug_line    0x000036eb      0x15d .\CortexM3\ARM_GCC_541\Debug\ReactionGame.a(ErikaOS_ee_tstub.o)
 .debug_line    0x00003848      0x19a .\CortexM3\ARM_GCC_541\Debug\ReactionGame.a(ErikaOS_cortex_mx_ee_context.o)
 .debug_line    0x000039e2      0x21a .\CortexM3\ARM_GCC_541\Debug\ReactionGame.a(CyFlash.o)
 .debug_line    0x00003bfc      0x260 .\CortexM3\ARM_GCC_541\Debug\ReactionGame.a(CySpc.o)
 .debug_line    0x00003e5c      0x1b7 .\CortexM3\ARM_GCC_541\Debug\ReactionGame.a(ErikaOS_ee_thendin.o)

.debug_frame    0x00000000     0x1770
 *(.debug_frame)
 .debug_frame   0x00000000       0x2c .\CortexM3\ARM_GCC_541\Debug\main.o
 .debug_frame   0x0000002c       0x2c .\CortexM3\ARM_GCC_541\Debug\tsk_init.o
 .debug_frame   0x00000058       0x48 .\CortexM3\ARM_GCC_541\Debug\console.o
 .debug_frame   0x000000a0       0x2c .\CortexM3\ARM_GCC_541\Debug\button.o
 .debug_frame   0x000000cc       0x80 .\CortexM3\ARM_GCC_541\Debug\seven.o
 .debug_frame   0x0000014c       0xe4 .\CortexM3\ARM_GCC_541\Debug\cyfitter_cfg.o
 .debug_frame   0x00000230       0xb8 .\CortexM3\ARM_GCC_541\Debug\Cm3Start.o
 .debug_frame   0x000002e8       0x90 .\CortexM3\ARM_GCC_541\Debug\ReactionGame.a(ErikaOS_ee_startos.o)
 .debug_frame   0x00000378       0x2c .\CortexM3\ARM_GCC_541\Debug\ReactionGame.a(ErikaOS_ee_terminat.o)
 .debug_frame   0x000003a4       0x2c .\CortexM3\ARM_GCC_541\Debug\ReactionGame.a(ErikaOS_cortex_mx_ee_utils.o)
 .debug_frame   0x000003d0      0x738 .\CortexM3\ARM_GCC_541\Debug\ReactionGame.a(CyLib.o)
 .debug_frame   0x00000b08      0x1f8 .\CortexM3\ARM_GCC_541\Debug\ReactionGame.a(cyPm.o)
 .debug_frame   0x00000d00      0x25c .\CortexM3\ARM_GCC_541\Debug\ReactionGame.a(UART_LOG.o)
 .debug_frame   0x00000f5c       0x20 .\CortexM3\ARM_GCC_541\Debug\ReactionGame.a(UART_LOG_INT.o)
 .debug_frame   0x00000f7c       0xe0 .\CortexM3\ARM_GCC_541\Debug\ReactionGame.a(UART_LOG_IntClock.o)
 .debug_frame   0x0000105c       0x50 .\CortexM3\ARM_GCC_541\Debug\ReactionGame.a(BUTTON_2.o)
 .debug_frame   0x000010ac       0x50 .\CortexM3\ARM_GCC_541\Debug\ReactionGame.a(BUTTON_1.o)
 .debug_frame   0x000010fc       0x50 .\CortexM3\ARM_GCC_541\Debug\ReactionGame.a(S7D_Select.o)
 .debug_frame   0x0000114c       0x50 .\CortexM3\ARM_GCC_541\Debug\ReactionGame.a(S7D_Display.o)
 .debug_frame   0x0000119c       0x30 .\CortexM3\ARM_GCC_541\Debug\ReactionGame.a(S7D_ControlReg.o)
 .debug_frame   0x000011cc       0x58 .\CortexM3\ARM_GCC_541\Debug\ReactionGame.a(ErikaOS_ee_irqendin.o)
 .debug_frame   0x00001224       0x3c .\CortexM3\ARM_GCC_541\Debug\ReactionGame.a(ErikaOS_ee_rq_exchg.o)
 .debug_frame   0x00001260       0x20 .\CortexM3\ARM_GCC_541\Debug\ReactionGame.a(ErikaOS_ee_rq_first.o)
 .debug_frame   0x00001280       0x30 .\CortexM3\ARM_GCC_541\Debug\ReactionGame.a(ErikaOS_ee_rq_inser.o)
 .debug_frame   0x000012b0       0x2c .\CortexM3\ARM_GCC_541\Debug\ReactionGame.a(ErikaOS_ee_tnterm.o)
 .debug_frame   0x000012dc       0x2c .\CortexM3\ARM_GCC_541\Debug\ReactionGame.a(ErikaOS_ee_tstub.o)
 .debug_frame   0x00001308       0x3c .\CortexM3\ARM_GCC_541\Debug\ReactionGame.a(ErikaOS_cortex_mx_ee_context.o)
 .debug_frame   0x00001344      0x194 .\CortexM3\ARM_GCC_541\Debug\ReactionGame.a(CyFlash.o)
 .debug_frame   0x000014d8      0x180 .\CortexM3\ARM_GCC_541\Debug\ReactionGame.a(CySpc.o)
 .debug_frame   0x00001658       0x5c .\CortexM3\ARM_GCC_541\Debug\ReactionGame.a(ErikaOS_ee_thendin.o)
 .debug_frame   0x000016b4       0x20 d:/installations/cypress/psoc creator/4.2/psoc creator/import/gnu/arm/5.4.1/bin/../lib/gcc/arm-none-eabi/5.4.1/../../../../arm-none-eabi/lib/armv7-m\libg_nano.a(lib_a-errno.o)
 .debug_frame   0x000016d4       0x28 d:/installations/cypress/psoc creator/4.2/psoc creator/import/gnu/arm/5.4.1/bin/../lib/gcc/arm-none-eabi/5.4.1/../../../../arm-none-eabi/lib/armv7-m\libg_nano.a(lib_a-exit.o)
 .debug_frame   0x000016fc       0x2c d:/installations/cypress/psoc creator/4.2/psoc creator/import/gnu/arm/5.4.1/bin/../lib/gcc/arm-none-eabi/5.4.1/../../../../arm-none-eabi/lib/armv7-m\libg_nano.a(lib_a-init.o)
 .debug_frame   0x00001728       0x28 d:/installations/cypress/psoc creator/4.2/psoc creator/import/gnu/arm/5.4.1/bin/../lib/gcc/arm-none-eabi/5.4.1/../../../../arm-none-eabi/lib/armv7-m\libg_nano.a(lib_a-memcpy-stub.o)
 .debug_frame   0x00001750       0x20 d:/installations/cypress/psoc creator/4.2/psoc creator/import/gnu/arm/5.4.1/bin/../lib/gcc/arm-none-eabi/5.4.1/../../../../arm-none-eabi/lib/armv7-m\libg_nano.a(lib_a-memset.o)

.debug_str      0x00000000     0x2fae
 *(.debug_str)
 .debug_str     0x00000000      0x229 .\CortexM3\ARM_GCC_541\Debug\main.o
                                0x271 (size before relaxing)
 .debug_str     0x00000229      0x225 .\CortexM3\ARM_GCC_541\Debug\tsk_init.o
                                0x477 (size before relaxing)
 .debug_str     0x0000044e       0x5b .\CortexM3\ARM_GCC_541\Debug\console.o
                                0x45c (size before relaxing)
 .debug_str     0x000004a9       0x8d .\CortexM3\ARM_GCC_541\Debug\button.o
                                0x2e0 (size before relaxing)
 .debug_str     0x00000536       0xf3 .\CortexM3\ARM_GCC_541\Debug\seven.o
                                0x4fa (size before relaxing)
 .debug_str     0x00000629      0x16e .\CortexM3\ARM_GCC_541\Debug\cyfitter_cfg.o
                                0x325 (size before relaxing)
 .debug_str     0x00000797       0x7f .\CortexM3\ARM_GCC_541\Debug\cymetadata.o
                                0x1fa (size before relaxing)
 .debug_str     0x00000816      0x13f .\CortexM3\ARM_GCC_541\Debug\Cm3Start.o
                                0x320 (size before relaxing)
 .debug_str     0x00000955     0x128b .\CortexM3\ARM_GCC_541\Debug\ReactionGame.a(ErikaOS_ee_startos.o)
                               0x15ba (size before relaxing)
 .debug_str     0x00001be0       0xad .\CortexM3\ARM_GCC_541\Debug\ReactionGame.a(ErikaOS_ee_terminat.o)
                                0x478 (size before relaxing)
 .debug_str     0x00001c8d       0x71 .\CortexM3\ARM_GCC_541\Debug\ReactionGame.a(ErikaOS_cortex_mx_ee_utils.o)
                                0x3b9 (size before relaxing)
 .debug_str     0x00001cfe       0x37 .\CortexM3\ARM_GCC_541\Debug\ReactionGame.a(ErikaOS_common_ee_hal_structs.o)
                                0x323 (size before relaxing)
 .debug_str     0x00001d35      0x1bc .\CortexM3\ARM_GCC_541\Debug\ReactionGame.a(ErikaOS_eecfg.o)
                                0x4e4 (size before relaxing)
 .debug_str     0x00001ef1      0x268 .\CortexM3\ARM_GCC_541\Debug\ReactionGame.a(CyLib.o)
                                0xa5d (size before relaxing)
 .debug_str     0x00002159      0x2dc .\CortexM3\ARM_GCC_541\Debug\ReactionGame.a(cyPm.o)
                                0x749 (size before relaxing)
 .debug_str     0x00002435      0x361 .\CortexM3\ARM_GCC_541\Debug\ReactionGame.a(UART_LOG.o)
                                0x594 (size before relaxing)
 .debug_str     0x00002796       0x35 .\CortexM3\ARM_GCC_541\Debug\ReactionGame.a(UART_LOG_INT.o)
                                0x210 (size before relaxing)
 .debug_str     0x000027cb      0x1ab .\CortexM3\ARM_GCC_541\Debug\ReactionGame.a(UART_LOG_IntClock.o)
                                0x37c (size before relaxing)
 .debug_str     0x00002976       0x67 .\CortexM3\ARM_GCC_541\Debug\ReactionGame.a(BUTTON_2.o)
                                0x207 (size before relaxing)
 .debug_str     0x000029dd       0x5c .\CortexM3\ARM_GCC_541\Debug\ReactionGame.a(BUTTON_1.o)
                                0x207 (size before relaxing)
 .debug_str     0x00002a39       0x63 .\CortexM3\ARM_GCC_541\Debug\ReactionGame.a(S7D_Select.o)
                                0x211 (size before relaxing)
 .debug_str     0x00002a9c       0x67 .\CortexM3\ARM_GCC_541\Debug\ReactionGame.a(S7D_Display.o)
                                0x216 (size before relaxing)
 .debug_str     0x00002b03       0x3c .\CortexM3\ARM_GCC_541\Debug\ReactionGame.a(S7D_ControlReg.o)
                                0x1e0 (size before relaxing)
 .debug_str     0x00002b3f      0x10c .\CortexM3\ARM_GCC_541\Debug\ReactionGame.a(ErikaOS_ee_irqendin.o)
                                0x548 (size before relaxing)
 .debug_str     0x00002c4b       0x2b .\CortexM3\ARM_GCC_541\Debug\ReactionGame.a(ErikaOS_ee_lookup.o)
                                0x317 (size before relaxing)
 .debug_str     0x00002c76       0x32 .\CortexM3\ARM_GCC_541\Debug\ReactionGame.a(ErikaOS_ee_rq_exchg.o)
                                0x389 (size before relaxing)
 .debug_str     0x00002ca8       0x2d .\CortexM3\ARM_GCC_541\Debug\ReactionGame.a(ErikaOS_ee_rq_first.o)
                                0x354 (size before relaxing)
 .debug_str     0x00002cd5       0x2d .\CortexM3\ARM_GCC_541\Debug\ReactionGame.a(ErikaOS_ee_rq_inser.o)
                                0x38e (size before relaxing)
 .debug_str     0x00002d02       0x6e .\CortexM3\ARM_GCC_541\Debug\ReactionGame.a(ErikaOS_ee_tnterm.o)
                                0x38a (size before relaxing)
 .debug_str     0x00002d70       0x55 .\CortexM3\ARM_GCC_541\Debug\ReactionGame.a(ErikaOS_ee_tstub.o)
                                0x461 (size before relaxing)
 .debug_str     0x00002dc5       0x8a .\CortexM3\ARM_GCC_541\Debug\ReactionGame.a(ErikaOS_cortex_mx_ee_context.o)
                                0x418 (size before relaxing)
 .debug_str     0x00002e4f       0x6c .\CortexM3\ARM_GCC_541\Debug\ReactionGame.a(CyFlash.o)
                                0x3d6 (size before relaxing)
 .debug_str     0x00002ebb       0x64 .\CortexM3\ARM_GCC_541\Debug\ReactionGame.a(CySpc.o)
                                0x34e (size before relaxing)
 .debug_str     0x00002f1f       0x8f .\CortexM3\ARM_GCC_541\Debug\ReactionGame.a(ErikaOS_ee_thendin.o)
                                0x5de (size before relaxing)

.debug_loc      0x00000000     0x2476
 *(.debug_loc)
 .debug_loc     0x00000000       0x1f .\CortexM3\ARM_GCC_541\Debug\tsk_init.o
 .debug_loc     0x0000001f       0x21 .\CortexM3\ARM_GCC_541\Debug\console.o
 .debug_loc     0x00000040       0x72 .\CortexM3\ARM_GCC_541\Debug\button.o
 .debug_loc     0x000000b2       0x89 .\CortexM3\ARM_GCC_541\Debug\seven.o
 .debug_loc     0x0000013b      0x1d7 .\CortexM3\ARM_GCC_541\Debug\cyfitter_cfg.o
 .debug_loc     0x00000312      0x144 .\CortexM3\ARM_GCC_541\Debug\Cm3Start.o
 .debug_loc     0x00000456      0x1d8 .\CortexM3\ARM_GCC_541\Debug\ReactionGame.a(ErikaOS_ee_startos.o)
 .debug_loc     0x0000062e       0x50 .\CortexM3\ARM_GCC_541\Debug\ReactionGame.a(ErikaOS_ee_terminat.o)
 .debug_loc     0x0000067e      0xa11 .\CortexM3\ARM_GCC_541\Debug\ReactionGame.a(CyLib.o)
 .debug_loc     0x0000108f      0x1e4 .\CortexM3\ARM_GCC_541\Debug\ReactionGame.a(cyPm.o)
 .debug_loc     0x00001273      0x276 .\CortexM3\ARM_GCC_541\Debug\ReactionGame.a(UART_LOG.o)
 .debug_loc     0x000014e9      0x12c .\CortexM3\ARM_GCC_541\Debug\ReactionGame.a(UART_LOG_IntClock.o)
 .debug_loc     0x00001615       0x42 .\CortexM3\ARM_GCC_541\Debug\ReactionGame.a(BUTTON_2.o)
 .debug_loc     0x00001657       0x42 .\CortexM3\ARM_GCC_541\Debug\ReactionGame.a(BUTTON_1.o)
 .debug_loc     0x00001699       0x42 .\CortexM3\ARM_GCC_541\Debug\ReactionGame.a(S7D_Select.o)
 .debug_loc     0x000016db       0x42 .\CortexM3\ARM_GCC_541\Debug\ReactionGame.a(S7D_Display.o)
 .debug_loc     0x0000171d       0x62 .\CortexM3\ARM_GCC_541\Debug\ReactionGame.a(ErikaOS_ee_irqendin.o)
 .debug_loc     0x0000177f       0x4a .\CortexM3\ARM_GCC_541\Debug\ReactionGame.a(ErikaOS_ee_rq_exchg.o)
 .debug_loc     0x000017c9       0x36 .\CortexM3\ARM_GCC_541\Debug\ReactionGame.a(ErikaOS_ee_rq_first.o)
 .debug_loc     0x000017ff       0x1e .\CortexM3\ARM_GCC_541\Debug\ReactionGame.a(ErikaOS_ee_rq_inser.o)
 .debug_loc     0x0000181d       0xc5 .\CortexM3\ARM_GCC_541\Debug\ReactionGame.a(ErikaOS_cortex_mx_ee_context.o)
 .debug_loc     0x000018e2      0x3b2 .\CortexM3\ARM_GCC_541\Debug\ReactionGame.a(CyFlash.o)
 .debug_loc     0x00001c94      0x705 .\CortexM3\ARM_GCC_541\Debug\ReactionGame.a(CySpc.o)
 .debug_loc     0x00002399       0xdd .\CortexM3\ARM_GCC_541\Debug\ReactionGame.a(ErikaOS_ee_thendin.o)

.debug_macinfo
 *(.debug_macinfo)

.debug_ranges   0x00000000      0x7f0
 *(.debug_ranges)
 .debug_ranges  0x00000000       0x10 .\CortexM3\ARM_GCC_541\Debug\main.o
 .debug_ranges  0x00000010       0x10 .\CortexM3\ARM_GCC_541\Debug\tsk_init.o
 .debug_ranges  0x00000020       0x18 .\CortexM3\ARM_GCC_541\Debug\console.o
 .debug_ranges  0x00000038       0x10 .\CortexM3\ARM_GCC_541\Debug\button.o
 .debug_ranges  0x00000048       0x28 .\CortexM3\ARM_GCC_541\Debug\seven.o
 .debug_ranges  0x00000070       0x48 .\CortexM3\ARM_GCC_541\Debug\cyfitter_cfg.o
 .debug_ranges  0x000000b8       0x38 .\CortexM3\ARM_GCC_541\Debug\Cm3Start.o
 .debug_ranges  0x000000f0       0x30 .\CortexM3\ARM_GCC_541\Debug\ReactionGame.a(ErikaOS_ee_startos.o)
 .debug_ranges  0x00000120       0x10 .\CortexM3\ARM_GCC_541\Debug\ReactionGame.a(ErikaOS_ee_terminat.o)
 .debug_ranges  0x00000130       0x10 .\CortexM3\ARM_GCC_541\Debug\ReactionGame.a(ErikaOS_cortex_mx_ee_utils.o)
 .debug_ranges  0x00000140      0x290 .\CortexM3\ARM_GCC_541\Debug\ReactionGame.a(CyLib.o)
 .debug_ranges  0x000003d0       0x88 .\CortexM3\ARM_GCC_541\Debug\ReactionGame.a(cyPm.o)
 .debug_ranges  0x00000458       0xe0 .\CortexM3\ARM_GCC_541\Debug\ReactionGame.a(UART_LOG.o)
 .debug_ranges  0x00000538       0x10 .\CortexM3\ARM_GCC_541\Debug\ReactionGame.a(UART_LOG_INT.o)
 .debug_ranges  0x00000548       0x60 .\CortexM3\ARM_GCC_541\Debug\ReactionGame.a(UART_LOG_IntClock.o)
 .debug_ranges  0x000005a8       0x28 .\CortexM3\ARM_GCC_541\Debug\ReactionGame.a(BUTTON_2.o)
 .debug_ranges  0x000005d0       0x28 .\CortexM3\ARM_GCC_541\Debug\ReactionGame.a(BUTTON_1.o)
 .debug_ranges  0x000005f8       0x28 .\CortexM3\ARM_GCC_541\Debug\ReactionGame.a(S7D_Select.o)
 .debug_ranges  0x00000620       0x28 .\CortexM3\ARM_GCC_541\Debug\ReactionGame.a(S7D_Display.o)
 .debug_ranges  0x00000648       0x18 .\CortexM3\ARM_GCC_541\Debug\ReactionGame.a(S7D_ControlReg.o)
 .debug_ranges  0x00000660       0x20 .\CortexM3\ARM_GCC_541\Debug\ReactionGame.a(ErikaOS_ee_irqendin.o)
 .debug_ranges  0x00000680       0x10 .\CortexM3\ARM_GCC_541\Debug\ReactionGame.a(ErikaOS_ee_rq_exchg.o)
 .debug_ranges  0x00000690       0x10 .\CortexM3\ARM_GCC_541\Debug\ReactionGame.a(ErikaOS_ee_rq_first.o)
 .debug_ranges  0x000006a0       0x10 .\CortexM3\ARM_GCC_541\Debug\ReactionGame.a(ErikaOS_ee_rq_inser.o)
 .debug_ranges  0x000006b0       0x10 .\CortexM3\ARM_GCC_541\Debug\ReactionGame.a(ErikaOS_ee_tnterm.o)
 .debug_ranges  0x000006c0       0x10 .\CortexM3\ARM_GCC_541\Debug\ReactionGame.a(ErikaOS_ee_tstub.o)
 .debug_ranges  0x000006d0       0x18 .\CortexM3\ARM_GCC_541\Debug\ReactionGame.a(ErikaOS_cortex_mx_ee_context.o)
 .debug_ranges  0x000006e8       0x78 .\CortexM3\ARM_GCC_541\Debug\ReactionGame.a(CyFlash.o)
 .debug_ranges  0x00000760       0x70 .\CortexM3\ARM_GCC_541\Debug\ReactionGame.a(CySpc.o)
 .debug_ranges  0x000007d0       0x20 .\CortexM3\ARM_GCC_541\Debug\ReactionGame.a(ErikaOS_ee_thendin.o)

.comment        0x00000000       0x6e
 .comment       0x00000000       0x6e .\CortexM3\ARM_GCC_541\Debug\main.o
                                 0x6f (size before relaxing)
 .comment       0x0000006e       0x6f .\CortexM3\ARM_GCC_541\Debug\tsk_init.o
 .comment       0x0000006e       0x6f .\CortexM3\ARM_GCC_541\Debug\console.o
 .comment       0x0000006e       0x6f .\CortexM3\ARM_GCC_541\Debug\button.o
 .comment       0x0000006e       0x6f .\CortexM3\ARM_GCC_541\Debug\seven.o
 .comment       0x0000006e       0x6f .\CortexM3\ARM_GCC_541\Debug\cyfitter_cfg.o
 .comment       0x0000006e       0x6f .\CortexM3\ARM_GCC_541\Debug\cymetadata.o
 .comment       0x0000006e       0x6f .\CortexM3\ARM_GCC_541\Debug\Cm3Start.o
 .comment       0x0000006e       0x6f .\CortexM3\ARM_GCC_541\Debug\ReactionGame.a(ErikaOS_ee_startos.o)
 .comment       0x0000006e       0x6f .\CortexM3\ARM_GCC_541\Debug\ReactionGame.a(ErikaOS_ee_terminat.o)
 .comment       0x0000006e       0x6f .\CortexM3\ARM_GCC_541\Debug\ReactionGame.a(ErikaOS_cortex_mx_ee_utils.o)
 .comment       0x0000006e       0x6f .\CortexM3\ARM_GCC_541\Debug\ReactionGame.a(ErikaOS_common_ee_hal_structs.o)
 .comment       0x0000006e       0x6f .\CortexM3\ARM_GCC_541\Debug\ReactionGame.a(ErikaOS_eecfg.o)
 .comment       0x0000006e       0x6f .\CortexM3\ARM_GCC_541\Debug\ReactionGame.a(CyLib.o)
 .comment       0x0000006e       0x6f .\CortexM3\ARM_GCC_541\Debug\ReactionGame.a(cyPm.o)
 .comment       0x0000006e       0x6f .\CortexM3\ARM_GCC_541\Debug\ReactionGame.a(UART_LOG.o)
 .comment       0x0000006e       0x6f .\CortexM3\ARM_GCC_541\Debug\ReactionGame.a(UART_LOG_INT.o)
 .comment       0x0000006e       0x6f .\CortexM3\ARM_GCC_541\Debug\ReactionGame.a(UART_LOG_IntClock.o)
 .comment       0x0000006e       0x6f .\CortexM3\ARM_GCC_541\Debug\ReactionGame.a(BUTTON_2.o)
 .comment       0x0000006e       0x6f .\CortexM3\ARM_GCC_541\Debug\ReactionGame.a(BUTTON_1.o)
 .comment       0x0000006e       0x6f .\CortexM3\ARM_GCC_541\Debug\ReactionGame.a(S7D_Select.o)
 .comment       0x0000006e       0x6f .\CortexM3\ARM_GCC_541\Debug\ReactionGame.a(S7D_Display.o)
 .comment       0x0000006e       0x6f .\CortexM3\ARM_GCC_541\Debug\ReactionGame.a(S7D_ControlReg.o)
 .comment       0x0000006e       0x6f .\CortexM3\ARM_GCC_541\Debug\ReactionGame.a(ErikaOS_ee_irqendin.o)
 .comment       0x0000006e       0x6f .\CortexM3\ARM_GCC_541\Debug\ReactionGame.a(ErikaOS_ee_lookup.o)
 .comment       0x0000006e       0x6f .\CortexM3\ARM_GCC_541\Debug\ReactionGame.a(ErikaOS_ee_rq_exchg.o)
 .comment       0x0000006e       0x6f .\CortexM3\ARM_GCC_541\Debug\ReactionGame.a(ErikaOS_ee_rq_first.o)
 .comment       0x0000006e       0x6f .\CortexM3\ARM_GCC_541\Debug\ReactionGame.a(ErikaOS_ee_rq_inser.o)
 .comment       0x0000006e       0x6f .\CortexM3\ARM_GCC_541\Debug\ReactionGame.a(ErikaOS_ee_tnterm.o)
 .comment       0x0000006e       0x6f .\CortexM3\ARM_GCC_541\Debug\ReactionGame.a(ErikaOS_ee_tstub.o)
 .comment       0x0000006e       0x6f .\CortexM3\ARM_GCC_541\Debug\ReactionGame.a(ErikaOS_cortex_mx_ee_context.o)
 .comment       0x0000006e       0x6f .\CortexM3\ARM_GCC_541\Debug\ReactionGame.a(CyFlash.o)
 .comment       0x0000006e       0x6f .\CortexM3\ARM_GCC_541\Debug\ReactionGame.a(CySpc.o)
 .comment       0x0000006e       0x6f .\CortexM3\ARM_GCC_541\Debug\ReactionGame.a(ErikaOS_ee_thendin.o)

.debug_weaknames
 *(.debug_weaknames)

.debug_funcnames
 *(.debug_funcnames)

.debug_typenames
 *(.debug_typenames)

.debug_varnames
 *(.debug_varnames)

.note.gnu.arm.ident
 *(.note.gnu.arm.ident)

.ARM.attributes
                0x00000000       0x2f
 *(.ARM.attributes)
 .ARM.attributes
                0x00000000       0x1d d:/installations/cypress/psoc creator/4.2/psoc creator/import/gnu/arm/5.4.1/bin/../lib/gcc/arm-none-eabi/5.4.1/armv7-m/crti.o
 .ARM.attributes
                0x0000001d       0x2d d:/installations/cypress/psoc creator/4.2/psoc creator/import/gnu/arm/5.4.1/bin/../lib/gcc/arm-none-eabi/5.4.1/armv7-m/crtbegin.o
 .ARM.attributes
                0x0000004a       0x1b d:/installations/cypress/psoc creator/4.2/psoc creator/import/gnu/arm/5.4.1/bin/../lib/gcc/arm-none-eabi/5.4.1/../../../../arm-none-eabi/lib/armv7-m/crt0.o
 .ARM.attributes
                0x00000065       0x33 .\CortexM3\ARM_GCC_541\Debug\main.o
 .ARM.attributes
                0x00000098       0x33 .\CortexM3\ARM_GCC_541\Debug\tsk_init.o
 .ARM.attributes
                0x000000cb       0x33 .\CortexM3\ARM_GCC_541\Debug\console.o
 .ARM.attributes
                0x000000fe       0x33 .\CortexM3\ARM_GCC_541\Debug\button.o
 .ARM.attributes
                0x00000131       0x33 .\CortexM3\ARM_GCC_541\Debug\seven.o
 .ARM.attributes
                0x00000164       0x33 .\CortexM3\ARM_GCC_541\Debug\cyfitter_cfg.o
 .ARM.attributes
                0x00000197       0x33 .\CortexM3\ARM_GCC_541\Debug\cymetadata.o
 .ARM.attributes
                0x000001ca       0x33 .\CortexM3\ARM_GCC_541\Debug\Cm3Start.o
 .ARM.attributes
                0x000001fd       0x33 .\CortexM3\ARM_GCC_541\Debug\ReactionGame.a(ErikaOS_ee_startos.o)
 .ARM.attributes
                0x00000230       0x33 .\CortexM3\ARM_GCC_541\Debug\ReactionGame.a(ErikaOS_ee_terminat.o)
 .ARM.attributes
                0x00000263       0x33 .\CortexM3\ARM_GCC_541\Debug\ReactionGame.a(ErikaOS_cortex_mx_ee_utils.o)
 .ARM.attributes
                0x00000296       0x33 .\CortexM3\ARM_GCC_541\Debug\ReactionGame.a(ErikaOS_common_ee_hal_structs.o)
 .ARM.attributes
                0x000002c9       0x33 .\CortexM3\ARM_GCC_541\Debug\ReactionGame.a(ErikaOS_eecfg.o)
 .ARM.attributes
                0x000002fc       0x33 .\CortexM3\ARM_GCC_541\Debug\ReactionGame.a(CyLib.o)
 .ARM.attributes
                0x0000032f       0x33 .\CortexM3\ARM_GCC_541\Debug\ReactionGame.a(cyPm.o)
 .ARM.attributes
                0x00000362       0x33 .\CortexM3\ARM_GCC_541\Debug\ReactionGame.a(UART_LOG.o)
 .ARM.attributes
                0x00000395       0x33 .\CortexM3\ARM_GCC_541\Debug\ReactionGame.a(UART_LOG_INT.o)
 .ARM.attributes
                0x000003c8       0x33 .\CortexM3\ARM_GCC_541\Debug\ReactionGame.a(UART_LOG_IntClock.o)
 .ARM.attributes
                0x000003fb       0x33 .\CortexM3\ARM_GCC_541\Debug\ReactionGame.a(BUTTON_2.o)
 .ARM.attributes
                0x0000042e       0x33 .\CortexM3\ARM_GCC_541\Debug\ReactionGame.a(BUTTON_1.o)
 .ARM.attributes
                0x00000461       0x33 .\CortexM3\ARM_GCC_541\Debug\ReactionGame.a(S7D_Select.o)
 .ARM.attributes
                0x00000494       0x33 .\CortexM3\ARM_GCC_541\Debug\ReactionGame.a(S7D_Display.o)
 .ARM.attributes
                0x000004c7       0x33 .\CortexM3\ARM_GCC_541\Debug\ReactionGame.a(S7D_ControlReg.o)
 .ARM.attributes
                0x000004fa       0x21 .\CortexM3\ARM_GCC_541\Debug\ReactionGame.a(ErikaOS_ee_gnu_change_context_isr.o)
 .ARM.attributes
                0x0000051b       0x21 .\CortexM3\ARM_GCC_541\Debug\ReactionGame.a(ErikaOS_ee_gnu_multi_context.o)
 .ARM.attributes
                0x0000053c       0x21 .\CortexM3\ARM_GCC_541\Debug\ReactionGame.a(ErikaOS_ee_gnu_oo.o)
 .ARM.attributes
                0x0000055d       0x21 .\CortexM3\ARM_GCC_541\Debug\ReactionGame.a(CyBootAsmGnu.o)
 .ARM.attributes
                0x0000057e       0x33 .\CortexM3\ARM_GCC_541\Debug\ReactionGame.a(ErikaOS_ee_irqendin.o)
 .ARM.attributes
                0x000005b1       0x33 .\CortexM3\ARM_GCC_541\Debug\ReactionGame.a(ErikaOS_ee_lookup.o)
 .ARM.attributes
                0x000005e4       0x33 .\CortexM3\ARM_GCC_541\Debug\ReactionGame.a(ErikaOS_ee_rq_exchg.o)
 .ARM.attributes
                0x00000617       0x33 .\CortexM3\ARM_GCC_541\Debug\ReactionGame.a(ErikaOS_ee_rq_first.o)
 .ARM.attributes
                0x0000064a       0x33 .\CortexM3\ARM_GCC_541\Debug\ReactionGame.a(ErikaOS_ee_rq_inser.o)
 .ARM.attributes
                0x0000067d       0x33 .\CortexM3\ARM_GCC_541\Debug\ReactionGame.a(ErikaOS_ee_tnterm.o)
 .ARM.attributes
                0x000006b0       0x33 .\CortexM3\ARM_GCC_541\Debug\ReactionGame.a(ErikaOS_ee_tstub.o)
 .ARM.attributes
                0x000006e3       0x33 .\CortexM3\ARM_GCC_541\Debug\ReactionGame.a(ErikaOS_cortex_mx_ee_context.o)
 .ARM.attributes
                0x00000716       0x33 .\CortexM3\ARM_GCC_541\Debug\ReactionGame.a(CyFlash.o)
 .ARM.attributes
                0x00000749       0x33 .\CortexM3\ARM_GCC_541\Debug\ReactionGame.a(CySpc.o)
 .ARM.attributes
                0x0000077c       0x33 .\CortexM3\ARM_GCC_541\Debug\ReactionGame.a(ErikaOS_ee_thendin.o)
 .ARM.attributes
                0x000007af       0x2d d:/installations/cypress/psoc creator/4.2/psoc creator/import/gnu/arm/5.4.1/bin/../lib/gcc/arm-none-eabi/5.4.1/../../../../arm-none-eabi/lib/armv7-m\libg_nano.a(lib_a-errno.o)
 .ARM.attributes
                0x000007dc       0x2d d:/installations/cypress/psoc creator/4.2/psoc creator/import/gnu/arm/5.4.1/bin/../lib/gcc/arm-none-eabi/5.4.1/../../../../arm-none-eabi/lib/armv7-m\libg_nano.a(lib_a-exit.o)
 .ARM.attributes
                0x00000809       0x2d d:/installations/cypress/psoc creator/4.2/psoc creator/import/gnu/arm/5.4.1/bin/../lib/gcc/arm-none-eabi/5.4.1/../../../../arm-none-eabi/lib/armv7-m\libg_nano.a(lib_a-impure.o)
 .ARM.attributes
                0x00000836       0x2d d:/installations/cypress/psoc creator/4.2/psoc creator/import/gnu/arm/5.4.1/bin/../lib/gcc/arm-none-eabi/5.4.1/../../../../arm-none-eabi/lib/armv7-m\libg_nano.a(lib_a-init.o)
 .ARM.attributes
                0x00000863       0x2d d:/installations/cypress/psoc creator/4.2/psoc creator/import/gnu/arm/5.4.1/bin/../lib/gcc/arm-none-eabi/5.4.1/../../../../arm-none-eabi/lib/armv7-m\libg_nano.a(lib_a-memcpy-stub.o)
 .ARM.attributes
                0x00000890       0x2d d:/installations/cypress/psoc creator/4.2/psoc creator/import/gnu/arm/5.4.1/bin/../lib/gcc/arm-none-eabi/5.4.1/../../../../arm-none-eabi/lib/armv7-m\libg_nano.a(lib_a-memset.o)
 .ARM.attributes
                0x000008bd       0x2d d:/installations/cypress/psoc creator/4.2/psoc creator/import/gnu/arm/5.4.1/bin/../lib/gcc/arm-none-eabi/5.4.1/armv7-m/crtend.o
 .ARM.attributes
                0x000008ea       0x1d d:/installations/cypress/psoc creator/4.2/psoc creator/import/gnu/arm/5.4.1/bin/../lib/gcc/arm-none-eabi/5.4.1/armv7-m/crtn.o

/DISCARD/
 *(.note.GNU-stack)
OUTPUT(D:\HDA\1_sem\Embedded System Design\Lab\Assignment_1\ReactionGame_OS\ReactionGame.cydsn\CortexM3\ARM_GCC_541\Debug\ReactionGame.elf elf32-littlearm)
